clean build: wiped sky130hd/d_dsp03_multifmt_fma (results, logs, objects, reports)
constraining to CLK_PERIOD_NS=45.0000 (SDC + synthesis)
OPENROAD: /OpenROAD-flow-scripts/tools/OpenROAD
mkdir -p results/sky130hd/d_dsp03_multifmt_fma/base/
echo 45000 > results/sky130hd/d_dsp03_multifmt_fma/base/clock_period.txt
/OpenROAD-flow-scripts/flow/scripts/synth.sh /OpenROAD-flow-scripts/flow/scripts/synth_canonicalize.tcl ./logs/sky130hd/d_dsp03_multifmt_fma/base/1_1_yosys_canonicalize.log
Using ABC speed script.
Extracting clock period from SDC file: ./results/sky130hd/d_dsp03_multifmt_fma/base/clock_period.txt
Setting clock period to 45000
1. Executing Liberty frontend: /OpenROAD-flow-scripts/flow/platforms/sky130hd/lib/sky130_fd_sc_hd__tt_025C_1v80.lib
2. Executing Liberty frontend: /OpenROAD-flow-scripts/flow/platforms/sky130hd/lib/sky130_fd_sc_hd__tt_025C_1v80.lib
3. Executing SLANG frontend.
3.1. Executing PROC_CLEAN pass (remove empty switches from decision trees).
3.2. Executing TRIBUF pass.
3.3. Executing PROC_RMDEAD pass (remove dead branches from decision trees).
3.4. Executing PROC_PRUNE pass (remove redundant assignments in processes).
3.5. Executing PROC_INIT pass (extract init attributes).
3.6. Executing PROC_ROM pass (convert switches to ROMs).
3.7. Executing PROC_MUX pass (convert decision trees to multiplexers).
3.8. Executing PROC_CLEAN pass (remove empty switches from decision trees).
3.9. Executing OPT_EXPR pass (perform const folding).
4. Executing HIERARCHY pass (managing design hierarchy).
4.1. Analyzing design hierarchy..
4.2. Analyzing design hierarchy..
5. Executing OPT_CLEAN pass (remove unused cells and wires).
6. Executing RTLIL backend.
End of script. Logfile hash: ab1b3ad570, time: 0.69s, user: 0.59s, system: 0.04s, MEM: 91.50 MB peak
Yosys 0.68+post (git sha1 UNKNOWN, Release, GNU /usr/local/bin/wrapped-cc/g++ 11.4.0)
Time spent: 53% 2x read_slang (0 sec), 18% 4x read_liberty (0 sec), ...
Elapsed time: 0:00.76[h:]min:sec. CPU time: user 0.68 sys 0.05 (97%). Peak memory: 97592KB.
Log                       Ext     Elapsed/s Peak Memory/MB sha1sum result [0:20)
1_1_yosys_canonicalize    .rtlil          0             95 b3a63c3fd5704aa92097
/OpenROAD-flow-scripts/flow/scripts/synth.sh /OpenROAD-flow-scripts/flow/scripts/synth.tcl ./logs/sky130hd/d_dsp03_multifmt_fma/base/1_2_yosys.log
Using ABC speed script.
Extracting clock period from SDC file: ./results/sky130hd/d_dsp03_multifmt_fma/base/clock_period.txt
Setting clock period to 45000
1. Executing RTLIL frontend.
2. Executing HIERARCHY pass (managing design hierarchy).
2.1. Analyzing design hierarchy..
2.2. Analyzing design hierarchy..
3. Executing SYNTH pass.
3.1. Executing HIERARCHY pass (managing design hierarchy).
3.1.1. Analyzing design hierarchy..
3.1.2. Analyzing design hierarchy..
3.2. Executing PROC pass (convert processes to netlists).
3.2.1. Executing PROC_CLEAN pass (remove empty switches from decision trees).
3.2.2. Executing PROC_RMDEAD pass (remove dead branches from decision trees).
3.2.3. Executing PROC_PRUNE pass (remove redundant assignments in processes).
3.2.4. Executing PROC_INIT pass (extract init attributes).
3.2.5. Executing PROC_ARST pass (detect async resets in processes).
3.2.6. Executing PROC_ROM pass (convert switches to ROMs).
3.2.7. Executing PROC_MUX pass (convert decision trees to multiplexers).
3.2.8. Executing PROC_DLATCH pass (convert process syncs to latches).
3.2.9. Executing PROC_DFF pass (convert process syncs to FFs).
3.2.10. Executing PROC_MEMWR pass (convert process memory writes to cells).
3.2.11. Executing PROC_CLEAN pass (remove empty switches from decision trees).
3.2.12. Executing OPT_EXPR pass (perform const folding).
3.3. Executing CHECK pass (checking for obvious problems).
3.4. Executing FLATTEN pass (flatten design).
3.5. Executing OPT_EXPR pass (perform const folding).
3.6. Executing OPT_CLEAN pass (remove unused cells and wires).
3.7. Executing CHECK pass (checking for obvious problems).
3.8. Executing OPT pass (performing simple optimizations).
3.8.1. Executing OPT_EXPR pass (perform const folding).
3.8.2. Executing OPT_MERGE pass (detect identical cells).
3.8.3. Executing OPT_MUXTREE pass (detect dead branches in mux trees).
3.8.4. Executing OPT_REDUCE pass (consolidate $*mux and $reduce_* inputs).
3.8.5. Executing OPT_MERGE pass (detect identical cells).
3.8.6. Executing OPT_DFF pass (perform DFF optimizations).
3.8.7. Executing OPT_CLEAN pass (remove unused cells and wires).
3.8.8. Executing OPT_EXPR pass (perform const folding).
3.8.9. Rerunning OPT passes. (Maybe there is more to do..)
3.8.10. Executing OPT_MUXTREE pass (detect dead branches in mux trees).
3.8.11. Executing OPT_REDUCE pass (consolidate $*mux and $reduce_* inputs).
3.8.12. Executing OPT_MERGE pass (detect identical cells).
3.8.13. Executing OPT_DFF pass (perform DFF optimizations).
3.8.14. Executing OPT_CLEAN pass (remove unused cells and wires).
3.8.15. Executing OPT_EXPR pass (perform const folding).
3.8.16. Finished fast OPT passes. (There is nothing left to do.)
3.9. Executing FSM pass (extract and optimize FSM).
3.9.1. Executing FSM_DETECT pass (finding FSMs in design).
3.9.2. Executing FSM_EXTRACT pass (extracting FSM from design).
3.9.3. Executing FSM_OPT pass (simple optimizations of FSMs).
3.9.4. Executing OPT_CLEAN pass (remove unused cells and wires).
3.9.5. Executing FSM_OPT pass (simple optimizations of FSMs).
3.9.6. Executing FSM_RECODE pass (re-assigning FSM state encoding).
3.9.7. Executing FSM_INFO pass (dumping all available information on FSM cells).
3.9.8. Executing FSM_MAP pass (mapping FSMs to basic logic).
3.10. Executing OPT pass (performing simple optimizations).
3.10.1. Executing OPT_EXPR pass (perform const folding).
3.10.2. Executing OPT_MERGE pass (detect identical cells).
3.10.3. Executing OPT_MUXTREE pass (detect dead branches in mux trees).
3.10.4. Executing OPT_REDUCE pass (consolidate $*mux and $reduce_* inputs).
3.10.5. Executing OPT_MERGE pass (detect identical cells).
3.10.6. Executing OPT_DFF pass (perform DFF optimizations).
3.10.7. Executing OPT_CLEAN pass (remove unused cells and wires).
3.10.8. Executing OPT_EXPR pass (perform const folding).
3.10.9. Finished fast OPT passes. (There is nothing left to do.)
3.11. Executing WREDUCE pass (reducing word size of cells).
3.12. Executing PEEPOPT pass (run peephole optimizers).
3.13. Executing OPT_CLEAN pass (remove unused cells and wires).
3.14. Executing ALUMACC pass (create $alu and $macc cells).
3.15. Executing SHARE pass (SAT-based resource sharing).
3.16. Executing OPT pass (performing simple optimizations).
3.16.1. Executing OPT_EXPR pass (perform const folding).
3.16.2. Executing OPT_MERGE pass (detect identical cells).
3.16.3. Executing OPT_MUXTREE pass (detect dead branches in mux trees).
3.16.4. Executing OPT_REDUCE pass (consolidate $*mux and $reduce_* inputs).
3.16.5. Executing OPT_MERGE pass (detect identical cells).
3.16.6. Executing OPT_DFF pass (perform DFF optimizations).
3.16.7. Executing OPT_CLEAN pass (remove unused cells and wires).
3.16.8. Executing OPT_EXPR pass (perform const folding).
3.16.9. Rerunning OPT passes. (Maybe there is more to do..)
3.16.10. Executing OPT_MUXTREE pass (detect dead branches in mux trees).
3.16.11. Executing OPT_REDUCE pass (consolidate $*mux and $reduce_* inputs).
3.16.12. Executing OPT_MERGE pass (detect identical cells).
3.16.13. Executing OPT_DFF pass (perform DFF optimizations).
3.16.14. Executing OPT_CLEAN pass (remove unused cells and wires).
3.16.15. Executing OPT_EXPR pass (perform const folding).
3.16.16. Finished fast OPT passes. (There is nothing left to do.)
3.17. Executing MEMORY pass.
3.17.1. Executing OPT_MEM pass (optimize memories).
3.17.2. Executing OPT_MEM_PRIORITY pass (removing unnecessary memory write priority relations).
3.17.3. Executing OPT_MEM_FEEDBACK pass (finding memory read-to-write feedback paths).
3.17.4. Executing MEMORY_BMUX2ROM pass (converting muxes to ROMs).
3.17.5. Executing MEMORY_DFF pass (merging $dff cells to $memrd).
3.17.6. Executing OPT_CLEAN pass (remove unused cells and wires).
3.17.7. Executing MEMORY_SHARE pass (consolidating $memrd/$memwr cells).
3.17.8. Executing OPT_MEM_WIDEN pass (optimize memories where all ports are wide).
3.17.9. Executing OPT_CLEAN pass (remove unused cells and wires).
3.17.10. Executing MEMORY_COLLECT pass (generating $mem cells).
3.18. Executing OPT_CLEAN pass (remove unused cells and wires).
4. Executing SYNTH pass.
4.1. Executing OPT pass (performing simple optimizations).
4.1.1. Executing OPT_EXPR pass (perform const folding).
4.1.2. Executing OPT_MERGE pass (detect identical cells).
4.1.3. Executing OPT_DFF pass (perform DFF optimizations).
4.1.4. Executing OPT_CLEAN pass (remove unused cells and wires).
4.1.5. Finished fast OPT passes.
4.2. Executing MEMORY_MAP pass (converting memories to logic and flip-flops).
4.3. Executing OPT pass (performing simple optimizations).
4.3.1. Executing OPT_EXPR pass (perform const folding).
4.3.2. Executing OPT_MERGE pass (detect identical cells).
4.3.3. Executing OPT_MUXTREE pass (detect dead branches in mux trees).
4.3.4. Executing OPT_REDUCE pass (consolidate $*mux and $reduce_* inputs).
4.3.5. Executing OPT_MERGE pass (detect identical cells).
4.3.6. Executing OPT_SHARE pass.
4.3.7. Executing OPT_DFF pass (perform DFF optimizations).
4.3.8. Executing OPT_CLEAN pass (remove unused cells and wires).
4.3.9. Executing OPT_EXPR pass (perform const folding).
4.3.10. Rerunning OPT passes. (Maybe there is more to do..)
4.3.11. Executing OPT_MUXTREE pass (detect dead branches in mux trees).
4.3.12. Executing OPT_REDUCE pass (consolidate $*mux and $reduce_* inputs).
4.3.13. Executing OPT_MERGE pass (detect identical cells).
4.3.14. Executing OPT_SHARE pass.
4.3.15. Executing OPT_DFF pass (perform DFF optimizations).
4.3.16. Executing OPT_CLEAN pass (remove unused cells and wires).
4.3.17. Executing OPT_EXPR pass (perform const folding).
4.3.18. Rerunning OPT passes. (Maybe there is more to do..)
4.3.19. Executing OPT_MUXTREE pass (detect dead branches in mux trees).
4.3.20. Executing OPT_REDUCE pass (consolidate $*mux and $reduce_* inputs).
4.3.21. Executing OPT_MERGE pass (detect identical cells).
4.3.22. Executing OPT_SHARE pass.
4.3.23. Executing OPT_DFF pass (perform DFF optimizations).
4.3.24. Executing OPT_CLEAN pass (remove unused cells and wires).
4.3.25. Executing OPT_EXPR pass (perform const folding).
4.3.26. Rerunning OPT passes. (Maybe there is more to do..)
4.3.27. Executing OPT_MUXTREE pass (detect dead branches in mux trees).
4.3.28. Executing OPT_REDUCE pass (consolidate $*mux and $reduce_* inputs).
4.3.29. Executing OPT_MERGE pass (detect identical cells).
4.3.30. Executing OPT_SHARE pass.
4.3.31. Executing OPT_DFF pass (perform DFF optimizations).
4.3.32. Executing OPT_CLEAN pass (remove unused cells and wires).
4.3.33. Executing OPT_EXPR pass (perform const folding).
4.3.34. Finished fast OPT passes. (There is nothing left to do.)
4.4. Executing TECHMAP pass (map to technology primitives).
4.4.1. Executing Verilog-2005 frontend: /OpenROAD-flow-scripts/tools/install/yosys/bin/../share/yosys/techmap.v
4.4.2. Executing Verilog-2005 frontend: /OpenROAD-flow-scripts/flow/platforms/common/lcu_kogge_stone.v
4.4.3. Continuing TECHMAP pass.
4.4.87. Executing OPT_MUXTREE pass (detect dead branches in mux trees).
4.4.88. Executing OPT_EXPR pass (perform const folding).
4.5. Executing OPT pass (performing simple optimizations).
4.5.1. Executing OPT_EXPR pass (perform const folding).
4.5.2. Executing OPT_MERGE pass (detect identical cells).
4.5.3. Executing OPT_DFF pass (perform DFF optimizations).
4.5.4. Executing OPT_CLEAN pass (remove unused cells and wires).
4.5.5. Finished fast OPT passes.
4.6. Executing HIERARCHY pass (managing design hierarchy).
4.6.1. Analyzing design hierarchy..
4.6.2. Analyzing design hierarchy..
4.7. Printing statistics.
4.8. Executing CHECK pass (checking for obvious problems).
5. Executing OPT pass (performing simple optimizations).
5.1. Executing OPT_EXPR pass (perform const folding).
5.2. Executing OPT_MERGE pass (detect identical cells).
5.3. Executing OPT_MUXTREE pass (detect dead branches in mux trees).
5.4. Executing OPT_REDUCE pass (consolidate $*mux and $reduce_* inputs).
5.5. Executing OPT_MERGE pass (detect identical cells).
5.6. Executing OPT_DFF pass (perform DFF optimizations).
5.7. Executing OPT_CLEAN pass (remove unused cells and wires).
5.8. Executing OPT_EXPR pass (perform const folding).
5.9. Rerunning OPT passes. (Maybe there is more to do..)
5.10. Executing OPT_MUXTREE pass (detect dead branches in mux trees).
5.11. Executing OPT_REDUCE pass (consolidate $*mux and $reduce_* inputs).
5.12. Executing OPT_MERGE pass (detect identical cells).
5.13. Executing OPT_DFF pass (perform DFF optimizations).
5.14. Executing OPT_CLEAN pass (remove unused cells and wires).
5.15. Executing OPT_EXPR pass (perform const folding).
5.16. Finished fast OPT passes. (There is nothing left to do.)
6. Executing EXTRACT_FA pass (find and extract full/half adders).
7. Executing TECHMAP pass (map to technology primitives).
7.1. Executing Verilog-2005 frontend: /OpenROAD-flow-scripts/flow/platforms/sky130hd/cells_adders_hd.v
7.2. Continuing TECHMAP pass.
8. Executing TECHMAP pass (map to technology primitives).
8.1. Executing Verilog-2005 frontend: /OpenROAD-flow-scripts/tools/install/yosys/bin/../share/yosys/techmap.v
8.2. Continuing TECHMAP pass.
9. Executing OPT pass (performing simple optimizations).
9.1. Executing OPT_EXPR pass (perform const folding).
9.2. Executing OPT_MERGE pass (detect identical cells).
9.3. Executing OPT_DFF pass (perform DFF optimizations).
9.4. Executing OPT_CLEAN pass (remove unused cells and wires).
9.5. Finished fast OPT passes.
10. Executing DFFLEGALIZE pass (convert FFs to types supported by the target).
11. Executing TECHMAP pass (map to technology primitives).
11.1. Executing Verilog-2005 frontend: /OpenROAD-flow-scripts/flow/platforms/sky130hd/cells_latch_hd.v
11.2. Continuing TECHMAP pass.
12. Executing DFFLIBMAP pass (mapping DFF cells to sequential cells from liberty file).
12.1. Executing DFFLEGALIZE pass (convert FFs to types supported by the target).
13. Executing OPT pass (performing simple optimizations).
13.1. Executing OPT_EXPR pass (perform const folding).
13.2. Executing OPT_MERGE pass (detect identical cells).
13.3. Executing OPT_MUXTREE pass (detect dead branches in mux trees).
13.4. Executing OPT_REDUCE pass (consolidate $*mux and $reduce_* inputs).
13.5. Executing OPT_MERGE pass (detect identical cells).
13.6. Executing OPT_DFF pass (perform DFF optimizations).
13.7. Executing OPT_CLEAN pass (remove unused cells and wires).
13.8. Executing OPT_EXPR pass (perform const folding).
13.9. Finished fast OPT passes. (There is nothing left to do.)
14. Executing SETUNDEF pass (replace undef values with defined constants).
abc -script /OpenROAD-flow-scripts/flow/scripts/abc_speed.script -liberty /OpenROAD-flow-scripts/flow/platforms/sky130hd/lib/sky130_fd_sc_hd__tt_025C_1v80.lib -dont_use sky130_fd_sc_hd__probe_p_8 -dont_use sky130_fd_sc_hd__probec_p_8 -dont_use sky130_fd_sc_hd__lpflow_bleeder_1 -dont_use sky130_fd_sc_hd__lpflow_clkbufkapwr_1 -dont_use sky130_fd_sc_hd__lpflow_clkbufkapwr_16 -dont_use sky130_fd_sc_hd__lpflow_clkbufkapwr_2 -dont_use sky130_fd_sc_hd__lpflow_clkbufkapwr_4 -dont_use sky130_fd_sc_hd__lpflow_clkbufkapwr_8 -dont_use sky130_fd_sc_hd__lpflow_clkinvkapwr_1 -dont_use sky130_fd_sc_hd__lpflow_clkinvkapwr_16 -dont_use sky130_fd_sc_hd__lpflow_clkinvkapwr_2 -dont_use sky130_fd_sc_hd__lpflow_clkinvkapwr_4 -dont_use sky130_fd_sc_hd__lpflow_clkinvkapwr_8 -dont_use sky130_fd_sc_hd__lpflow_decapkapwr_12 -dont_use sky130_fd_sc_hd__lpflow_decapkapwr_3 -dont_use sky130_fd_sc_hd__lpflow_decapkapwr_4 -dont_use sky130_fd_sc_hd__lpflow_decapkapwr_6 -dont_use sky130_fd_sc_hd__lpflow_decapkapwr_8 -dont_use sky130_fd_sc_hd__lpflow_inputiso0n_1 -dont_use sky130_fd_sc_hd__lpflow_inputiso0p_1 -dont_use sky130_fd_sc_hd__lpflow_inputiso1n_1 -dont_use sky130_fd_sc_hd__lpflow_inputiso1p_1 -dont_use sky130_fd_sc_hd__lpflow_inputisolatch_1 -dont_use sky130_fd_sc_hd__lpflow_isobufsrc_1 -dont_use sky130_fd_sc_hd__lpflow_isobufsrc_16 -dont_use sky130_fd_sc_hd__lpflow_isobufsrc_2 -dont_use sky130_fd_sc_hd__lpflow_isobufsrc_4 -dont_use sky130_fd_sc_hd__lpflow_isobufsrc_8 -dont_use sky130_fd_sc_hd__lpflow_isobufsrckapwr_16 -dont_use sky130_fd_sc_hd__lpflow_lsbuf_lh_hl_isowell_tap_1 -dont_use sky130_fd_sc_hd__lpflow_lsbuf_lh_hl_isowell_tap_2 -dont_use sky130_fd_sc_hd__lpflow_lsbuf_lh_hl_isowell_tap_4 -dont_use sky130_fd_sc_hd__lpflow_lsbuf_lh_isowell_4 -dont_use sky130_fd_sc_hd__lpflow_lsbuf_lh_isowell_tap_1 -dont_use sky130_fd_sc_hd__lpflow_lsbuf_lh_isowell_tap_2 -dont_use sky130_fd_sc_hd__lpflow_lsbuf_lh_isowell_tap_4 -constr ./objects/sky130hd/d_dsp03_multifmt_fma/base/abc.constr -D 45000
15. Executing ABC pass (technology mapping using ABC).
15.1. Extracting gate netlist of module `\fp_multifmt_fma' to `<abc-temp-dir>/input.blif'..
15.1.1. Executed ABC.
15.1.2. Re-integrating ABC results.
Took 45 seconds: abc -script /OpenROAD-flow-scripts/flow/scripts/abc_speed.script -liberty /OpenROAD-flow-scripts/flow/platforms/sky130hd/lib/sky130_fd_sc_hd__tt_025C_1v80.lib -dont_use sky130_fd_sc_hd__probe_p_8 -dont_use sky130_fd_sc_hd__probec_p_8 -dont_use sky130_fd_sc_hd__lpflow_bleeder_1 -dont_use sky130_fd_sc_hd__lpflow_clkbufkapwr_1 -dont_use sky130_fd_sc_hd__lpflow_clkbufkapwr_16 -dont_use sky130_fd_sc_hd__lpflow_clkbufkapwr_2 -dont_use sky130_fd_sc_hd__lpflow_clkbufkapwr_4 -dont_use sky130_fd_sc_hd__lpflow_clkbufkapwr_8 -dont_use sky130_fd_sc_hd__lpflow_clkinvkapwr_1 -dont_use sky130_fd_sc_hd__lpflow_clkinvkapwr_16 -dont_use sky130_fd_sc_hd__lpflow_clkinvkapwr_2 -dont_use sky130_fd_sc_hd__lpflow_clkinvkapwr_4 -dont_use sky130_fd_sc_hd__lpflow_clkinvkapwr_8 -dont_use sky130_fd_sc_hd__lpflow_decapkapwr_12 -dont_use sky130_fd_sc_hd__lpflow_decapkapwr_3 -dont_use sky130_fd_sc_hd__lpflow_decapkapwr_4 -dont_use sky130_fd_sc_hd__lpflow_decapkapwr_6 -dont_use sky130_fd_sc_hd__lpflow_decapkapwr_8 -dont_use sky130_fd_sc_hd__lpflow_inputiso0n_1 -dont_use sky130_fd_sc_hd__lpflow_inputiso0p_1 -dont_use sky130_fd_sc_hd__lpflow_inputiso1n_1 -dont_use sky130_fd_sc_hd__lpflow_inputiso1p_1 -dont_use sky130_fd_sc_hd__lpflow_inputisolatch_1 -dont_use sky130_fd_sc_hd__lpflow_isobufsrc_1 -dont_use sky130_fd_sc_hd__lpflow_isobufsrc_16 -dont_use sky130_fd_sc_hd__lpflow_isobufsrc_2 -dont_use sky130_fd_sc_hd__lpflow_isobufsrc_4 -dont_use sky130_fd_sc_hd__lpflow_isobufsrc_8 -dont_use sky130_fd_sc_hd__lpflow_isobufsrckapwr_16 -dont_use sky130_fd_sc_hd__lpflow_lsbuf_lh_hl_isowell_tap_1 -dont_use sky130_fd_sc_hd__lpflow_lsbuf_lh_hl_isowell_tap_2 -dont_use sky130_fd_sc_hd__lpflow_lsbuf_lh_hl_isowell_tap_4 -dont_use sky130_fd_sc_hd__lpflow_lsbuf_lh_isowell_4 -dont_use sky130_fd_sc_hd__lpflow_lsbuf_lh_isowell_tap_1 -dont_use sky130_fd_sc_hd__lpflow_lsbuf_lh_isowell_tap_2 -dont_use sky130_fd_sc_hd__lpflow_lsbuf_lh_isowell_tap_4 -constr ./objects/sky130hd/d_dsp03_multifmt_fma/base/abc.constr -D 45000
16. Executing SPLITNETS pass (splitting up multi-bit signals).
17. Executing OPT_CLEAN pass (remove unused cells and wires).
18. Executing HILOMAP pass (mapping to constant drivers).
19. Executing INSBUF pass (insert buffer cells for connected wires).
20. Executing CHECK pass (checking for obvious problems).
21. Printing statistics.
22. Executing CHECK pass (checking for obvious problems).
23. Executing Verilog backend.
23.1. Executing BMUXMAP pass.
23.2. Executing DEMUXMAP pass.
End of script. Logfile hash: 5b60fbca21, time: 95.55s, user: 51.48s, system: 0.26s, MEM: 245.11 MB peak
Yosys 0.68+post (git sha1 UNKNOWN, Release, GNU /usr/local/bin/wrapped-cc/g++ 11.4.0)
Time spent: 46% 1x abc (45 sec), 42% 1x extract_fa (41 sec), ...
Elapsed time: 1:35.66[h:]min:sec. CPU time: user 96.30 sys 0.35 (101%). Peak memory: 252748KB.
Log                       Ext     Elapsed/s Peak Memory/MB sha1sum result [0:20)
1_2_yosys                 .v             95            246 a1250e3ed55912f57568
cp /work/domains/dsp/design/d_dsp03_multifmt_fma/orfs/constraint.sdc ./results/sky130hd/d_dsp03_multifmt_fma/base/1_2_yosys.sdc
OpenROAD 26Q3-1080-gab6fd26351 
Features included (+) or not (-): +GPU +GUI +Python
This program is licensed under the BSD-3 license. See the LICENSE file for details.
Components of this program may be licensed under more restrictive licenses which must be honored.
[INFO ORD-0030] Using 10 thread(s).
mkdir -p ./objects/sky130hd/d_dsp03_multifmt_fma/base
/OpenROAD-flow-scripts/flow/scripts/flow.sh 1_synth synth_odb
Running synth_odb.tcl, stage 1_synth
read_liberty /OpenROAD-flow-scripts/flow/platforms/sky130hd/lib/sky130_fd_sc_hd__tt_025C_1v80.lib
[INFO ODB-0227] LEF file: /OpenROAD-flow-scripts/flow/platforms/sky130hd/lef/sky130_fd_sc_hd.tlef, created 13 layers, 25 vias
[INFO ODB-0227] LEF file: /OpenROAD-flow-scripts/flow/platforms/sky130hd/lef/sky130_fd_sc_hd_merged.lef, created 441 library cells
link_design fp_multifmt_fma
read_sdc ./results/sky130hd/d_dsp03_multifmt_fma/base/1_2_yosys.sdc
source /OpenROAD-flow-scripts/flow/platforms/sky130hd/setRC.tcl
eliminate_dead_logic
Removed 0 unused instances and 0 unused nets.
Design area 150130 um^2 100% utilization.
write_db ./results/sky130hd/d_dsp03_multifmt_fma/base/1_synth.odb
write_sdc -no_timestamp ./results/sky130hd/d_dsp03_multifmt_fma/base/1_synth.sdc
Elapsed time: 0:01.22[h:]min:sec. CPU time: user 1.09 sys 0.07 (94%). Peak memory: 202228KB.
Log                       Ext     Elapsed/s Peak Memory/MB sha1sum result [0:20)
1_synth                   .odb            1            197 8ef6ca5acd5168dd5e94
1_synth                   .sdc                             07e86d2da13ecc565ba4
/OpenROAD-flow-scripts/flow/scripts/flow.sh 2_1_floorplan floorplan
Running floorplan.tcl, stage 2_1_floorplan
read_liberty /OpenROAD-flow-scripts/flow/platforms/sky130hd/lib/sky130_fd_sc_hd__tt_025C_1v80.lib
read_db ./results/sky130hd/d_dsp03_multifmt_fma/base/1_synth.odb
read_sdc ./results/sky130hd/d_dsp03_multifmt_fma/base/1_synth.sdc
source /OpenROAD-flow-scripts/flow/platforms/sky130hd/setRC.tcl
Master sky130_ef_sc_hd__decap_12 is loaded but not used in the design

==========================================================================
Floorplan check_setup
--------------------------------------------------------------------------
number instances in verilog is 20524
[INFO IFP-0107] Defining die area using utilization: 10.00% and aspect ratio: 1.
[WARNING IFP-0028] Core area lower left (1.000, 1.000) snapped to (1.380, 2.720).
[INFO IFP-0001] Added 449 rows of 2662 site unithd.
[INFO IFP-0100] Die BBox:  (  0.000  0.000 ) ( 1227.275 1227.275 ) um
[INFO IFP-0101] Core BBox: (  1.380  2.720 ) ( 1225.900 1224.000 ) um
[INFO IFP-0102] Core area:                      1495481.786 um^2
[INFO IFP-0103] Total instances area:            150130.237 um^2
[INFO IFP-0104] Effective utilization:                0.100
[INFO IFP-0105] Number of instances:                  20524
source /OpenROAD-flow-scripts/flow/platforms/sky130hd/make_tracks.tcl
source /OpenROAD-flow-scripts/flow/platforms/sky130hd/fastroute.tcl
Repair tie lo fanout...
[INFO RSZ-0042] Inserted 10 tie sky130_fd_sc_hd__conb_1 instances.
Repair tie hi fanout...
[INFO RSZ-0042] Inserted 90 tie sky130_fd_sc_hd__conb_1 instances.
repair_timing -setup_margin 0 -hold_margin 0 -repair_tns 100 -match_cell_footprint -setup -skip_last_gasp -sequence unbuffer,sizeup,swap,vt_swap -verbose
[WARNING EST-0027] no estimated parasitics. Using wire load models.
[INFO RSZ-0100] Repair move sequence: UnbufferMove SizeUpMove SwapPinsMove 
[INFO RSZ-0094] Found 67 endpoints with setup violations.
[INFO RSZ-0099] Repairing 67 out of 67 (100.00%) violating endpoints...
   Iter   | Removed | Resized | Inserted | Cloned |  Pin  |   Area   |    WNS   |   StTNS    |   EnTNS    |  Viol  |  Worst  
          | Buffers |  Gates  | Buffers  |  Gates | Swaps |          |          |            |            | Endpts | St/EnPt 
------------------------------------------------------------------------------------------------------------------------------
       0* |       0 |       0 |        0 |      0 |     0 |    +0.0% |   -8.576 |     -319.5 |     -506.9 |     67 | flags_o[1]
      10* |       0 |       8 |        0 |      0 |     1 |    +0.0% |   -7.402 |     -145.7 |     -448.0 |     67 | flags_o[0]
      20* |       0 |      18 |        0 |      0 |     1 |    +0.1% |   -6.656 |      -68.5 |     -403.8 |     67 | flags_o[0]
      30* |       0 |      27 |        0 |      0 |     2 |    +0.1% |   -6.437 |      -53.4 |     -395.5 |     67 | flags_o[0]
      40* |       0 |      37 |        0 |      0 |     2 |    +0.1% |   -5.672 |      -31.2 |     -342.7 |     67 | flags_o[0]
      50* |       0 |      47 |        0 |      0 |     2 |    +0.1% |   -5.388 |      -23.4 |     -323.9 |     67 | flags_o[0]
      60* |       0 |      57 |        0 |      0 |     2 |    +0.1% |   -4.822 |      -20.7 |     -289.1 |     67 | flags_o[0]
      70* |       0 |      65 |        0 |      0 |     4 |    +0.1% |   -4.660 |      -19.3 |     -279.4 |     67 | flags_o[0]
      80* |       0 |      74 |        0 |      0 |     5 |    +0.2% |   -4.554 |      -18.8 |     -268.5 |     67 | flags_o[0]
      90* |       0 |      81 |        0 |      0 |     8 |    +0.2% |   -4.211 |      -17.5 |     -242.5 |     67 | flags_o[0]
     100* |       0 |      89 |        0 |      0 |    10 |    +0.2% |   -4.012 |      -17.2 |     -234.8 |     67 | flags_o[0]
     110* |       0 |      97 |        0 |      0 |    12 |    +0.2% |   -3.926 |      -17.0 |     -226.7 |     67 | flags_o[0]
     120* |       0 |     105 |        0 |      0 |    14 |    +0.2% |   -3.825 |      -16.9 |     -223.2 |     67 | flags_o[0]
     130* |       0 |     112 |        0 |      0 |    17 |    +0.2% |   -3.745 |      -16.7 |     -217.4 |     67 | flags_o[0]
     140* |       0 |     121 |        0 |      0 |    18 |    +0.3% |   -3.571 |      -16.4 |     -206.5 |     67 | flags_o[0]
     150* |       0 |     125 |        0 |      0 |    24 |    +0.3% |   -3.419 |      -16.1 |     -196.2 |     67 | flags_o[1]
     160* |       0 |     134 |        0 |      0 |    25 |    +0.3% |   -3.304 |      -15.8 |     -188.5 |     67 | flags_o[1]
     170* |       0 |     142 |        0 |      0 |    27 |    +0.3% |   -3.218 |      -15.7 |     -181.8 |     67 | flags_o[0]
     180* |       0 |     149 |        0 |      0 |    30 |    +0.3% |   -3.148 |      -15.6 |     -177.3 |     67 | flags_o[0]
     190* |       0 |     156 |        0 |      0 |    33 |    +0.3% |   -3.071 |      -15.4 |     -172.7 |     67 | flags_o[0]
     200* |       0 |     164 |        0 |      0 |    35 |    +0.3% |   -2.937 |      -15.1 |     -164.0 |     67 | flags_o[0]
     210* |       0 |     171 |        0 |      0 |    38 |    +0.4% |   -2.815 |      -14.9 |     -156.8 |     67 | flags_o[1]
     220* |       0 |     176 |        0 |      0 |    43 |    +0.4% |   -2.721 |      -14.7 |     -151.5 |     67 | flags_o[0]
     230* |       0 |     180 |        0 |      0 |    49 |    +0.4% |   -2.675 |      -14.6 |     -148.4 |     67 | flags_o[0]
     240* |       0 |     183 |        0 |      0 |    56 |    +0.4% |   -2.617 |      -14.5 |     -145.6 |     67 | flags_o[0]
     250* |       0 |     190 |        0 |      0 |    59 |    +0.4% |   -2.569 |      -14.3 |     -142.0 |     67 | flags_o[0]
     260* |       0 |     199 |        0 |      0 |    60 |    +0.4% |   -2.484 |      -14.1 |     -134.9 |     67 | flags_o[1]
     270* |       0 |     206 |        0 |      0 |    63 |    +0.4% |   -2.432 |      -14.0 |     -132.0 |     67 | flags_o[0]
     280* |       0 |     211 |        0 |      0 |    68 |    +0.4% |   -2.390 |      -14.0 |     -130.2 |     67 | flags_o[0]
     290* |       0 |     217 |        0 |      0 |    72 |    +0.5% |   -2.355 |      -13.9 |     -127.2 |     67 | flags_o[1]
     300* |       0 |     221 |        0 |      0 |    78 |    +0.5% |   -2.307 |      -13.8 |     -125.4 |     67 | flags_o[0]
     310* |       0 |     225 |        0 |      0 |    84 |    +0.5% |   -2.284 |      -13.7 |     -122.2 |     67 | flags_o[0]
     320* |       0 |     232 |        0 |      0 |    87 |    +0.5% |   -2.271 |      -13.7 |     -122.1 |     67 | flags_o[0]
     330* |       0 |     238 |        0 |      0 |    91 |    +0.5% |   -2.192 |      -13.6 |     -118.5 |     67 | flags_o[0]
     340* |       0 |     244 |        0 |      0 |    95 |    +0.5% |   -2.159 |      -13.5 |     -116.1 |     67 | flags_o[0]
     350* |       0 |     248 |        0 |      0 |   101 |    +0.5% |   -2.123 |      -13.4 |     -113.1 |     67 | flags_o[0]
     360* |       0 |     255 |        0 |      0 |   104 |    +0.5% |   -2.036 |      -13.3 |     -107.5 |     67 | flags_o[0]
     370* |       0 |     261 |        0 |      0 |   108 |    +0.5% |   -2.010 |      -13.3 |     -106.5 |     67 | flags_o[0]
     380* |       0 |     268 |        0 |      0 |   111 |    +0.6% |   -1.942 |      -13.1 |     -101.8 |     67 | flags_o[0]
     390* |       0 |     276 |        0 |      0 |   113 |    +0.6% |   -1.884 |      -13.0 |      -98.1 |     67 | flags_o[0]
     400* |       0 |     284 |        0 |      0 |   115 |    +0.6% |   -1.825 |      -12.9 |      -93.8 |     67 | flags_o[0]
     410* |       0 |     291 |        0 |      0 |   118 |    +0.6% |   -1.842 |      -12.9 |      -94.0 |     67 | flags_o[0]
     420* |       0 |     298 |        0 |      0 |   121 |    +0.7% |   -1.787 |      -12.8 |      -91.9 |     67 | flags_o[0]
     430* |       0 |     307 |        0 |      0 |   122 |    +0.7% |   -1.719 |      -12.7 |      -87.4 |     67 | flags_o[0]
     440* |       0 |     314 |        0 |      0 |   125 |    +0.7% |   -1.785 |      -12.8 |      -89.4 |     67 | flags_o[0]
     450* |       0 |     320 |        0 |      0 |   129 |    +0.7% |   -1.702 |      -12.7 |      -86.4 |     67 | flags_o[0]
     460* |       0 |     325 |        0 |      0 |   134 |    +0.7% |   -1.826 |      -12.8 |      -90.5 |     67 | flags_o[0]
     470* |       0 |     334 |        0 |      0 |   135 |    +0.7% |   -1.683 |      -12.6 |      -84.7 |     67 | flags_o[1]
     480* |       0 |     343 |        0 |      0 |   136 |    +0.8% |   -1.560 |      -12.4 |      -76.6 |     67 | flags_o[0]
     490* |       0 |     348 |        0 |      0 |   141 |    +0.8% |   -1.543 |      -12.4 |      -75.4 |     67 | flags_o[0]
     500* |       0 |     354 |        0 |      0 |   145 |    +0.8% |   -1.488 |      -12.3 |      -72.8 |     67 | flags_o[0]
     510* |       0 |     360 |        0 |      0 |   149 |    +0.8% |   -1.478 |      -12.2 |      -71.5 |     67 | flags_o[0]
     520* |       0 |     367 |        0 |      0 |   152 |    +0.8% |   -1.430 |      -12.1 |      -68.8 |     67 | flags_o[0]
     530* |       0 |     376 |        0 |      0 |   153 |    +0.8% |   -1.411 |      -12.1 |      -67.4 |     67 | flags_o[0]
     540* |       0 |     385 |        0 |      0 |   154 |    +0.9% |   -1.366 |      -12.0 |      -63.6 |     67 | flags_o[0]
     550* |       0 |     390 |        0 |      0 |   159 |    +0.9% |   -1.343 |      -12.0 |      -62.8 |     67 | flags_o[0]
     560* |       0 |     397 |        0 |      0 |   162 |    +0.9% |   -1.322 |      -11.9 |      -61.5 |     67 | flags_o[0]
     570* |       0 |     404 |        0 |      0 |   165 |    +0.9% |   -1.309 |      -11.9 |      -59.4 |     67 | flags_o[0]
     580* |       0 |     411 |        0 |      0 |   168 |    +0.9% |   -1.255 |      -11.8 |      -56.9 |     67 | flags_o[0]
     590* |       0 |     418 |        0 |      0 |   171 |    +0.9% |   -1.321 |      -11.9 |      -56.4 |     67 | flags_o[2]
     600* |       0 |     425 |        0 |      0 |   174 |    +1.0% |   -1.221 |      -11.7 |      -54.2 |     67 | flags_o[0]
     610* |       0 |     431 |        0 |      0 |   178 |    +1.0% |   -1.196 |      -11.7 |      -53.2 |     67 | flags_o[0]
     620* |       0 |     439 |        0 |      0 |   180 |    +1.0% |   -1.158 |      -11.6 |      -50.8 |     67 | flags_o[0]
     630* |       0 |     442 |        0 |      0 |   187 |    +1.0% |   -1.195 |      -11.6 |      -51.1 |     67 | flags_o[0]
     640* |       0 |     447 |        0 |      0 |   192 |    +1.0% |   -1.104 |      -11.5 |      -47.3 |     67 | flags_o[0]
     650* |       0 |     454 |        0 |      0 |   195 |    +1.0% |   -1.072 |      -11.4 |      -45.2 |     67 | flags_o[0]
     660* |       0 |     463 |        0 |      0 |   196 |    +1.0% |   -0.995 |      -11.3 |      -41.1 |     67 | flags_o[2]
     670* |       0 |     472 |        0 |      0 |   197 |    +1.1% |   -0.900 |      -11.1 |      -34.6 |     67 | flags_o[0]
     680* |       0 |     478 |        0 |      0 |   201 |    +1.1% |   -0.826 |      -10.9 |      -29.5 |     67 | flags_o[0]
     690* |       0 |     483 |        0 |      0 |   206 |    +1.1% |   -0.800 |      -10.9 |      -28.7 |     67 | flags_o[0]
     700* |       0 |     490 |        0 |      0 |   209 |    +1.1% |   -0.771 |      -10.8 |      -26.8 |     67 | flags_o[0]
     710* |       0 |     494 |        0 |      0 |   215 |    +1.1% |   -0.800 |      -10.9 |      -27.7 |     67 | flags_o[0]
     720* |       0 |     495 |        0 |      0 |   224 |    +1.1% |   -0.835 |      -11.0 |      -29.1 |     67 | flags_o[0]
     730* |       0 |     502 |        0 |      0 |   227 |    +1.2% |   -0.800 |      -10.9 |      -27.5 |     67 | flags_o[0]
     740* |       0 |     504 |        0 |      0 |   235 |    +1.2% |   -0.901 |      -11.1 |      -30.6 |     67 | flags_o[0]
     750* |       0 |     511 |        0 |      0 |   238 |    +1.2% |   -0.889 |      -11.0 |      -30.3 |     67 | flags_o[0]
     750* |       0 |     490 |        0 |      0 |   209 |    +1.1% |   -0.771 |      -10.8 |      -26.8 |     67 | flags_o[0]
     760* |       0 |     498 |        0 |      0 |   210 |    +1.1% |   -0.771 |      -10.8 |      -26.2 |     67 | flags_o[0]
     770* |       0 |     506 |        0 |      0 |   212 |    +1.1% |   -0.771 |      -10.8 |      -25.2 |     67 | flags_o[0]
     780* |       0 |     515 |        0 |      0 |   213 |    +1.2% |   -0.715 |      -10.7 |      -23.1 |     67 | flags_o[0]
     790* |       0 |     524 |        0 |      0 |   214 |    +1.2% |   -0.826 |      -10.9 |      -26.3 |     67 | flags_o[0]
     800* |       0 |     532 |        0 |      0 |   216 |    +1.2% |   -0.711 |      -10.7 |      -21.6 |     67 | flags_o[0]
     810* |       0 |     537 |        0 |      0 |   221 |    +1.2% |   -0.711 |      -10.7 |      -20.9 |     67 | flags_o[0]
     814* |       0 |     524 |        0 |      0 |   213 |    +1.2% |   -0.710 |      -10.7 |      -22.5 |     67 | flags_o[0]
     820* |       0 |     527 |        0 |      0 |   215 |    +1.2% |   -0.710 |      -10.7 |      -22.2 |     67 | flags_o[0]
     830* |       0 |     535 |        0 |      0 |   217 |    +1.2% |   -0.711 |      -10.7 |      -21.4 |     67 | flags_o[0]
     837* |       0 |     527 |        0 |      0 |   213 |    +1.2% |   -0.710 |      -10.7 |      -22.1 |     67 | flags_o[0]
     840* |       0 |     529 |        0 |      0 |   213 |    +1.2% |   -0.706 |      -10.7 |      -22.0 |     67 | flags_o[0]
     850* |       0 |     538 |        0 |      0 |   214 |    +1.2% |   -0.678 |      -10.6 |      -20.3 |     67 | flags_o[0]
     858* |       0 |     545 |        0 |      0 |   215 |    +1.3% |   -0.648 |      -10.6 |      -19.4 |     67 | flags_o[0]
     860* |       0 |     546 |        0 |      0 |   215 |    +1.3% |   -0.648 |      -10.6 |      -19.1 |     67 | flags_o[0]
     861* |       0 |     547 |        0 |      0 |   215 |    +1.3% |   -0.648 |      -10.6 |      -19.1 |     67 | flags_o[0]
     864* |       0 |     549 |        0 |      0 |   215 |    +1.3% |   -0.648 |      -10.6 |      -18.4 |     67 | flags_o[0]
     867* |       0 |     551 |        0 |      0 |   215 |    +1.3% |   -0.648 |      -10.6 |      -17.9 |     67 | flags_o[0]
     870* |       0 |     553 |        0 |      0 |   215 |    +1.3% |   -0.648 |      -10.6 |      -17.5 |     67 | flags_o[0]
     874* |       0 |     553 |        0 |      0 |   215 |    +1.3% |   -0.648 |      -10.6 |      -17.5 |     67 | flags_o[0]
     877* |       0 |     555 |        0 |      0 |   215 |    +1.3% |   -0.648 |      -10.6 |      -16.9 |     67 | flags_o[0]
     880* |       0 |     557 |        0 |      0 |   215 |    +1.3% |   -0.648 |      -10.6 |      -16.5 |     67 | flags_o[0]
     885* |       0 |     557 |        0 |      0 |   215 |    +1.3% |   -0.648 |      -10.6 |      -16.5 |     67 | flags_o[0]
     890* |       0 |     559 |        0 |      0 |   217 |    +1.3% |   -0.648 |      -10.6 |      -16.1 |     67 | flags_o[0]
     890* |       0 |     559 |        0 |      0 |   217 |    +1.3% |   -0.648 |      -10.6 |      -16.1 |     67 | flags_o[0]
     896* |       0 |     561 |        0 |      0 |   217 |    +1.3% |   -0.648 |      -10.6 |      -15.7 |     67 | flags_o[0]
     899* |       0 |     563 |        0 |      0 |   217 |    +1.3% |   -0.648 |      -10.6 |      -15.2 |     67 | flags_o[0]
     900* |       0 |     563 |        0 |      0 |   217 |    +1.3% |   -0.648 |      -10.6 |      -15.2 |     67 | flags_o[0]
     902* |       0 |     565 |        0 |      0 |   217 |    +1.3% |   -0.648 |      -10.6 |      -14.6 |     67 | flags_o[0]
     905* |       0 |     567 |        0 |      0 |   217 |    +1.3% |   -0.648 |      -10.6 |      -14.1 |     67 | flags_o[0]
     910* |       0 |     569 |        0 |      0 |   219 |    +1.3% |   -0.648 |      -10.6 |      -13.9 |     67 | flags_o[0]
     920* |       0 |     578 |        0 |      0 |   220 |    +1.4% |   -0.648 |      -10.6 |      -13.1 |     67 | flags_o[0]
     930* |       0 |     586 |        0 |      0 |   222 |    +1.4% |   -0.648 |      -10.6 |      -12.5 |     67 | flags_o[0]
     940* |       0 |     595 |        0 |      0 |   223 |    +1.4% |   -0.648 |      -10.6 |      -12.5 |     67 | flags_o[0]
     950* |       0 |     603 |        0 |      0 |   225 |    +1.4% |   -0.651 |      -10.6 |      -11.9 |     67 | flags_o[0]
     953* |       0 |     599 |        0 |      0 |   225 |    +1.4% |   -0.648 |      -10.6 |      -11.8 |     67 | flags_o[0]
     956* |       0 |     601 |        0 |      0 |   225 |    +1.4% |   -0.648 |      -10.6 |      -11.3 |     67 | flags_o[0]
     960* |       0 |     603 |        0 |      0 |   226 |    +1.4% |   -0.651 |      -10.6 |      -11.4 |     67 | flags_o[0]
     966* |       0 |     601 |        0 |      0 |   226 |    +1.4% |   -0.648 |      -10.6 |      -11.3 |     67 | flags_o[0]
     968* |       0 |     602 |        0 |      0 |   226 |    +1.4% |   -0.648 |      -10.6 |      -11.0 |     67 | flags_o[0]
     970* |       0 |     603 |        0 |      0 |   226 |    +1.4% |   -0.648 |      -10.6 |      -10.7 |     67 | flags_o[0]
     970* |       0 |     603 |        0 |      0 |   226 |    +1.4% |   -0.648 |      -10.6 |      -10.7 |     67 | flags_o[0]
     977* |       0 |     606 |        0 |      0 |   226 |    +1.4% |   -0.648 |      -10.6 |      -10.3 |     67 | flags_o[0]
     980* |       0 |     607 |        0 |      0 |   227 |    +1.4% |   -0.648 |      -10.6 |      -10.0 |     67 | flags_o[0]
     982* |       0 |     607 |        0 |      0 |   227 |    +1.4% |   -0.648 |      -10.6 |      -10.0 |     67 | flags_o[0]
     987* |       0 |     608 |        0 |      0 |   228 |    +1.4% |   -0.648 |      -10.6 |       -9.7 |     67 | flags_o[0]
     990* |       0 |     610 |        0 |      0 |   228 |    +1.4% |   -0.648 |      -10.6 |       -9.3 |     67 | flags_o[0]
     990* |       0 |     610 |        0 |      0 |   228 |    +1.4% |   -0.648 |      -10.6 |       -9.3 |     67 | flags_o[0]
     993* |       0 |     612 |        0 |      0 |   228 |    +1.4% |   -0.648 |      -10.6 |       -8.9 |     67 | flags_o[0]
     995* |       0 |     613 |        0 |      0 |   228 |    +1.4% |   -0.648 |      -10.6 |       -8.6 |     67 | flags_o[0]
    1000* |       0 |     615 |        0 |      0 |   230 |    +1.4% |   -0.648 |      -10.6 |       -8.5 |     67 | flags_o[0]
    1000* |       0 |     615 |        0 |      0 |   230 |    +1.4% |   -0.648 |      -10.6 |       -8.5 |     67 | flags_o[0]
    1002* |       0 |     616 |        0 |      0 |   230 |    +1.4% |   -0.648 |      -10.6 |       -8.3 |     67 | flags_o[0]
    1004* |       0 |     617 |        0 |      0 |   230 |    +1.4% |   -0.648 |      -10.6 |       -8.1 |     67 | flags_o[0]
    1006* |       0 |     618 |        0 |      0 |   230 |    +1.4% |   -0.648 |      -10.6 |       -7.7 |     67 | flags_o[0]
    1008* |       0 |     619 |        0 |      0 |   230 |    +1.4% |   -0.648 |      -10.6 |       -7.5 |     67 | flags_o[0]
    1010* |       0 |     620 |        0 |      0 |   230 |    +1.4% |   -0.648 |      -10.6 |       -7.3 |     67 | flags_o[0]
    1010* |       0 |     620 |        0 |      0 |   230 |    +1.4% |   -0.648 |      -10.6 |       -7.3 |     67 | flags_o[0]
    1012* |       0 |     621 |        0 |      0 |   230 |    +1.4% |   -0.648 |      -10.6 |       -7.0 |     67 | flags_o[0]
    1020* |       0 |     623 |        0 |      0 |   235 |    +1.4% |   -0.668 |      -10.6 |       -6.5 |     67 | flags_o[0]
    1021* |       0 |     621 |        0 |      0 |   230 |    +1.4% |   -0.648 |      -10.6 |       -7.0 |     67 | flags_o[0]
    1023* |       0 |     622 |        0 |      0 |   230 |    +1.4% |   -0.648 |      -10.6 |       -6.9 |     67 | flags_o[0]
    1025* |       0 |     623 |        0 |      0 |   230 |    +1.4% |   -0.648 |      -10.6 |       -6.7 |     67 | flags_o[0]
    1027* |       0 |     624 |        0 |      0 |   230 |    +1.4% |   -0.648 |      -10.6 |       -6.4 |     67 | flags_o[0]
    1029* |       0 |     625 |        0 |      0 |   230 |    +1.4% |   -0.648 |      -10.6 |       -6.3 |     67 | flags_o[0]
    1030* |       0 |     625 |        0 |      0 |   230 |    +1.4% |   -0.648 |      -10.6 |       -6.3 |     67 | flags_o[0]
    1031* |       0 |     626 |        0 |      0 |   230 |    +1.4% |   -0.648 |      -10.6 |       -6.1 |     67 | flags_o[0]
    1033* |       0 |     627 |        0 |      0 |   230 |    +1.4% |   -0.648 |      -10.6 |       -5.8 |     67 | flags_o[0]
    1035* |       0 |     628 |        0 |      0 |   230 |    +1.4% |   -0.648 |      -10.6 |       -5.7 |     67 | flags_o[0]
    1037* |       0 |     629 |        0 |      0 |   230 |    +1.5% |   -0.648 |      -10.6 |       -5.5 |     67 | flags_o[0]
    1039* |       0 |     630 |        0 |      0 |   230 |    +1.5% |   -0.648 |      -10.6 |       -5.3 |     67 | flags_o[0]
    1040* |       0 |     630 |        0 |      0 |   230 |    +1.5% |   -0.648 |      -10.6 |       -5.3 |     67 | flags_o[0]
    1044* |       0 |     630 |        0 |      0 |   230 |    +1.5% |   -0.648 |      -10.6 |       -5.3 |     67 | flags_o[0]
    1047* |       0 |     631 |        0 |      0 |   230 |    +1.5% |   -0.648 |      -10.6 |       -5.2 |     67 | flags_o[0]
    1050* |       0 |     632 |        0 |      0 |   231 |    +1.5% |   -0.648 |      -10.6 |       -4.9 |     67 | flags_o[0]
    1058* |       0 |     640 |        0 |      0 |   231 |    +1.5% |   -0.648 |      -10.6 |       -3.9 |     67 | flags_o[0]
    1059* |       0 |     640 |        0 |      0 |   231 |    +1.5% |   -0.648 |      -10.6 |       -3.9 |     67 | flags_o[0]
    1060* |       0 |     640 |        0 |      0 |   231 |    +1.5% |   -0.648 |      -10.6 |       -3.9 |     67 | flags_o[0]
    1061* |       0 |     641 |        0 |      0 |   231 |    +1.5% |   -0.648 |      -10.6 |       -3.7 |     67 | flags_o[0]
    1062* |       0 |     641 |        0 |      0 |   231 |    +1.5% |   -0.648 |      -10.6 |       -3.7 |     67 | flags_o[0]
    1064* |       0 |     642 |        0 |      0 |   231 |    +1.5% |   -0.648 |      -10.6 |       -3.7 |     67 | flags_o[0]
    1066* |       0 |     643 |        0 |      0 |   231 |    +1.5% |   -0.648 |      -10.6 |       -3.5 |     67 | flags_o[0]
    1067* |       0 |     643 |        0 |      0 |   231 |    +1.5% |   -0.648 |      -10.6 |       -3.5 |     67 | flags_o[0]
    1069* |       0 |     644 |        0 |      0 |   231 |    +1.5% |   -0.648 |      -10.6 |       -3.2 |     67 | flags_o[0]
    1070* |       0 |     644 |        0 |      0 |   231 |    +1.5% |   -0.648 |      -10.6 |       -3.2 |     67 | flags_o[0]
    1070* |       0 |     644 |        0 |      0 |   231 |    +1.5% |   -0.648 |      -10.6 |       -3.2 |     67 | flags_o[0]
    1072* |       0 |     645 |        0 |      0 |   231 |    +1.5% |   -0.648 |      -10.6 |       -3.1 |     67 | flags_o[0]
    1073* |       0 |     645 |        0 |      0 |   231 |    +1.5% |   -0.648 |      -10.6 |       -3.1 |     67 | flags_o[0]
    1074* |       0 |     645 |        0 |      0 |   231 |    +1.5% |   -0.648 |      -10.6 |       -3.1 |     67 | flags_o[0]
    1075* |       0 |     645 |        0 |      0 |   231 |    +1.5% |   -0.648 |      -10.6 |       -3.1 |     67 | flags_o[0]
    1076* |       0 |     645 |        0 |      0 |   231 |    +1.5% |   -0.648 |      -10.6 |       -3.1 |     67 | flags_o[0]
    1078* |       0 |     646 |        0 |      0 |   231 |    +1.5% |   -0.648 |      -10.6 |       -3.0 |     67 | flags_o[0]
    1079* |       0 |     646 |        0 |      0 |   231 |    +1.5% |   -0.648 |      -10.6 |       -3.0 |     67 | flags_o[0]
    1080* |       0 |     646 |        0 |      0 |   231 |    +1.5% |   -0.648 |      -10.6 |       -3.0 |     67 | flags_o[0]
    1080* |       0 |     646 |        0 |      0 |   231 |    +1.5% |   -0.648 |      -10.6 |       -3.0 |     67 | flags_o[0]
    1081* |       0 |     646 |        0 |      0 |   231 |    +1.5% |   -0.648 |      -10.6 |       -3.0 |     67 | flags_o[0]
    1082* |       0 |     646 |        0 |      0 |   231 |    +1.5% |   -0.648 |      -10.6 |       -3.0 |     67 | flags_o[0]
    1083* |       0 |     646 |        0 |      0 |   231 |    +1.5% |   -0.648 |      -10.6 |       -3.0 |     67 | flags_o[0]
    1084* |       0 |     646 |        0 |      0 |   231 |    +1.5% |   -0.648 |      -10.6 |       -3.0 |     67 | flags_o[0]
    1085* |       0 |     646 |        0 |      0 |   231 |    +1.5% |   -0.648 |      -10.6 |       -3.0 |     67 | flags_o[0]
    1085* |       0 |     646 |        0 |      0 |   231 |    +1.5% |   -0.648 |      -10.6 |       -3.0 |     67 | flags_o[0]
    final |       0 |     646 |        0 |      0 |   231 |    +1.5% |   -0.648 |      -10.6 |       -3.0 |     16 | flags_o[0]
------------------------------------------------------------------------------------------------------------------------------
[INFO RSZ-0051] Resized 646 instances: 646 up, 0 up match, 0 down, 0 VT
[INFO RSZ-0043] Swapped pins on 231 instances.
[WARNING RSZ-0062] Unable to repair all setup violations.
[INFO RSZ-0505] Runtime: 117.60s
Took 118 seconds: repair_timing -setup_margin 0 -hold_margin 0 -repair_tns 100 -match_cell_footprint -setup -skip_last_gasp -sequence unbuffer,sizeup,swap,vt_swap -verbose
Default units for flow
 time 1ns
 capacitance 1pF
 resistance 1kohm
 voltage 1v
 current 1mA
 power 1nW
 distance 1um
   Layer   | Unit Resistance | Unit Capacitance 
           |       (kohm/um) |          (pF/um)
------------------------------------------------
       li1 |        7.18e-02 |         1.50e-04
      met1 |        1.21e-03 |         1.72e-04
      met2 |        1.22e-03 |         1.36e-04
      met3 |        1.66e-04 |         2.15e-04
      met4 |        1.68e-04 |         1.48e-04
      met5 |        1.84e-05 |         1.54e-04
------------------------------------------------

   Layer   | Via Resistance 
           |         (kohm) 
----------------------------
      mcon |       9.25e-03 
       via |       4.50e-03 
      via2 |       3.37e-03 
      via3 |       3.77e-04 
      via4 |       5.80e-06 
----------------------------
Report metrics stage 2, floorplan final...

==========================================================================
floorplan final report_design_area
--------------------------------------------------------------------------
Design area 152751 um^2 10% utilization.
write_db ./results/sky130hd/d_dsp03_multifmt_fma/base/2_1_floorplan.odb
write_sdc -no_timestamp ./results/sky130hd/d_dsp03_multifmt_fma/base/2_1_floorplan.sdc
Elapsed time: 2:00.85[h:]min:sec. CPU time: user 251.19 sys 93.11 (284%). Peak memory: 266988KB.
Log                       Ext     Elapsed/s Peak Memory/MB sha1sum result [0:20)
2_1_floorplan             .odb          120            260 283befe17b109d4fa37e
2_1_floorplan             .sdc                             07e86d2da13ecc565ba4
/OpenROAD-flow-scripts/flow/scripts/flow.sh 2_2_floorplan_macro macro_place
Running macro_place.tcl, stage 2_2_floorplan_macro
read_liberty /OpenROAD-flow-scripts/flow/platforms/sky130hd/lib/sky130_fd_sc_hd__tt_025C_1v80.lib
read_db ./results/sky130hd/d_dsp03_multifmt_fma/base/2_1_floorplan.odb
read_sdc ./results/sky130hd/d_dsp03_multifmt_fma/base/2_1_floorplan.sdc
source /OpenROAD-flow-scripts/flow/platforms/sky130hd/setRC.tcl
No macros found: Skipping macro_placement
Design area 152751 um^2 10% utilization.
write_db ./results/sky130hd/d_dsp03_multifmt_fma/base/2_2_floorplan_macro.odb
Elapsed time: 0:01.41[h:]min:sec. CPU time: user 1.21 sys 0.11 (93%). Peak memory: 179472KB.
Log                       Ext     Elapsed/s Peak Memory/MB sha1sum result [0:20)
2_2_floorplan_macro       .odb            1            175 283befe17b109d4fa37e
/OpenROAD-flow-scripts/flow/scripts/flow.sh 2_3_floorplan_tapcell tapcell
Running tapcell.tcl, stage 2_3_floorplan_tapcell
read_liberty /OpenROAD-flow-scripts/flow/platforms/sky130hd/lib/sky130_fd_sc_hd__tt_025C_1v80.lib
read_db ./results/sky130hd/d_dsp03_multifmt_fma/base/2_2_floorplan_macro.odb
read_sdc ./results/sky130hd/d_dsp03_multifmt_fma/base/2_1_floorplan.sdc
source /OpenROAD-flow-scripts/flow/platforms/sky130hd/setRC.tcl
[INFO TAP-0005] Inserted 19844 tapcells.
Design area 177580 um^2 12% utilization.
write_db ./results/sky130hd/d_dsp03_multifmt_fma/base/2_3_floorplan_tapcell.odb
Elapsed time: 0:01.03[h:]min:sec. CPU time: user 0.86 sys 0.10 (93%). Peak memory: 178356KB.
Log                       Ext     Elapsed/s Peak Memory/MB sha1sum result [0:20)
2_3_floorplan_tapcell     .odb            1            174 1280c3677799ea3225db
/OpenROAD-flow-scripts/flow/scripts/flow.sh 2_4_floorplan_pdn pdn
Running pdn.tcl, stage 2_4_floorplan_pdn
read_liberty /OpenROAD-flow-scripts/flow/platforms/sky130hd/lib/sky130_fd_sc_hd__tt_025C_1v80.lib
read_db ./results/sky130hd/d_dsp03_multifmt_fma/base/2_3_floorplan_tapcell.odb
read_sdc ./results/sky130hd/d_dsp03_multifmt_fma/base/2_1_floorplan.sdc
source /OpenROAD-flow-scripts/flow/platforms/sky130hd/setRC.tcl
[WARNING PDN-1051] No instances found for grid (CORE_macro_grid_1).
[WARNING PDN-1051] No instances found for grid (CORE_macro_grid_2).
[INFO PDN-0001] Inserting grid: grid
[INFO PDN-0500] Runtime: 0.78s
Design area 177580 um^2 12% utilization.
write_db ./results/sky130hd/d_dsp03_multifmt_fma/base/2_4_floorplan_pdn.odb
Elapsed time: 0:02.51[h:]min:sec. CPU time: user 2.20 sys 0.18 (94%). Peak memory: 259532KB.
Log                       Ext     Elapsed/s Peak Memory/MB sha1sum result [0:20)
2_4_floorplan_pdn         .odb            2            253 2d722f20017f7d6aed20
cp ./results/sky130hd/d_dsp03_multifmt_fma/base/2_4_floorplan_pdn.odb ./results/sky130hd/d_dsp03_multifmt_fma/base/2_floorplan.odb
cp ./results/sky130hd/d_dsp03_multifmt_fma/base/2_1_floorplan.sdc ./results/sky130hd/d_dsp03_multifmt_fma/base/2_floorplan.sdc
/OpenROAD-flow-scripts/flow/scripts/flow.sh 3_1_place_gp_skip_io global_place_skip_io
Running global_place_skip_io.tcl, stage 3_1_place_gp_skip_io
read_liberty /OpenROAD-flow-scripts/flow/platforms/sky130hd/lib/sky130_fd_sc_hd__tt_025C_1v80.lib
read_db ./results/sky130hd/d_dsp03_multifmt_fma/base/2_floorplan.odb
read_sdc ./results/sky130hd/d_dsp03_multifmt_fma/base/2_floorplan.sdc
source /OpenROAD-flow-scripts/flow/platforms/sky130hd/setRC.tcl
global_placement -skip_io -density 0.5 -pad_left 0 -pad_right 0
[INFO GPL-0001] ---- Initialize GPL Main Data Structures
[INFO GPL-0002] DBU: 1000
[INFO GPL-0003] SiteSize: (  0.460  2.720 ) um
[INFO GPL-0004] CoreBBox: (  1.380  2.720 ) ( 1225.900 1224.000 ) um
[INFO GPL-0016] Core area:                  1495481.786 um^2
[INFO GPL-0036] Movable instances area:     152751.501 um^2
[INFO GPL-0037] Total instances area:       177580.314 um^2
[INFO GPL-0035] Pin density area adjust:     16945.055 um^2
[INFO GPL-0032] ---- Initialize Region: Top-level
[INFO GPL-0006] Number of instances:             40466
[INFO GPL-0007] Movable instances:               20622
[INFO GPL-0008] Fixed instances:                 19844
[INFO GPL-0009] Dummy instances:                     0
[INFO GPL-0010] Number of nets:                  22980
[INFO GPL-0011] Number of pins:                  78187
[INFO GPL-0012] Die BBox:       (  0.000  0.000 ) ( 1227.275 1227.275 ) um
[INFO GPL-0013] Placement BBox: (  1.380  2.720 ) ( 1225.900 1224.000 ) um
[INFO GPL-0014] Region name: top-level.
[INFO GPL-0015] Region area:                1495481.786 um^2
[INFO GPL-0017] Fixed instances area:        24828.813 um^2
[INFO GPL-0018] Movable instances area:     169696.556 um^2
[INFO GPL-0019] Utilization:                    11.539 %
[INFO GPL-0020] Standard cells area:        169696.556 um^2
[INFO GPL-0021] Large instances area:            0.000 um^2
[INFO GPL-0005] ---- Execute Conjugate Gradient Initial Placement.
[INFO GPL-0051] Source of initial instance position counters:
	Odb location = 0	Core center = 20622	Region center = 0
[INFO GPL-0033] ---- Initialize Nesterov Region: Top-level
[INFO GPL-0023] Placement target density:       0.5000
[INFO GPL-0024] Movable insts average area:      8.229 um^2
[INFO GPL-0025] Ideal bin area:                 16.458 um^2
[INFO GPL-0026] Ideal bin count:                 90867
[INFO GPL-0027] Total bin area:             1495481.786 um^2
[INFO GPL-0028] Bin count (X, Y):         256 ,    256
[INFO GPL-0029] Bin size (W * H):       4.783 *  4.771 um
[INFO GPL-0030] Number of bins:                  65536
[INFO GPL-0084] ---- Execute Nesterov Global Placement.
[INFO GPL-0031] HPWL: Half-Perimeter Wirelength
Iteration | Overflow |     HPWL (um) |  HPWL(%) |   Penalty | Group
---------------------------------------------------------------
        0 |   0.9995 |  4.147554e+04 |   +0.00% |  4.18e-16 |      
       10 |   0.9993 |  3.455034e+04 |  -16.70% |  6.81e-16 |      
       20 |   0.9993 |  3.444278e+04 |   -0.31% |  1.11e-15 |      
       30 |   0.9993 |  3.442999e+04 |   -0.04% |  1.81e-15 |      
       40 |   0.9993 |  3.444067e+04 |   +0.03% |  2.94e-15 |      
       50 |   0.9993 |  3.444514e+04 |   +0.01% |  4.79e-15 |      
       60 |   0.9992 |  3.444493e+04 |   -0.00% |  7.81e-15 |      
       70 |   0.9992 |  3.445815e+04 |   +0.04% |  1.27e-14 |      
       80 |   0.9992 |  3.450667e+04 |   +0.14% |  2.07e-14 |      
       90 |   0.9991 |  3.462823e+04 |   +0.35% |  3.37e-14 |      
      100 |   0.9990 |  3.492017e+04 |   +0.84% |  5.49e-14 |      
      110 |   0.9985 |  3.569217e+04 |   +2.21% |  8.95e-14 |      
      120 |   0.9981 |  3.787753e+04 |   +6.12% |  1.46e-13 |      
      130 |   0.9969 |  4.317834e+04 |  +13.99% |  2.37e-13 |      
      140 |   0.9947 |  5.210307e+04 |  +20.67% |  3.86e-13 |      
      150 |   0.9921 |  6.357525e+04 |  +22.02% |  6.28e-13 |      
      160 |   0.9881 |  7.742927e+04 |  +21.79% |  1.02e-12 |      
      170 |   0.9821 |  9.411347e+04 |  +21.55% |  1.66e-12 |      
      180 |   0.9738 |  1.136119e+05 |  +20.72% |  2.70e-12 |      
      190 |   0.9628 |  1.375338e+05 |  +21.06% |  4.39e-12 |      
      200 |   0.9480 |  1.670117e+05 |  +21.43% |  7.12e-12 |      
      210 |   0.9294 |  2.012104e+05 |  +20.48% |  1.16e-11 |      
      220 |   0.9056 |  2.376752e+05 |  +18.12% |  1.88e-11 |      
      230 |   0.8788 |  2.725750e+05 |  +14.68% |  3.04e-11 |      
      240 |   0.8512 |  3.044089e+05 |  +11.68% |  4.94e-11 |      
      250 |   0.8195 |  3.463252e+05 |  +13.77% |  8.01e-11 |      
      260 |   0.7855 |  4.005893e+05 |  +15.67% |  1.30e-10 |      
      270 |   0.7555 |  4.333409e+05 |   +8.18% |  2.11e-10 |      
      280 |   0.7215 |  4.667442e+05 |   +7.71% |  3.42e-10 |      
      290 |   0.6859 |  5.064479e+05 |   +8.51% |  5.54e-10 |      
      300 |   0.6512 |  5.308799e+05 |   +4.82% |  9.01e-10 |      
      310 |   0.6144 |  5.468697e+05 |   +3.01% |  1.46e-09 |      
      320 |   0.5768 |  5.713151e+05 |   +4.47% |  2.37e-09 |      
      330 |   0.5380 |  5.884858e+05 |   +3.01% |  3.86e-09 |      
      340 |   0.4963 |  6.025673e+05 |   +2.39% |  6.28e-09 |      
      350 |   0.4509 |  6.177738e+05 |   +2.52% |  1.02e-08 |      
      360 |   0.4038 |  6.310840e+05 |   +2.15% |  1.66e-08 |      
      370 |   0.3531 |  6.441141e+05 |   +2.06% |  2.70e-08 |      
      380 |   0.3127 |  6.543266e+05 |   +1.59% |  4.06e-08 |      
      390 |   0.2770 |  6.627007e+05 |   +1.28% |  5.97e-08 |      
      400 |   0.2433 |  6.699267e+05 |   +1.09% |  8.79e-08 |      
      410 |   0.2130 |  6.759233e+05 |   +0.90% |  1.29e-07 |      
      420 |   0.1863 |  6.806502e+05 |   +0.70% |  1.91e-07 |      
      430 |   0.1635 |  6.842796e+05 |   +0.53% |  2.81e-07 |      
      440 |   0.1420 |  6.872634e+05 |   +0.44% |  4.13e-07 |      
      450 |   0.1234 |  6.900487e+05 |   +0.41% |  6.09e-07 |      
      460 |   0.1075 |  6.914855e+05 |   +0.21% |  8.97e-07 |      
      466 |   0.0988 |  6.879518e+05 |          |  1.18e-06 |      
---------------------------------------------------------------
[INFO GPL-1001] Global placement finished at iteration 466
[INFO GPL-1002] Placed Cell Area            169696.5561
[INFO GPL-1003] Available Free Area         1470652.9728
[INFO GPL-1004] Minimum Feasible Density        0.1200 (cell_area / free_area)
[INFO GPL-1006]   Suggested Target Densities:
[INFO GPL-1007]     - For 90% usage of free space: 0.1282
[INFO GPL-1008]     - For 80% usage of free space: 0.1442
[INFO GPL-1009]     - For 50% usage of free space: 0.2308
[INFO GPL-1014] Final placement area: 169696.56 (+0.00%)
Took 14 seconds: global_placement -skip_io -density 0.5 -pad_left 0 -pad_right 0
Design area 177580 um^2 12% utilization.
write_db ./results/sky130hd/d_dsp03_multifmt_fma/base/3_1_place_gp_skip_io.odb
Elapsed time: 0:15.75[h:]min:sec. CPU time: user 36.21 sys 0.83 (235%). Peak memory: 254240KB.
Log                       Ext     Elapsed/s Peak Memory/MB sha1sum result [0:20)
3_1_place_gp_skip_io      .odb           15            248 63b85ac5d02cffacacdf
/OpenROAD-flow-scripts/flow/scripts/flow.sh 3_2_place_iop io_placement
Running io_placement.tcl, stage 3_2_place_iop
read_liberty /OpenROAD-flow-scripts/flow/platforms/sky130hd/lib/sky130_fd_sc_hd__tt_025C_1v80.lib
read_db ./results/sky130hd/d_dsp03_multifmt_fma/base/3_1_place_gp_skip_io.odb
read_sdc ./results/sky130hd/d_dsp03_multifmt_fma/base/2_floorplan.sdc
source /OpenROAD-flow-scripts/flow/platforms/sky130hd/setRC.tcl
place_pins -hor_layers met3 -ver_layers met2
Found 0 macro blocks.
Using 2 tracks default min distance between IO pins.
[INFO PPL-0001] Number of available slots 4462
[INFO PPL-0002] Number of I/O             273
[INFO PPL-0003] Number of I/O w/sink      271
[INFO PPL-0004] Number of I/O w/o sink    2
[INFO PPL-0005] Slots per section         200
[INFO PPL-0008] Successfully assigned pins to sections.
[INFO PPL-0012] I/O nets HPWL: 144677.89 um.
Design area 177580 um^2 12% utilization.
write_db ./results/sky130hd/d_dsp03_multifmt_fma/base/3_2_place_iop.odb
Elapsed time: 0:01.25[h:]min:sec. CPU time: user 0.97 sys 0.10 (85%). Peak memory: 207924KB.
Log                       Ext     Elapsed/s Peak Memory/MB sha1sum result [0:20)
3_2_place_iop             .odb            1            203 c9b9b775f03ee6f3c5c3
/OpenROAD-flow-scripts/flow/scripts/flow.sh 3_3_place_gp global_place
Running global_place.tcl, stage 3_3_place_gp
read_liberty /OpenROAD-flow-scripts/flow/platforms/sky130hd/lib/sky130_fd_sc_hd__tt_025C_1v80.lib
read_db ./results/sky130hd/d_dsp03_multifmt_fma/base/3_2_place_iop.odb
read_sdc ./results/sky130hd/d_dsp03_multifmt_fma/base/2_floorplan.sdc
source /OpenROAD-flow-scripts/flow/platforms/sky130hd/setRC.tcl
[INFO RSZ-0026] Removed 1580 buffers.
Perform port buffering...
[INFO RSZ-0027] Inserted 199 sky130_fd_sc_hd__clkdlybuf4s50_1 input buffers.
[INFO RSZ-0028] Inserted 69 sky130_fd_sc_hd__clkdlybuf4s50_1 output buffers.
global_placement -density 0.5 -pad_left 0 -pad_right 0 -routability_driven -timing_driven -force_center_initial_place -min_phi_coef 0.95 -max_phi_coef 1.05
[INFO GPL-0001] ---- Initialize GPL Main Data Structures
[INFO GPL-0002] DBU: 1000
[INFO GPL-0003] SiteSize: (  0.460  2.720 ) um
[INFO GPL-0004] CoreBBox: (  1.380  2.720 ) ( 1225.900 1224.000 ) um
[INFO GPL-0016] Core area:                  1495481.786 um^2
[INFO GPL-0036] Movable instances area:     147811.763 um^2
[INFO GPL-0037] Total instances area:       172640.576 um^2
[INFO GPL-0035] Pin density area adjust:     16990.479 um^2
[INFO GPL-0032] ---- Initialize Region: Top-level
[INFO GPL-0006] Number of instances:             39154
[INFO GPL-0007] Movable instances:               19310
[INFO GPL-0008] Fixed instances:                 19844
[INFO GPL-0009] Dummy instances:                     0
[INFO GPL-0010] Number of nets:                  21668
[INFO GPL-0011] Number of pins:                  75836
[INFO GPL-0012] Die BBox:       (  0.000  0.000 ) ( 1227.275 1227.275 ) um
[INFO GPL-0013] Placement BBox: (  1.380  2.720 ) ( 1225.900 1224.000 ) um
[INFO GPL-0014] Region name: top-level.
[INFO GPL-0015] Region area:                1495481.786 um^2
[INFO GPL-0017] Fixed instances area:        24828.813 um^2
[INFO GPL-0018] Movable instances area:     164802.242 um^2
[INFO GPL-0019] Utilization:                    11.206 %
[INFO GPL-0020] Standard cells area:        164802.242 um^2
[INFO GPL-0021] Large instances area:            0.000 um^2
[INFO GPL-0005] ---- Execute Conjugate Gradient Initial Placement.
[INFO GPL-0051] Source of initial instance position counters:
	Odb location = 0	Core center = 19310	Region center = 0
[InitialPlace]  Iter: 1 conjugate gradient residual: 0.00375527 HPWL: 843208717
[InitialPlace]  Iter: 2 conjugate gradient residual: 0.00061634 HPWL: 339877868
[InitialPlace]  Iter: 3 conjugate gradient residual: 0.00024965 HPWL: 339166933
[InitialPlace]  Iter: 4 conjugate gradient residual: 0.00020566 HPWL: 338533746
[InitialPlace]  Iter: 5 conjugate gradient residual: 0.00007298 HPWL: 337047551
[InitialPlace]  Iter: 6 conjugate gradient residual: 0.00027707 HPWL: 336172047
[InitialPlace]  Iter: 7 conjugate gradient residual: 0.00037003 HPWL: 334600421
[InitialPlace]  Iter: 8 conjugate gradient residual: 0.00066532 HPWL: 333235330
[InitialPlace]  Iter: 9 conjugate gradient residual: 0.00059395 HPWL: 331644206
[InitialPlace]  Iter: 10 conjugate gradient residual: 0.00045202 HPWL: 331039955
[InitialPlace]  Iter: 11 conjugate gradient residual: 0.00160242 HPWL: 329117650
[InitialPlace]  Iter: 12 conjugate gradient residual: 0.00052906 HPWL: 323032568
[InitialPlace]  Iter: 13 conjugate gradient residual: 0.00043299 HPWL: 321613841
[InitialPlace]  Iter: 14 conjugate gradient residual: 0.00069655 HPWL: 319862675
[InitialPlace]  Iter: 15 conjugate gradient residual: 0.00041238 HPWL: 317042840
[InitialPlace]  Iter: 16 conjugate gradient residual: 0.00027412 HPWL: 316610182
[InitialPlace]  Iter: 17 conjugate gradient residual: 0.00048729 HPWL: 314560198
[InitialPlace]  Iter: 18 conjugate gradient residual: 0.00038137 HPWL: 313827127
[InitialPlace]  Iter: 19 conjugate gradient residual: 0.00028608 HPWL: 312780225
[InitialPlace]  Iter: 20 conjugate gradient residual: 0.00025894 HPWL: 312223209
[INFO GPL-0033] ---- Initialize Nesterov Region: Top-level
[INFO GPL-0023] Placement target density:       0.5000
[INFO GPL-0024] Movable insts average area:      8.535 um^2
[INFO GPL-0025] Ideal bin area:                 17.069 um^2
[INFO GPL-0026] Ideal bin count:                 87613
[INFO GPL-0027] Total bin area:             1495481.786 um^2
[INFO GPL-0028] Bin count (X, Y):         256 ,    256
[INFO GPL-0029] Bin size (W * H):       4.783 *  4.771 um
[INFO GPL-0030] Number of bins:                  65536
[INFO GPL-0084] ---- Execute Nesterov Global Placement.
[INFO GPL-0031] HPWL: Half-Perimeter Wirelength
Iteration | Overflow |     HPWL (um) |  HPWL(%) |   Penalty | Group
---------------------------------------------------------------
        0 |   0.9879 |  1.825694e+05 |   +0.00% |  2.09e-16 |      
       10 |   0.9566 |  2.692755e+05 |  +47.49% |  3.37e-16 |      
       20 |   0.9376 |  3.081040e+05 |  +14.42% |  5.47e-16 |      
       30 |   0.9251 |  3.348794e+05 |   +8.69% |  8.89e-16 |      
       40 |   0.9197 |  3.511230e+05 |   +4.85% |  1.45e-15 |      
       50 |   0.9152 |  3.596220e+05 |   +2.42% |  2.35e-15 |      
       60 |   0.9131 |  3.616356e+05 |   +0.56% |  3.83e-15 |      
       70 |   0.9121 |  3.609732e+05 |   -0.18% |  6.24e-15 |      
       80 |   0.9108 |  3.607093e+05 |   -0.07% |  1.02e-14 |      
       90 |   0.9101 |  3.620789e+05 |   +0.38% |  1.65e-14 |      
      100 |   0.9086 |  3.641991e+05 |   +0.59% |  2.69e-14 |      
      110 |   0.9077 |  3.660717e+05 |   +0.51% |  4.39e-14 |      
      120 |   0.9075 |  3.671406e+05 |   +0.29% |  7.15e-14 |      
      130 |   0.9071 |  3.676700e+05 |   +0.14% |  1.16e-13 |      
      140 |   0.9070 |  3.681835e+05 |   +0.14% |  1.90e-13 |      
      150 |   0.9068 |  3.690622e+05 |   +0.24% |  3.09e-13 |      
      160 |   0.9061 |  3.704627e+05 |   +0.38% |  5.03e-13 |      
      170 |   0.9054 |  3.726848e+05 |   +0.60% |  8.19e-13 |      
      180 |   0.9042 |  3.762830e+05 |   +0.97% |  1.33e-12 |      
      190 |   0.9016 |  3.818517e+05 |   +1.48% |  2.17e-12 |      
      200 |   0.8977 |  3.901181e+05 |   +2.16% |  3.53e-12 |      
      210 |   0.8902 |  4.023741e+05 |   +3.14% |  5.75e-12 |      
      220 |   0.8786 |  4.215676e+05 |   +4.77% |  9.35e-12 |      
      230 |   0.8590 |  4.497634e+05 |   +6.69% |  1.52e-11 |      
      240 |   0.8352 |  4.729328e+05 |   +5.15% |  2.47e-11 |      
      250 |   0.8098 |  4.816418e+05 |   +1.84% |  4.01e-11 |      
      260 |   0.7848 |  4.737056e+05 |   -1.65% |  6.53e-11 |      
      270 |   0.7503 |  4.849519e+05 |   +2.37% |  1.06e-10 |      
      280 |   0.7172 |  5.411588e+05 |  +11.59% |  1.72e-10 |      
      290 |   0.6956 |  5.462613e+05 |   +0.94% |  2.80e-10 |      
      300 |   0.6668 |  5.422634e+05 |   -0.73% |  4.55e-10 |      
      310 |   0.6344 |  5.731470e+05 |   +5.70% |  7.38e-10 |      
[INFO GPL-0100] Timing-driven iteration 1/2, virtual: false.
[INFO GPL-0101]    Iter: 311, overflow: 0.634, keep resizer changes at: 1, HPWL: 573146997
Iteration |   Area    | Resized | Buffers | Nets repaired | Remaining
---------------------------------------------------------------------
        0 |     +0.0% |       0 |       0 |             0 |     21768
    final |     +2.1% |     141 |     160 |           149 |         0
---------------------------------------------------------------------
[INFO RSZ-0034] Found 156 slew violations.
[INFO RSZ-0036] Found 33 capacitance violations.
[INFO RSZ-0039] Resized 141 instances.
[INFO RSZ-0038] Inserted 160 buffers in 149 nets.
   Iter   |    Area   | Removed | Inserted |   Pins
          |           | Buffers | Buffers  | Remaining
-------------------------------------------------------
        0 |     +0.0% |       0 |        0 |     21207
     2100 |     +3.3% |      73 |      712 |     19107
     4200 |     +6.2% |      88 |     1430 |     17007
     6300 |     +9.9% |     108 |     2334 |     14907
     8400 |    +13.9% |     113 |     3301 |     12807
    10500 |    +17.5% |     114 |     4123 |     10707
    12600 |    +20.9% |     127 |     4960 |      8607
    14700 |    +22.0% |     132 |     5236 |      6507
    16800 |    +23.2% |     156 |     5557 |      4407
    18900 |    +25.3% |     173 |     6076 |      2307
    21000 |    +27.0% |     220 |     6580 |       207
    final |    +28.2% |     227 |     6894 |         0
-------------------------------------------------------
[INFO GPL-0106] Timing-driven: worst slack -9.29e-09
[INFO GPL-0107] Timing-driven: repair_design delta area: 53179.352 um^2 (+32.27%)
[INFO GPL-0108] Timing-driven: repair_design, gpl delta gcells: 6827 (+35.35%)
[INFO GPL-0109] Timing-driven: repair_design, gcells created: 7054, deleted: 227
[INFO GPL-0110] Timing-driven: new target density: 0.5361604
[INFO GPL-0038] Routability snapshot saved at iter = 317
      316 |   0.5881 |  7.450962e+05 |          |           |      
Iteration | Overflow |     HPWL (um) |  HPWL(%) |   Penalty | Group
---------------------------------------------------------------
      320 |   0.5551 |  7.414000e+05 |  +29.36% |  1.17e-09 |      
      330 |   0.5394 |  7.840335e+05 |   +5.75% |  1.90e-09 |      
      340 |   0.5055 |  7.471857e+05 |   -4.70% |  3.09e-09 |      
      350 |   0.4713 |  7.116200e+05 |   -4.76% |  5.02e-09 |      
      360 |   0.4197 |  7.348285e+05 |   +3.26% |  8.14e-09 |      
      370 |   0.3771 |  7.306552e+05 |   -0.57% |  1.32e-08 |      
      380 |   0.3356 |  7.279611e+05 |   -0.37% |  2.11e-08 |      
      390 |   0.3015 |  7.324119e+05 |   +0.61% |  3.11e-08 |      
[INFO GPL-0040] Routability iteration: 1
[INFO GPL-0041] Total routing overflow: 54.8664
[INFO GPL-0042] Number of overflowed tiles: 615 (1.96%)
[INFO GPL-0043] Average top 0.5% routing congestion: 1.2048
[INFO GPL-0044] Average top 1.0% routing congestion: 1.1479
[INFO GPL-0045] Average top 2.0% routing congestion: 1.0875
[INFO GPL-0046] Average top 5.0% routing congestion: 1.0027
[INFO GPL-0047] Routability iteration weighted routing congestion: 1.1764
[INFO GPL-0048] Routing congestion (1.1764) lower than previous minimum (1e+30). Updating minimum.
[INFO GPL-0086] Inflated area:                6624.472 um^2 (+3.04%)
[INFO GPL-0052] Placement target density:       0.5362
[INFO GPL-0076] Removing fillers, count: Before: 68203, After: 67412 (-1.16%)
[INFO GPL-0077] Filler area (um^2)     : Before: 570524.261, After: 563903.739 (-1.16%)
[INFO GPL-0078] Removed fillers count: 791, area removed: 6616.743 um^2. Remaining area to be compensated by modifying density: 7.729 um^2
[INFO GPL-0058] White space area:           1470652.973 um^2 (+0.00%)
[INFO GPL-0059] Movable instances area:     788505.887 um^2 (+0.00%)
[INFO GPL-0060] Total filler area:          563903.739 um^2 (-1.16%)
[INFO GPL-0061] Total non-inflated area:    788509.806 um^2 (+0.00%)
[INFO GPL-0062] Total inflated area:        795134.278 um^2 (+0.00%)
[INFO GPL-0063] New Target Density:             0.5362
[INFO GPL-0087] Routability end iteration: increase inflation and revert back to snapshot.
Iteration | Overflow |     HPWL (um) |  HPWL(%) |   Penalty | Group
---------------------------------------------------------------
      400 |   0.5512 |  7.559951e+05 |   +3.22% |  1.38e-09 |      
      410 |   0.5429 |  7.566333e+05 |   +0.08% |  2.02e-09 |      
      420 |   0.5089 |  7.673940e+05 |   +1.42% |  2.97e-09 |      
      430 |   0.4788 |  7.359572e+05 |   -4.10% |  4.36e-09 |      
      440 |   0.4414 |  7.452428e+05 |   +1.26% |  6.42e-09 |      
      450 |   0.4097 |  7.351471e+05 |   -1.35% |  9.45e-09 |      
      460 |   0.3761 |  7.297725e+05 |   -0.73% |  1.39e-08 |      
      470 |   0.3372 |  7.388585e+05 |   +1.25% |  2.05e-08 |      
      480 |   0.3014 |  7.391501e+05 |   +0.04% |  3.02e-08 |      
[INFO GPL-0040] Routability iteration: 2
[INFO GPL-0041] Total routing overflow: 34.9694
[INFO GPL-0042] Number of overflowed tiles: 499 (1.59%)
[INFO GPL-0043] Average top 0.5% routing congestion: 1.1467
[INFO GPL-0044] Average top 1.0% routing congestion: 1.1019
[INFO GPL-0045] Average top 2.0% routing congestion: 1.0535
[INFO GPL-0046] Average top 5.0% routing congestion: 0.9783
[INFO GPL-0047] Routability iteration weighted routing congestion: 1.1243
[INFO GPL-0048] Routing congestion (1.1243) lower than previous minimum (1.176). Updating minimum.
[INFO GPL-0086] Inflated area:                3507.797 um^2 (+1.56%)
[INFO GPL-0052] Placement target density:       0.5362
[INFO GPL-0076] Removing fillers, count: Before: 67412, After: 66993 (-0.62%)
[INFO GPL-0077] Filler area (um^2)     : Before: 563903.739, After: 560398.790 (-0.62%)
[INFO GPL-0078] Removed fillers count: 419, area removed: 3504.950 um^2. Remaining area to be compensated by modifying density: 2.847 um^2
[INFO GPL-0058] White space area:           1470652.973 um^2 (+0.00%)
[INFO GPL-0059] Movable instances area:     788505.887 um^2 (+0.00%)
[INFO GPL-0060] Total filler area:          560398.790 um^2 (-0.62%)
[INFO GPL-0061] Total non-inflated area:    788512.653 um^2 (+0.00%)
[INFO GPL-0062] Total inflated area:        792020.450 um^2 (+0.00%)
[INFO GPL-0063] New Target Density:             0.5362
[INFO GPL-0087] Routability end iteration: increase inflation and revert back to snapshot.
Iteration | Overflow |     HPWL (um) |  HPWL(%) |   Penalty | Group
---------------------------------------------------------------
      490 |   0.5487 |  7.779163e+05 |   +5.24% |  1.38e-09 |      
      500 |   0.5418 |  7.693651e+05 |   -1.10% |  2.02e-09 |      
      510 |   0.5079 |  7.807390e+05 |   +1.48% |  2.97e-09 |      
      520 |   0.4790 |  7.437230e+05 |   -4.74% |  4.37e-09 |      
      530 |   0.4403 |  7.553805e+05 |   +1.57% |  6.42e-09 |      
      540 |   0.4091 |  7.442696e+05 |   -1.47% |  9.45e-09 |      
      550 |   0.3751 |  7.381638e+05 |   -0.82% |  1.39e-08 |      
      560 |   0.3378 |  7.464670e+05 |   +1.12% |  2.05e-08 |      
      570 |   0.3027 |  7.463960e+05 |   -0.01% |  3.02e-08 |      
[INFO GPL-0040] Routability iteration: 3
[INFO GPL-0041] Total routing overflow: 26.5579
[INFO GPL-0042] Number of overflowed tiles: 431 (1.38%)
[INFO GPL-0043] Average top 0.5% routing congestion: 1.1179
[INFO GPL-0044] Average top 1.0% routing congestion: 1.0801
[INFO GPL-0045] Average top 2.0% routing congestion: 1.0375
[INFO GPL-0046] Average top 5.0% routing congestion: 0.9678
[INFO GPL-0047] Routability iteration weighted routing congestion: 1.0990
[INFO GPL-0048] Routing congestion (1.0990) lower than previous minimum (1.124). Updating minimum.
[INFO GPL-0086] Inflated area:                2420.962 um^2 (+1.06%)
[INFO GPL-0052] Placement target density:       0.5362
[INFO GPL-0076] Removing fillers, count: Before: 66993, After: 66704 (-0.43%)
[INFO GPL-0077] Filler area (um^2)     : Before: 560398.790, After: 557981.295 (-0.43%)
[INFO GPL-0078] Removed fillers count: 289, area removed: 2417.495 um^2. Remaining area to be compensated by modifying density: 3.467 um^2
[INFO GPL-0058] White space area:           1470652.973 um^2 (+0.00%)
[INFO GPL-0059] Movable instances area:     788505.887 um^2 (+0.00%)
[INFO GPL-0060] Total filler area:          557981.295 um^2 (-0.43%)
[INFO GPL-0061] Total non-inflated area:    788516.120 um^2 (+0.00%)
[INFO GPL-0062] Total inflated area:        790937.081 um^2 (+0.00%)
[INFO GPL-0063] New Target Density:             0.5362
[INFO GPL-0087] Routability end iteration: increase inflation and revert back to snapshot.
Iteration | Overflow |     HPWL (um) |  HPWL(%) |   Penalty | Group
---------------------------------------------------------------
      580 |   0.5469 |  7.907143e+05 |   +5.94% |  1.38e-09 |      
      590 |   0.5412 |  7.790362e+05 |   -1.48% |  2.02e-09 |      
      600 |   0.5081 |  7.904754e+05 |   +1.47% |  2.97e-09 |      
      610 |   0.4786 |  7.505682e+05 |   -5.05% |  4.37e-09 |      
      620 |   0.4401 |  7.634294e+05 |   +1.71% |  6.42e-09 |      
      630 |   0.4079 |  7.515172e+05 |   -1.56% |  9.46e-09 |      
      640 |   0.3741 |  7.449953e+05 |   -0.87% |  1.39e-08 |      
      650 |   0.3364 |  7.531644e+05 |   +1.10% |  2.05e-08 |      
      660 |   0.3027 |  7.526692e+05 |   -0.07% |  3.02e-08 |      
[INFO GPL-0040] Routability iteration: 4
[INFO GPL-0041] Total routing overflow: 24.4910
[INFO GPL-0042] Number of overflowed tiles: 410 (1.31%)
[INFO GPL-0043] Average top 0.5% routing congestion: 1.1115
[INFO GPL-0044] Average top 1.0% routing congestion: 1.0753
[INFO GPL-0045] Average top 2.0% routing congestion: 1.0327
[INFO GPL-0046] Average top 5.0% routing congestion: 0.9647
[INFO GPL-0047] Routability iteration weighted routing congestion: 1.0934
[INFO GPL-0048] Routing congestion (1.0934) lower than previous minimum (1.099). Updating minimum.
[INFO GPL-0086] Inflated area:                2161.297 um^2 (+0.94%)
[INFO GPL-0052] Placement target density:       0.5362
[INFO GPL-0076] Removing fillers, count: Before: 66704, After: 66446 (-0.39%)
[INFO GPL-0077] Filler area (um^2)     : Before: 557981.295, After: 555823.116 (-0.39%)
[INFO GPL-0078] Removed fillers count: 258, area removed: 2158.179 um^2. Remaining area to be compensated by modifying density: 3.118 um^2
[INFO GPL-0058] White space area:           1470652.973 um^2 (+0.00%)
[INFO GPL-0059] Movable instances area:     788505.887 um^2 (+0.00%)
[INFO GPL-0060] Total filler area:          555823.116 um^2 (-0.39%)
[INFO GPL-0061] Total non-inflated area:    788519.237 um^2 (+0.00%)
[INFO GPL-0062] Total inflated area:        790680.534 um^2 (+0.00%)
[INFO GPL-0063] New Target Density:             0.5362
[INFO GPL-0087] Routability end iteration: increase inflation and revert back to snapshot.
Iteration | Overflow |     HPWL (um) |  HPWL(%) |   Penalty | Group
---------------------------------------------------------------
      670 |   0.5447 |  8.025025e+05 |   +6.62% |  1.37e-09 |      
      680 |   0.5412 |  7.869006e+05 |   -1.94% |  2.02e-09 |      
      690 |   0.5077 |  7.998783e+05 |   +1.65% |  2.97e-09 |      
      700 |   0.4777 |  7.563962e+05 |   -5.44% |  4.37e-09 |      
      710 |   0.4393 |  7.702078e+05 |   +1.83% |  6.42e-09 |      
      720 |   0.4074 |  7.575202e+05 |   -1.65% |  9.45e-09 |      
      730 |   0.3744 |  7.499683e+05 |   -1.00% |  1.39e-08 |      
      740 |   0.3366 |  7.576014e+05 |   +1.02% |  2.05e-08 |      
      750 |   0.3016 |  7.570998e+05 |   -0.07% |  3.02e-08 |      
[INFO GPL-0040] Routability iteration: 5
[INFO GPL-0041] Total routing overflow: 20.1976
[INFO GPL-0042] Number of overflowed tiles: 367 (1.17%)
[INFO GPL-0043] Average top 0.5% routing congestion: 1.0979
[INFO GPL-0044] Average top 1.0% routing congestion: 1.0636
[INFO GPL-0045] Average top 2.0% routing congestion: 1.0224
[INFO GPL-0046] Average top 5.0% routing congestion: 0.9569
[INFO GPL-0047] Routability iteration weighted routing congestion: 1.0808
[INFO GPL-0048] Routing congestion (1.0808) lower than previous minimum (1.093). Updating minimum.
[INFO GPL-0086] Inflated area:                1840.290 um^2 (+0.79%)
[INFO GPL-0052] Placement target density:       0.5362
[INFO GPL-0076] Removing fillers, count: Before: 66446, After: 66227 (-0.33%)
[INFO GPL-0077] Filler area (um^2)     : Before: 555823.116, After: 553991.173 (-0.33%)
[INFO GPL-0078] Removed fillers count: 219, area removed: 1831.943 um^2. Remaining area to be compensated by modifying density: 8.348 um^2
[INFO GPL-0058] White space area:           1470652.973 um^2 (+0.00%)
[INFO GPL-0059] Movable instances area:     788505.887 um^2 (+0.00%)
[INFO GPL-0060] Total filler area:          553991.173 um^2 (-0.33%)
[INFO GPL-0061] Total non-inflated area:    788527.585 um^2 (+0.00%)
[INFO GPL-0062] Total inflated area:        790367.875 um^2 (+0.00%)
[INFO GPL-0063] New Target Density:             0.5362
[INFO GPL-0087] Routability end iteration: increase inflation and revert back to snapshot.
Iteration | Overflow |     HPWL (um) |  HPWL(%) |   Penalty | Group
---------------------------------------------------------------
      760 |   0.5435 |  8.132395e+05 |   +7.42% |  1.37e-09 |      
      770 |   0.5408 |  7.944753e+05 |   -2.31% |  2.02e-09 |      
      780 |   0.5074 |  8.072331e+05 |   +1.61% |  2.97e-09 |      
      790 |   0.4768 |  7.615782e+05 |   -5.66% |  4.36e-09 |      
      800 |   0.4391 |  7.765664e+05 |   +1.97% |  6.42e-09 |      
      810 |   0.4076 |  7.634531e+05 |   -1.69% |  9.45e-09 |      
      820 |   0.3742 |  7.552704e+05 |   -1.07% |  1.39e-08 |      
      830 |   0.3360 |  7.631000e+05 |   +1.04% |  2.05e-08 |      
      840 |   0.3017 |  7.624782e+05 |   -0.08% |  3.02e-08 |      
[INFO GPL-0040] Routability iteration: 6
[INFO GPL-0041] Total routing overflow: 19.5435
[INFO GPL-0042] Number of overflowed tiles: 354 (1.13%)
[INFO GPL-0043] Average top 0.5% routing congestion: 1.0964
[INFO GPL-0044] Average top 1.0% routing congestion: 1.0617
[INFO GPL-0045] Average top 2.0% routing congestion: 1.0214
[INFO GPL-0046] Average top 5.0% routing congestion: 0.9567
[INFO GPL-0047] Routability iteration weighted routing congestion: 1.0791
[INFO GPL-0048] Routing congestion (1.0791) lower than previous minimum (1.081). Updating minimum.
[INFO GPL-0086] Inflated area:                1640.192 um^2 (+0.70%)
[INFO GPL-0052] Placement target density:       0.5362
[INFO GPL-0076] Removing fillers, count: Before: 66227, After: 66031 (-0.30%)
[INFO GPL-0077] Filler area (um^2)     : Before: 553991.173, After: 552351.626 (-0.30%)
[INFO GPL-0078] Removed fillers count: 196, area removed: 1639.547 um^2. Remaining area to be compensated by modifying density: 0.645 um^2
[INFO GPL-0058] White space area:           1470652.973 um^2 (+0.00%)
[INFO GPL-0059] Movable instances area:     788505.887 um^2 (+0.00%)
[INFO GPL-0060] Total filler area:          552351.626 um^2 (-0.30%)
[INFO GPL-0061] Total non-inflated area:    788528.230 um^2 (+0.00%)
[INFO GPL-0062] Total inflated area:        790168.422 um^2 (+0.00%)
[INFO GPL-0063] New Target Density:             0.5362
[INFO GPL-0087] Routability end iteration: increase inflation and revert back to snapshot.
Iteration | Overflow |     HPWL (um) |  HPWL(%) |   Penalty | Group
---------------------------------------------------------------
      850 |   0.5431 |  8.165800e+05 |   +7.10% |  1.38e-09 |      
      860 |   0.5398 |  8.012897e+05 |   -1.87% |  2.02e-09 |      
      870 |   0.5071 |  8.147174e+05 |   +1.68% |  2.97e-09 |      
      880 |   0.4763 |  7.666118e+05 |   -5.90% |  4.37e-09 |      
      890 |   0.4381 |  7.825149e+05 |   +2.07% |  6.42e-09 |      
      900 |   0.4075 |  7.683141e+05 |   -1.81% |  9.45e-09 |      
      910 |   0.3726 |  7.596330e+05 |   -1.13% |  1.39e-08 |      
      920 |   0.3352 |  7.664444e+05 |   +0.90% |  2.05e-08 |      
      930 |   0.3015 |  7.657363e+05 |   -0.09% |  3.02e-08 |      
[INFO GPL-0040] Routability iteration: 7
[INFO GPL-0041] Total routing overflow: 18.8672
[INFO GPL-0042] Number of overflowed tiles: 344 (1.10%)
[INFO GPL-0043] Average top 0.5% routing congestion: 1.0948
[INFO GPL-0044] Average top 1.0% routing congestion: 1.0598
[INFO GPL-0045] Average top 2.0% routing congestion: 1.0194
[INFO GPL-0046] Average top 5.0% routing congestion: 0.9539
[INFO GPL-0047] Routability iteration weighted routing congestion: 1.0773
[INFO GPL-0048] Routing congestion (1.0773) lower than previous minimum (1.079). Updating minimum.
[INFO GPL-0086] Inflated area:                1703.936 um^2 (+0.72%)
[INFO GPL-0052] Placement target density:       0.5362
[INFO GPL-0076] Removing fillers, count: Before: 66031, After: 65828 (-0.31%)
[INFO GPL-0077] Filler area (um^2)     : Before: 552351.626, After: 550653.524 (-0.31%)
[INFO GPL-0078] Removed fillers count: 203, area removed: 1698.102 um^2. Remaining area to be compensated by modifying density: 5.834 um^2
[INFO GPL-0058] White space area:           1470652.973 um^2 (+0.00%)
[INFO GPL-0059] Movable instances area:     788505.887 um^2 (+0.00%)
[INFO GPL-0060] Total filler area:          550653.524 um^2 (-0.31%)
[INFO GPL-0061] Total non-inflated area:    788534.064 um^2 (+0.00%)
[INFO GPL-0062] Total inflated area:        790237.999 um^2 (+0.00%)
[INFO GPL-0063] New Target Density:             0.5362
[INFO GPL-0087] Routability end iteration: increase inflation and revert back to snapshot.
Iteration | Overflow |     HPWL (um) |  HPWL(%) |   Penalty | Group
---------------------------------------------------------------
      940 |   0.5418 |  8.269100e+05 |   +7.99% |  1.38e-09 |      
      950 |   0.5401 |  8.081527e+05 |   -2.27% |  2.02e-09 |      
      960 |   0.5071 |  8.230991e+05 |   +1.85% |  2.97e-09 |      
      970 |   0.4766 |  7.717194e+05 |   -6.24% |  4.36e-09 |      
      980 |   0.4377 |  7.888490e+05 |   +2.22% |  6.41e-09 |      
      990 |   0.4065 |  7.739835e+05 |   -1.88% |  9.45e-09 |      
     1000 |   0.3730 |  7.643222e+05 |   -1.25% |  1.39e-08 |      
make[1]: *** [Makefile:464: do-3_3_place_gp] Terminated
make: *** [Makefile:464: results/sky130hd/d_dsp03_multifmt_fma/base/3_3_place_gp.odb] Terminated
     1010 |   0.3353 |  7.709638e+05 |   +0.87% |  2.05e-08 |      
     1020 |   0.3011 |  7.701101e+05 |   -0.11% |  3.02e-08 |      
[INFO GPL-0040] Routability iteration: 8
[INFO GPL-0041] Total routing overflow: 16.9663
[INFO GPL-0042] Number of overflowed tiles: 328 (1.05%)
[INFO GPL-0043] Average top 0.5% routing congestion: 1.0867
[INFO GPL-0044] Average top 1.0% routing congestion: 1.0540
[INFO GPL-0045] Average top 2.0% routing congestion: 1.0150
[INFO GPL-0046] Average top 5.0% routing congestion: 0.9522
[INFO GPL-0047] Routability iteration weighted routing congestion: 1.0703
[INFO GPL-0048] Routing congestion (1.0703) lower than previous minimum (1.077). Updating minimum.
[INFO GPL-0086] Inflated area:                1532.534 um^2 (+0.64%)
[INFO GPL-0052] Placement target density:       0.5362
[INFO GPL-0076] Removing fillers, count: Before: 65828, After: 65645 (-0.28%)
[INFO GPL-0077] Filler area (um^2)     : Before: 550653.524, After: 549122.723 (-0.28%)
[INFO GPL-0078] Removed fillers count: 183, area removed: 1530.801 um^2. Remaining area to be compensated by modifying density: 1.733 um^2
[INFO GPL-0058] White space area:           1470652.973 um^2 (+0.00%)
[INFO GPL-0059] Movable instances area:     788505.887 um^2 (+0.00%)
[INFO GPL-0060] Total filler area:          549122.723 um^2 (-0.28%)
[INFO GPL-0061] Total non-inflated area:    788535.796 um^2 (+0.00%)
[INFO GPL-0062] Total inflated area:        790068.331 um^2 (+0.00%)
[INFO GPL-0063] New Target Density:             0.5362
[INFO GPL-0087] Routability end iteration: increase inflation and revert back to snapshot.
Iteration | Overflow |     HPWL (um) |  HPWL(%) |   Penalty | Group
---------------------------------------------------------------
     1030 |   0.5407 |  8.363422e+05 |   +8.60% |  1.38e-09 |      
     1040 |   0.5388 |  8.157112e+05 |   -2.47% |  2.02e-09 |      
     1050 |   0.5065 |  8.304695e+05 |   +1.81% |  2.96e-09 |      
     1060 |   0.4760 |  7.765218e+05 |   -6.50% |  4.36e-09 |      
     1070 |   0.4381 |  7.941552e+05 |   +2.27% |  6.41e-09 |      
     1080 |   0.4066 |  7.787170e+05 |   -1.94% |  9.44e-09 |      
     1090 |   0.3721 |  7.679905e+05 |   -1.38% |  1.39e-08 |      
     1100 |   0.3362 |  7.739490e+05 |   +0.78% |  2.05e-08 |      
     1110 |   0.3014 |  7.732076e+05 |   -0.10% |  3.01e-08 |      
[INFO GPL-0040] Routability iteration: 9
[INFO GPL-0041] Total routing overflow: 13.6985
[INFO GPL-0042] Number of overflowed tiles: 301 (0.96%)
[INFO GPL-0043] Average top 0.5% routing congestion: 1.0746
[INFO GPL-0044] Average top 1.0% routing congestion: 1.0436
[INFO GPL-0045] Average top 2.0% routing congestion: 1.0075
[INFO GPL-0046] Average top 5.0% routing congestion: 0.9458
[INFO GPL-0047] Routability iteration weighted routing congestion: 1.0591
[INFO GPL-0048] Routing congestion (1.0591) lower than previous minimum (1.07). Updating minimum.
[INFO GPL-0086] Inflated area:                1380.415 um^2 (+0.58%)
[INFO GPL-0052] Placement target density:       0.5362
[INFO GPL-0076] Removing fillers, count: Before: 65645, After: 65480 (-0.25%)
[INFO GPL-0077] Filler area (um^2)     : Before: 549122.723, After: 547742.492 (-0.25%)
[INFO GPL-0078] Removed fillers count: 165, area removed: 1380.231 um^2. Remaining area to be compensated by modifying density: 0.184 um^2
[INFO GPL-0058] White space area:           1470652.973 um^2 (+0.00%)
[INFO GPL-0059] Movable instances area:     788505.887 um^2 (+0.00%)
[INFO GPL-0060] Total filler area:          547742.492 um^2 (-0.25%)
[INFO GPL-0061] Total non-inflated area:    788535.980 um^2 (+0.00%)
[INFO GPL-0062] Total inflated area:        789916.395 um^2 (+0.00%)
[INFO GPL-0063] New Target Density:             0.5362
[INFO GPL-0087] Routability end iteration: increase inflation and revert back to snapshot.
Iteration | Overflow |     HPWL (um) |  HPWL(%) |   Penalty | Group
---------------------------------------------------------------
     1120 |   0.5393 |  8.459901e+05 |   +9.41% |  1.37e-09 |      
     1130 |   0.5385 |  8.223026e+05 |   -2.80% |  2.02e-09 |      
     1140 |   0.5063 |  8.385080e+05 |   +1.97% |  2.96e-09 |      
     1150 |   0.4749 |  7.817138e+05 |   -6.77% |  4.36e-09 |      
     1160 |   0.4379 |  7.995381e+05 |   +2.28% |  6.40e-09 |      
     1170 |   0.4063 |  7.828940e+05 |   -2.08% |  9.43e-09 |      
     1180 |   0.3720 |  7.723333e+05 |   -1.35% |  1.39e-08 |      
     1190 |   0.3346 |  7.774929e+05 |   +0.67% |  2.04e-08 |      
     1200 |   0.3017 |  7.765002e+05 |   -0.13% |  3.01e-08 |      
[INFO GPL-0040] Routability iteration: 10
[INFO GPL-0041] Total routing overflow: 13.3517
[INFO GPL-0042] Number of overflowed tiles: 263 (0.84%)
[INFO GPL-0043] Average top 0.5% routing congestion: 1.0757
[INFO GPL-0044] Average top 1.0% routing congestion: 1.0415
[INFO GPL-0045] Average top 2.0% routing congestion: 1.0036
[INFO GPL-0046] Average top 5.0% routing congestion: 0.9427
[INFO GPL-0047] Routability iteration weighted routing congestion: 1.0586
[INFO GPL-0049] Routing congestion (1.0586) higher than minimum (1.0591). Consecutive non-improvement count: 1.
[INFO GPL-0086] Inflated area:                1227.968 um^2 (+0.51%)
[INFO GPL-0052] Placement target density:       0.5362
[INFO GPL-0076] Removing fillers, count: Before: 65480, After: 65334 (-0.22%)
[INFO GPL-0077] Filler area (um^2)     : Before: 547742.492, After: 546521.197 (-0.22%)
[INFO GPL-0078] Removed fillers count: 146, area removed: 1221.295 um^2. Remaining area to be compensated by modifying density: 6.673 um^2
[INFO GPL-0058] White space area:           1470652.973 um^2 (+0.00%)
[INFO GPL-0059] Movable instances area:     788505.887 um^2 (+0.00%)
[INFO GPL-0060] Total filler area:          546521.197 um^2 (-0.22%)
[INFO GPL-0061] Total non-inflated area:    788542.653 um^2 (+0.00%)
[INFO GPL-0062] Total inflated area:        789770.621 um^2 (+0.00%)
[INFO GPL-0063] New Target Density:             0.5362
[INFO GPL-0087] Routability end iteration: increase inflation and revert back to snapshot.
Iteration | Overflow |     HPWL (um) |  HPWL(%) |   Penalty | Group
---------------------------------------------------------------
     1210 |   0.5379 |  8.548260e+05 |  +10.09% |  1.37e-09 |      
     1220 |   0.5380 |  8.280783e+05 |   -3.13% |  2.02e-09 |      
     1230 |   0.5053 |  8.447410e+05 |   +2.01% |  2.96e-09 |      
     1240 |   0.4751 |  7.864544e+05 |   -6.90% |  4.35e-09 |      
     1250 |   0.4371 |  8.043883e+05 |   +2.28% |  6.40e-09 |      
     1260 |   0.4062 |  7.879404e+05 |   -2.04% |  9.42e-09 |      
     1270 |   0.3717 |  7.765900e+05 |   -1.44% |  1.39e-08 |      
     1280 |   0.3347 |  7.821524e+05 |   +0.72% |  2.04e-08 |      
     1290 |   0.3019 |  7.799981e+05 |   -0.28% |  3.01e-08 |      
[INFO GPL-0040] Routability iteration: 11
[INFO GPL-0041] Total routing overflow: 13.2043
[INFO GPL-0042] Number of overflowed tiles: 267 (0.85%)
[INFO GPL-0043] Average top 0.5% routing congestion: 1.0743
[INFO GPL-0044] Average top 1.0% routing congestion: 1.0412
[INFO GPL-0045] Average top 2.0% routing congestion: 1.0030
[INFO GPL-0046] Average top 5.0% routing congestion: 0.9411
[INFO GPL-0047] Routability iteration weighted routing congestion: 1.0577
[INFO GPL-0048] Routing congestion (1.0577) lower than previous minimum (1.059). Updating minimum.
[INFO GPL-0086] Inflated area:                1081.432 um^2 (+0.45%)
[INFO GPL-0052] Placement target density:       0.5362
[INFO GPL-0076] Removing fillers, count: Before: 65334, After: 65205 (-0.20%)
[INFO GPL-0077] Filler area (um^2)     : Before: 546521.197, After: 545442.107 (-0.20%)
[INFO GPL-0078] Removed fillers count: 129, area removed: 1079.090 um^2. Remaining area to be compensated by modifying density: 2.343 um^2
[INFO GPL-0058] White space area:           1470652.973 um^2 (+0.00%)
[INFO GPL-0059] Movable instances area:     788505.887 um^2 (+0.00%)
[INFO GPL-0060] Total filler area:          545442.107 um^2 (-0.20%)
[INFO GPL-0061] Total non-inflated area:    788544.996 um^2 (+0.00%)
[INFO GPL-0062] Total inflated area:        789626.428 um^2 (+0.00%)
[INFO GPL-0063] New Target Density:             0.5362
[INFO GPL-0087] Routability end iteration: increase inflation and revert back to snapshot.
Iteration | Overflow |     HPWL (um) |  HPWL(%) |   Penalty | Group
---------------------------------------------------------------
     1300 |   0.5370 |  8.627192e+05 |  +10.61% |  1.37e-09 |      
     1310 |   0.5378 |  8.342196e+05 |   -3.30% |  2.01e-09 |      
     1320 |   0.5056 |  8.506495e+05 |   +1.97% |  2.96e-09 |      
     1330 |   0.4755 |  7.903592e+05 |   -7.09% |  4.35e-09 |      
     1340 |   0.4374 |  8.087184e+05 |   +2.32% |  6.39e-09 |      
     1350 |   0.4061 |  7.916308e+05 |   -2.11% |  9.41e-09 |      
     1360 |   0.3709 |  7.802669e+05 |   -1.44% |  1.39e-08 |      
     1370 |   0.3343 |  7.852914e+05 |   +0.64% |  2.04e-08 |      
     1380 |   0.3020 |  7.827402e+05 |   -0.32% |  3.01e-08 |      
[INFO GPL-0040] Routability iteration: 12
[INFO GPL-0041] Total routing overflow: 10.5616
[INFO GPL-0042] Number of overflowed tiles: 233 (0.74%)
[INFO GPL-0043] Average top 0.5% routing congestion: 1.0624
[INFO GPL-0044] Average top 1.0% routing congestion: 1.0316
[INFO GPL-0045] Average top 2.0% routing congestion: 0.9960
[INFO GPL-0046] Average top 5.0% routing congestion: 0.9379
[INFO GPL-0047] Routability iteration weighted routing congestion: 1.0470
[INFO GPL-0048] Routing congestion (1.0470) lower than previous minimum (1.058). Updating minimum.
[INFO GPL-0086] Inflated area:                 913.189 um^2 (+0.38%)
[INFO GPL-0052] Placement target density:       0.5362
[INFO GPL-0076] Removing fillers, count: Before: 65205, After: 65096 (-0.17%)
[INFO GPL-0077] Filler area (um^2)     : Before: 545442.107, After: 544530.318 (-0.17%)
[INFO GPL-0078] Removed fillers count: 109, area removed: 911.789 um^2. Remaining area to be compensated by modifying density: 1.400 um^2
[INFO GPL-0058] White space area:           1470652.973 um^2 (+0.00%)
[INFO GPL-0059] Movable instances area:     788505.887 um^2 (+0.00%)
[INFO GPL-0060] Total filler area:          544530.318 um^2 (-0.17%)
[INFO GPL-0061] Total non-inflated area:    788546.396 um^2 (+0.00%)
[INFO GPL-0062] Total inflated area:        789459.585 um^2 (+0.00%)
[INFO GPL-0063] New Target Density:             0.5362
[INFO GPL-0087] Routability end iteration: increase inflation and revert back to snapshot.
