wiped sky130hd/arbiter (results, logs, objects, reports)
constraining to CLK_PERIOD_NS=1.4844 (SDC + synthesis)
OPENROAD: /OpenROAD-flow-scripts/tools/OpenROAD
mkdir -p results/sky130hd/arbiter/base/
echo 1.4844 > results/sky130hd/arbiter/base/clock_period.txt
/OpenROAD-flow-scripts/flow/scripts/synth.sh /OpenROAD-flow-scripts/flow/scripts/synth_canonicalize.tcl ./logs/sky130hd/arbiter/base/1_1_yosys_canonicalize.log
Using ABC speed script.
Extracting clock period from SDC file: ./results/sky130hd/arbiter/base/clock_period.txt
Setting clock period to 1.4844
1. Executing Liberty frontend: /OpenROAD-flow-scripts/flow/platforms/sky130hd/lib/sky130_fd_sc_hd__tt_025C_1v80.lib
2. Executing Liberty frontend: /OpenROAD-flow-scripts/flow/platforms/sky130hd/lib/sky130_fd_sc_hd__tt_025C_1v80.lib
3. Executing SLANG frontend.
3.1. Executing PROC_CLEAN pass (remove empty switches from decision trees).
3.2. Executing TRIBUF pass.
3.3. Executing PROC_RMDEAD pass (remove dead branches from decision trees).
3.4. Executing PROC_PRUNE pass (remove redundant assignments in processes).
3.5. Executing PROC_INIT pass (extract init attributes).
3.6. Executing PROC_ROM pass (convert switches to ROMs).
3.7. Executing PROC_MUX pass (convert decision trees to multiplexers).
3.8. Executing PROC_CLEAN pass (remove empty switches from decision trees).
3.9. Executing OPT_EXPR pass (perform const folding).
4. Executing HIERARCHY pass (managing design hierarchy).
4.1. Analyzing design hierarchy..
4.2. Analyzing design hierarchy..
5. Executing OPT_CLEAN pass (remove unused cells and wires).
6. Executing RTLIL backend.
End of script. Logfile hash: 10d19a1116, time: 0.54s, user: 0.42s, system: 0.05s, MEM: 79.35 MB peak
Yosys 0.68+post (git sha1 UNKNOWN, Release, GNU /usr/local/bin/wrapped-cc/g++ 11.4.0)
Time spent: 42% 2x read_slang (0 sec), 37% 4x read_liberty (0 sec), ...
Elapsed time: 0:00.62[h:]min:sec. CPU time: user 0.55 sys 0.06 (97%). Peak memory: 83516KB.
Log                       Ext     Elapsed/s Peak Memory/MB sha1sum result [0:20)
1_1_yosys_canonicalize    .rtlil          0             81 77f579ea19031ece7db1
/OpenROAD-flow-scripts/flow/scripts/synth.sh /OpenROAD-flow-scripts/flow/scripts/synth.tcl ./logs/sky130hd/arbiter/base/1_2_yosys.log
Using ABC speed script.
Extracting clock period from SDC file: ./results/sky130hd/arbiter/base/clock_period.txt
Setting clock period to 1.4844
1. Executing RTLIL frontend.
2. Executing HIERARCHY pass (managing design hierarchy).
2.1. Analyzing design hierarchy..
2.2. Analyzing design hierarchy..
3. Executing SYNTH pass.
3.1. Executing HIERARCHY pass (managing design hierarchy).
3.1.1. Analyzing design hierarchy..
3.1.2. Analyzing design hierarchy..
3.2. Executing PROC pass (convert processes to netlists).
3.2.1. Executing PROC_CLEAN pass (remove empty switches from decision trees).
3.2.2. Executing PROC_RMDEAD pass (remove dead branches from decision trees).
3.2.3. Executing PROC_PRUNE pass (remove redundant assignments in processes).
3.2.4. Executing PROC_INIT pass (extract init attributes).
3.2.5. Executing PROC_ARST pass (detect async resets in processes).
3.2.6. Executing PROC_ROM pass (convert switches to ROMs).
3.2.7. Executing PROC_MUX pass (convert decision trees to multiplexers).
3.2.8. Executing PROC_DLATCH pass (convert process syncs to latches).
3.2.9. Executing PROC_DFF pass (convert process syncs to FFs).
3.2.10. Executing PROC_MEMWR pass (convert process memory writes to cells).
3.2.11. Executing PROC_CLEAN pass (remove empty switches from decision trees).
3.2.12. Executing OPT_EXPR pass (perform const folding).
3.3. Executing CHECK pass (checking for obvious problems).
3.4. Executing FLATTEN pass (flatten design).
3.5. Executing OPT_EXPR pass (perform const folding).
3.6. Executing OPT_CLEAN pass (remove unused cells and wires).
3.7. Executing CHECK pass (checking for obvious problems).
3.8. Executing OPT pass (performing simple optimizations).
3.8.1. Executing OPT_EXPR pass (perform const folding).
3.8.2. Executing OPT_MERGE pass (detect identical cells).
3.8.3. Executing OPT_MUXTREE pass (detect dead branches in mux trees).
3.8.4. Executing OPT_REDUCE pass (consolidate $*mux and $reduce_* inputs).
3.8.5. Executing OPT_MERGE pass (detect identical cells).
3.8.6. Executing OPT_DFF pass (perform DFF optimizations).
3.8.7. Executing OPT_CLEAN pass (remove unused cells and wires).
3.8.8. Executing OPT_EXPR pass (perform const folding).
3.8.9. Rerunning OPT passes. (Maybe there is more to do..)
3.8.10. Executing OPT_MUXTREE pass (detect dead branches in mux trees).
3.8.11. Executing OPT_REDUCE pass (consolidate $*mux and $reduce_* inputs).
3.8.12. Executing OPT_MERGE pass (detect identical cells).
3.8.13. Executing OPT_DFF pass (perform DFF optimizations).
3.8.14. Executing OPT_CLEAN pass (remove unused cells and wires).
3.8.15. Executing OPT_EXPR pass (perform const folding).
3.8.16. Finished fast OPT passes. (There is nothing left to do.)
3.9. Executing FSM pass (extract and optimize FSM).
3.9.1. Executing FSM_DETECT pass (finding FSMs in design).
3.9.2. Executing FSM_EXTRACT pass (extracting FSM from design).
3.9.3. Executing FSM_OPT pass (simple optimizations of FSMs).
3.9.4. Executing OPT_CLEAN pass (remove unused cells and wires).
3.9.5. Executing FSM_OPT pass (simple optimizations of FSMs).
3.9.6. Executing FSM_RECODE pass (re-assigning FSM state encoding).
3.9.7. Executing FSM_INFO pass (dumping all available information on FSM cells).
3.9.8. Executing FSM_MAP pass (mapping FSMs to basic logic).
3.10. Executing OPT pass (performing simple optimizations).
3.10.1. Executing OPT_EXPR pass (perform const folding).
3.10.2. Executing OPT_MERGE pass (detect identical cells).
3.10.3. Executing OPT_MUXTREE pass (detect dead branches in mux trees).
3.10.4. Executing OPT_REDUCE pass (consolidate $*mux and $reduce_* inputs).
3.10.5. Executing OPT_MERGE pass (detect identical cells).
3.10.6. Executing OPT_DFF pass (perform DFF optimizations).
3.10.7. Executing OPT_CLEAN pass (remove unused cells and wires).
3.10.8. Executing OPT_EXPR pass (perform const folding).
3.10.9. Rerunning OPT passes. (Maybe there is more to do..)
3.10.10. Executing OPT_MUXTREE pass (detect dead branches in mux trees).
3.10.11. Executing OPT_REDUCE pass (consolidate $*mux and $reduce_* inputs).
3.10.12. Executing OPT_MERGE pass (detect identical cells).
3.10.13. Executing OPT_DFF pass (perform DFF optimizations).
3.10.14. Executing OPT_CLEAN pass (remove unused cells and wires).
3.10.15. Executing OPT_EXPR pass (perform const folding).
3.10.16. Finished fast OPT passes. (There is nothing left to do.)
3.11. Executing WREDUCE pass (reducing word size of cells).
3.12. Executing PEEPOPT pass (run peephole optimizers).
3.13. Executing OPT_CLEAN pass (remove unused cells and wires).
3.14. Executing ALUMACC pass (create $alu and $macc cells).
3.15. Executing SHARE pass (SAT-based resource sharing).
3.16. Executing OPT pass (performing simple optimizations).
3.16.1. Executing OPT_EXPR pass (perform const folding).
3.16.2. Executing OPT_MERGE pass (detect identical cells).
3.16.3. Executing OPT_MUXTREE pass (detect dead branches in mux trees).
3.16.4. Executing OPT_REDUCE pass (consolidate $*mux and $reduce_* inputs).
3.16.5. Executing OPT_MERGE pass (detect identical cells).
3.16.6. Executing OPT_DFF pass (perform DFF optimizations).
3.16.7. Executing OPT_CLEAN pass (remove unused cells and wires).
3.16.8. Executing OPT_EXPR pass (perform const folding).
3.16.9. Rerunning OPT passes. (Maybe there is more to do..)
3.16.10. Executing OPT_MUXTREE pass (detect dead branches in mux trees).
3.16.11. Executing OPT_REDUCE pass (consolidate $*mux and $reduce_* inputs).
3.16.12. Executing OPT_MERGE pass (detect identical cells).
3.16.13. Executing OPT_DFF pass (perform DFF optimizations).
3.16.14. Executing OPT_CLEAN pass (remove unused cells and wires).
3.16.15. Executing OPT_EXPR pass (perform const folding).
3.16.16. Finished fast OPT passes. (There is nothing left to do.)
3.17. Executing MEMORY pass.
3.17.1. Executing OPT_MEM pass (optimize memories).
3.17.2. Executing OPT_MEM_PRIORITY pass (removing unnecessary memory write priority relations).
3.17.3. Executing OPT_MEM_FEEDBACK pass (finding memory read-to-write feedback paths).
3.17.4. Executing MEMORY_BMUX2ROM pass (converting muxes to ROMs).
3.17.5. Executing MEMORY_DFF pass (merging $dff cells to $memrd).
3.17.6. Executing OPT_CLEAN pass (remove unused cells and wires).
3.17.7. Executing MEMORY_SHARE pass (consolidating $memrd/$memwr cells).
3.17.8. Executing OPT_MEM_WIDEN pass (optimize memories where all ports are wide).
3.17.9. Executing OPT_CLEAN pass (remove unused cells and wires).
3.17.10. Executing MEMORY_COLLECT pass (generating $mem cells).
3.18. Executing OPT_CLEAN pass (remove unused cells and wires).
4. Executing SYNTH pass.
4.1. Executing OPT pass (performing simple optimizations).
4.1.1. Executing OPT_EXPR pass (perform const folding).
4.1.2. Executing OPT_MERGE pass (detect identical cells).
4.1.3. Executing OPT_DFF pass (perform DFF optimizations).
4.1.4. Executing OPT_CLEAN pass (remove unused cells and wires).
4.1.5. Finished fast OPT passes.
4.2. Executing MEMORY_MAP pass (converting memories to logic and flip-flops).
4.3. Executing OPT pass (performing simple optimizations).
4.3.1. Executing OPT_EXPR pass (perform const folding).
4.3.2. Executing OPT_MERGE pass (detect identical cells).
4.3.3. Executing OPT_MUXTREE pass (detect dead branches in mux trees).
4.3.4. Executing OPT_REDUCE pass (consolidate $*mux and $reduce_* inputs).
4.3.5. Executing OPT_MERGE pass (detect identical cells).
4.3.6. Executing OPT_SHARE pass.
4.3.7. Executing OPT_DFF pass (perform DFF optimizations).
4.3.8. Executing OPT_CLEAN pass (remove unused cells and wires).
4.3.9. Executing OPT_EXPR pass (perform const folding).
4.3.10. Finished fast OPT passes. (There is nothing left to do.)
4.4. Executing TECHMAP pass (map to technology primitives).
4.4.1. Executing Verilog-2005 frontend: /OpenROAD-flow-scripts/tools/install/yosys/bin/../share/yosys/techmap.v
4.4.2. Executing Verilog-2005 frontend: /OpenROAD-flow-scripts/flow/platforms/common/lcu_kogge_stone.v
4.4.3. Continuing TECHMAP pass.
4.5. Executing OPT pass (performing simple optimizations).
4.5.1. Executing OPT_EXPR pass (perform const folding).
4.5.2. Executing OPT_MERGE pass (detect identical cells).
4.5.3. Executing OPT_DFF pass (perform DFF optimizations).
4.5.4. Executing OPT_CLEAN pass (remove unused cells and wires).
4.5.5. Finished fast OPT passes.
4.6. Executing HIERARCHY pass (managing design hierarchy).
4.6.1. Analyzing design hierarchy..
4.6.2. Analyzing design hierarchy..
4.7. Printing statistics.
4.8. Executing CHECK pass (checking for obvious problems).
5. Executing OPT pass (performing simple optimizations).
5.1. Executing OPT_EXPR pass (perform const folding).
5.2. Executing OPT_MERGE pass (detect identical cells).
5.3. Executing OPT_MUXTREE pass (detect dead branches in mux trees).
5.4. Executing OPT_REDUCE pass (consolidate $*mux and $reduce_* inputs).
5.5. Executing OPT_MERGE pass (detect identical cells).
5.6. Executing OPT_DFF pass (perform DFF optimizations).
5.7. Executing OPT_CLEAN pass (remove unused cells and wires).
5.8. Executing OPT_EXPR pass (perform const folding).
5.9. Finished fast OPT passes. (There is nothing left to do.)
6. Executing EXTRACT_FA pass (find and extract full/half adders).
7. Executing TECHMAP pass (map to technology primitives).
7.1. Executing Verilog-2005 frontend: /OpenROAD-flow-scripts/flow/platforms/sky130hd/cells_adders_hd.v
7.2. Continuing TECHMAP pass.
8. Executing TECHMAP pass (map to technology primitives).
8.1. Executing Verilog-2005 frontend: /OpenROAD-flow-scripts/tools/install/yosys/bin/../share/yosys/techmap.v
8.2. Continuing TECHMAP pass.
9. Executing OPT pass (performing simple optimizations).
9.1. Executing OPT_EXPR pass (perform const folding).
9.2. Executing OPT_MERGE pass (detect identical cells).
9.3. Executing OPT_DFF pass (perform DFF optimizations).
9.4. Executing OPT_CLEAN pass (remove unused cells and wires).
9.5. Finished fast OPT passes.
10. Executing DFFLEGALIZE pass (convert FFs to types supported by the target).
11. Executing TECHMAP pass (map to technology primitives).
11.1. Executing Verilog-2005 frontend: /OpenROAD-flow-scripts/flow/platforms/sky130hd/cells_latch_hd.v
11.2. Continuing TECHMAP pass.
12. Executing DFFLIBMAP pass (mapping DFF cells to sequential cells from liberty file).
12.1. Executing DFFLEGALIZE pass (convert FFs to types supported by the target).
13. Executing OPT pass (performing simple optimizations).
13.1. Executing OPT_EXPR pass (perform const folding).
13.2. Executing OPT_MERGE pass (detect identical cells).
13.3. Executing OPT_MUXTREE pass (detect dead branches in mux trees).
13.4. Executing OPT_REDUCE pass (consolidate $*mux and $reduce_* inputs).
13.5. Executing OPT_MERGE pass (detect identical cells).
13.6. Executing OPT_DFF pass (perform DFF optimizations).
13.7. Executing OPT_CLEAN pass (remove unused cells and wires).
13.8. Executing OPT_EXPR pass (perform const folding).
13.9. Finished fast OPT passes. (There is nothing left to do.)
14. Executing SETUNDEF pass (replace undef values with defined constants).
abc -script /OpenROAD-flow-scripts/flow/scripts/abc_speed.script -liberty /OpenROAD-flow-scripts/flow/platforms/sky130hd/lib/sky130_fd_sc_hd__tt_025C_1v80.lib -dont_use sky130_fd_sc_hd__probe_p_8 -dont_use sky130_fd_sc_hd__probec_p_8 -dont_use sky130_fd_sc_hd__lpflow_bleeder_1 -dont_use sky130_fd_sc_hd__lpflow_clkbufkapwr_1 -dont_use sky130_fd_sc_hd__lpflow_clkbufkapwr_16 -dont_use sky130_fd_sc_hd__lpflow_clkbufkapwr_2 -dont_use sky130_fd_sc_hd__lpflow_clkbufkapwr_4 -dont_use sky130_fd_sc_hd__lpflow_clkbufkapwr_8 -dont_use sky130_fd_sc_hd__lpflow_clkinvkapwr_1 -dont_use sky130_fd_sc_hd__lpflow_clkinvkapwr_16 -dont_use sky130_fd_sc_hd__lpflow_clkinvkapwr_2 -dont_use sky130_fd_sc_hd__lpflow_clkinvkapwr_4 -dont_use sky130_fd_sc_hd__lpflow_clkinvkapwr_8 -dont_use sky130_fd_sc_hd__lpflow_decapkapwr_12 -dont_use sky130_fd_sc_hd__lpflow_decapkapwr_3 -dont_use sky130_fd_sc_hd__lpflow_decapkapwr_4 -dont_use sky130_fd_sc_hd__lpflow_decapkapwr_6 -dont_use sky130_fd_sc_hd__lpflow_decapkapwr_8 -dont_use sky130_fd_sc_hd__lpflow_inputiso0n_1 -dont_use sky130_fd_sc_hd__lpflow_inputiso0p_1 -dont_use sky130_fd_sc_hd__lpflow_inputiso1n_1 -dont_use sky130_fd_sc_hd__lpflow_inputiso1p_1 -dont_use sky130_fd_sc_hd__lpflow_inputisolatch_1 -dont_use sky130_fd_sc_hd__lpflow_isobufsrc_1 -dont_use sky130_fd_sc_hd__lpflow_isobufsrc_16 -dont_use sky130_fd_sc_hd__lpflow_isobufsrc_2 -dont_use sky130_fd_sc_hd__lpflow_isobufsrc_4 -dont_use sky130_fd_sc_hd__lpflow_isobufsrc_8 -dont_use sky130_fd_sc_hd__lpflow_isobufsrckapwr_16 -dont_use sky130_fd_sc_hd__lpflow_lsbuf_lh_hl_isowell_tap_1 -dont_use sky130_fd_sc_hd__lpflow_lsbuf_lh_hl_isowell_tap_2 -dont_use sky130_fd_sc_hd__lpflow_lsbuf_lh_hl_isowell_tap_4 -dont_use sky130_fd_sc_hd__lpflow_lsbuf_lh_isowell_4 -dont_use sky130_fd_sc_hd__lpflow_lsbuf_lh_isowell_tap_1 -dont_use sky130_fd_sc_hd__lpflow_lsbuf_lh_isowell_tap_2 -dont_use sky130_fd_sc_hd__lpflow_lsbuf_lh_isowell_tap_4 -constr ./objects/sky130hd/arbiter/base/abc.constr -D 1.4844
15. Executing ABC pass (technology mapping using ABC).
15.1. Extracting gate netlist of module `\arbiter' to `<abc-temp-dir>/input.blif'..
15.1.1. Executed ABC.
15.1.2. Re-integrating ABC results.
16. Executing SPLITNETS pass (splitting up multi-bit signals).
17. Executing OPT_CLEAN pass (remove unused cells and wires).
18. Executing HILOMAP pass (mapping to constant drivers).
19. Executing INSBUF pass (insert buffer cells for connected wires).
20. Executing CHECK pass (checking for obvious problems).
21. Printing statistics.
22. Executing CHECK pass (checking for obvious problems).
23. Executing Verilog backend.
23.1. Executing BMUXMAP pass.
23.2. Executing DEMUXMAP pass.
End of script. Logfile hash: 04c56d0772, time: 2.88s, user: 0.71s, system: 0.12s, MEM: 83.35 MB peak
Yosys 0.68+post (git sha1 UNKNOWN, Release, GNU /usr/local/bin/wrapped-cc/g++ 11.4.0)
Time spent: 73% 1x abc (1 sec), 3% 21x opt_clean (0 sec), ...
Elapsed time: 0:02.96[h:]min:sec. CPU time: user 2.77 sys 0.17 (99%). Peak memory: 87132KB.
Log                       Ext     Elapsed/s Peak Memory/MB sha1sum result [0:20)
1_2_yosys                 .v              2             85 a77acc87791d1f7be2a8
cp /work/orfs_configs/sky130hd/TierOne/arbiter/constraint.sdc ./results/sky130hd/arbiter/base/1_2_yosys.sdc
OpenROAD 26Q3-1080-gab6fd26351 
Features included (+) or not (-): +GPU +GUI +Python
This program is licensed under the BSD-3 license. See the LICENSE file for details.
Components of this program may be licensed under more restrictive licenses which must be honored.
[INFO ORD-0030] Using 10 thread(s).
mkdir -p ./objects/sky130hd/arbiter/base
/OpenROAD-flow-scripts/flow/scripts/flow.sh 1_synth synth_odb
Running synth_odb.tcl, stage 1_synth
read_liberty /OpenROAD-flow-scripts/flow/platforms/sky130hd/lib/sky130_fd_sc_hd__tt_025C_1v80.lib
[INFO ODB-0227] LEF file: /OpenROAD-flow-scripts/flow/platforms/sky130hd/lef/sky130_fd_sc_hd.tlef, created 13 layers, 25 vias
[INFO ODB-0227] LEF file: /OpenROAD-flow-scripts/flow/platforms/sky130hd/lef/sky130_fd_sc_hd_merged.lef, created 441 library cells
link_design arbiter
read_sdc ./results/sky130hd/arbiter/base/1_2_yosys.sdc
source /OpenROAD-flow-scripts/flow/platforms/sky130hd/setRC.tcl
eliminate_dead_logic
Removed 0 unused instances and 0 unused nets.
Design area 254 um^2 100% utilization.
write_db ./results/sky130hd/arbiter/base/1_synth.odb
write_sdc -no_timestamp ./results/sky130hd/arbiter/base/1_synth.sdc
Elapsed time: 0:00.92[h:]min:sec. CPU time: user 0.81 sys 0.08 (96%). Peak memory: 144984KB.
Log                       Ext     Elapsed/s Peak Memory/MB sha1sum result [0:20)
1_synth                   .odb            0            141 a7276706f758f2c45730
1_synth                   .sdc                             dffa2c1402195d3b1912
/OpenROAD-flow-scripts/flow/scripts/flow.sh 2_1_floorplan floorplan
Running floorplan.tcl, stage 2_1_floorplan
read_liberty /OpenROAD-flow-scripts/flow/platforms/sky130hd/lib/sky130_fd_sc_hd__tt_025C_1v80.lib
read_db ./results/sky130hd/arbiter/base/1_synth.odb
read_sdc ./results/sky130hd/arbiter/base/1_synth.sdc
source /OpenROAD-flow-scripts/flow/platforms/sky130hd/setRC.tcl
Master sky130_ef_sc_hd__decap_12 is loaded but not used in the design

==========================================================================
Floorplan check_setup
--------------------------------------------------------------------------
number instances in verilog is 35
[INFO IFP-0107] Defining die area using utilization: 10.00% and aspect ratio: 1.
[WARNING IFP-0028] Core area lower left (1.000, 1.000) snapped to (1.380, 2.720).
[INFO IFP-0001] Added 17 rows of 108 site unithd.
[INFO IFP-0100] Die BBox:  (  0.000  0.000 ) ( 52.395 52.395 ) um
[INFO IFP-0101] Core BBox: (  1.380  2.720 ) ( 51.060 48.960 ) um
[INFO IFP-0102] Core area:                         2297.203 um^2
[INFO IFP-0103] Total instances area:               253.994 um^2
[INFO IFP-0104] Effective utilization:                0.111
[INFO IFP-0105] Number of instances:                     35
source /OpenROAD-flow-scripts/flow/platforms/sky130hd/make_tracks.tcl
source /OpenROAD-flow-scripts/flow/platforms/sky130hd/fastroute.tcl
Repair tie lo fanout...
Repair tie hi fanout...
repair_timing -setup_margin 0 -hold_margin 0 -repair_tns 100 -match_cell_footprint -setup -skip_last_gasp -sequence unbuffer,sizeup,swap,vt_swap -verbose
[WARNING EST-0027] no estimated parasitics. Using wire load models.
[INFO RSZ-0100] Repair move sequence: UnbufferMove SizeUpMove SwapPinsMove 
[INFO RSZ-0098] No setup violations found
[INFO RSZ-0505] Runtime: 0.07s
Default units for flow
 time 1ns
 capacitance 1pF
 resistance 1kohm
 voltage 1v
 current 1mA
 power 1nW
 distance 1um
   Layer   | Unit Resistance | Unit Capacitance 
           |       (kohm/um) |          (pF/um)
------------------------------------------------
       li1 |        7.18e-02 |         1.50e-04
      met1 |        1.21e-03 |         1.72e-04
      met2 |        1.22e-03 |         1.36e-04
      met3 |        1.66e-04 |         2.15e-04
      met4 |        1.68e-04 |         1.48e-04
      met5 |        1.84e-05 |         1.54e-04
------------------------------------------------

   Layer   | Via Resistance 
           |         (kohm) 
----------------------------
      mcon |       9.25e-03 
       via |       4.50e-03 
      via2 |       3.37e-03 
      via3 |       3.77e-04 
      via4 |       5.80e-06 
----------------------------
Report metrics stage 2, floorplan final...

==========================================================================
floorplan final report_design_area
--------------------------------------------------------------------------
Design area 254 um^2 11% utilization.
write_db ./results/sky130hd/arbiter/base/2_1_floorplan.odb
write_sdc -no_timestamp ./results/sky130hd/arbiter/base/2_1_floorplan.sdc
Elapsed time: 0:01.23[h:]min:sec. CPU time: user 1.02 sys 0.17 (96%). Peak memory: 180464KB.
Log                       Ext     Elapsed/s Peak Memory/MB sha1sum result [0:20)
2_1_floorplan             .odb            1            176 ff638633aa19b4fd6d27
2_1_floorplan             .sdc                             dffa2c1402195d3b1912
/OpenROAD-flow-scripts/flow/scripts/flow.sh 2_2_floorplan_macro macro_place
Running macro_place.tcl, stage 2_2_floorplan_macro
read_liberty /OpenROAD-flow-scripts/flow/platforms/sky130hd/lib/sky130_fd_sc_hd__tt_025C_1v80.lib
read_db ./results/sky130hd/arbiter/base/2_1_floorplan.odb
read_sdc ./results/sky130hd/arbiter/base/2_1_floorplan.sdc
source /OpenROAD-flow-scripts/flow/platforms/sky130hd/setRC.tcl
No macros found: Skipping macro_placement
Design area 254 um^2 11% utilization.
write_db ./results/sky130hd/arbiter/base/2_2_floorplan_macro.odb
Elapsed time: 0:00.84[h:]min:sec. CPU time: user 0.77 sys 0.05 (97%). Peak memory: 142388KB.
Log                       Ext     Elapsed/s Peak Memory/MB sha1sum result [0:20)
2_2_floorplan_macro       .odb            0            139 ff638633aa19b4fd6d27
/OpenROAD-flow-scripts/flow/scripts/flow.sh 2_3_floorplan_tapcell tapcell
Running tapcell.tcl, stage 2_3_floorplan_tapcell
read_liberty /OpenROAD-flow-scripts/flow/platforms/sky130hd/lib/sky130_fd_sc_hd__tt_025C_1v80.lib
read_db ./results/sky130hd/arbiter/base/2_2_floorplan_macro.odb
read_sdc ./results/sky130hd/arbiter/base/2_1_floorplan.sdc
source /OpenROAD-flow-scripts/flow/platforms/sky130hd/setRC.tcl
[INFO TAP-0005] Inserted 28 tapcells.
Design area 289 um^2 13% utilization.
write_db ./results/sky130hd/arbiter/base/2_3_floorplan_tapcell.odb
Elapsed time: 0:00.85[h:]min:sec. CPU time: user 0.76 sys 0.07 (97%). Peak memory: 142300KB.
Log                       Ext     Elapsed/s Peak Memory/MB sha1sum result [0:20)
2_3_floorplan_tapcell     .odb            0            138 215915a79544ffb9e30d
/OpenROAD-flow-scripts/flow/scripts/flow.sh 2_4_floorplan_pdn pdn
Running pdn.tcl, stage 2_4_floorplan_pdn
read_liberty /OpenROAD-flow-scripts/flow/platforms/sky130hd/lib/sky130_fd_sc_hd__tt_025C_1v80.lib
read_db ./results/sky130hd/arbiter/base/2_3_floorplan_tapcell.odb
read_sdc ./results/sky130hd/arbiter/base/2_1_floorplan.sdc
source /OpenROAD-flow-scripts/flow/platforms/sky130hd/setRC.tcl
[WARNING PDN-1051] No instances found for grid (CORE_macro_grid_1).
[WARNING PDN-1051] No instances found for grid (CORE_macro_grid_2).
[INFO PDN-0001] Inserting grid: grid
[INFO PDN-0500] Runtime: 0.03s
Design area 289 um^2 13% utilization.
write_db ./results/sky130hd/arbiter/base/2_4_floorplan_pdn.odb
Elapsed time: 0:00.80[h:]min:sec. CPU time: user 0.73 sys 0.05 (98%). Peak memory: 147424KB.
Log                       Ext     Elapsed/s Peak Memory/MB sha1sum result [0:20)
2_4_floorplan_pdn         .odb            0            143 137e8ebe48ec17955d9b
cp ./results/sky130hd/arbiter/base/2_4_floorplan_pdn.odb ./results/sky130hd/arbiter/base/2_floorplan.odb
cp ./results/sky130hd/arbiter/base/2_1_floorplan.sdc ./results/sky130hd/arbiter/base/2_floorplan.sdc
/OpenROAD-flow-scripts/flow/scripts/flow.sh 3_1_place_gp_skip_io global_place_skip_io
Running global_place_skip_io.tcl, stage 3_1_place_gp_skip_io
read_liberty /OpenROAD-flow-scripts/flow/platforms/sky130hd/lib/sky130_fd_sc_hd__tt_025C_1v80.lib
read_db ./results/sky130hd/arbiter/base/2_floorplan.odb
read_sdc ./results/sky130hd/arbiter/base/2_floorplan.sdc
source /OpenROAD-flow-scripts/flow/platforms/sky130hd/setRC.tcl
global_placement -skip_io -density 0.5 -pad_left 0 -pad_right 0
[INFO GPL-0001] ---- Initialize GPL Main Data Structures
[INFO GPL-0002] DBU: 1000
[INFO GPL-0003] SiteSize: (  0.460  2.720 ) um
[INFO GPL-0004] CoreBBox: (  1.380  2.720 ) ( 51.060 48.960 ) um
[INFO GPL-0016] Core area:                    2297.203 um^2
[INFO GPL-0036] Movable instances area:        253.994 um^2
[INFO GPL-0037] Total instances area:          289.027 um^2
[INFO GPL-0035] Pin density area adjust:        31.223 um^2
[INFO GPL-0032] ---- Initialize Region: Top-level
[INFO GPL-0006] Number of instances:                63
[INFO GPL-0007] Movable instances:                  35
[INFO GPL-0008] Fixed instances:                    28
[INFO GPL-0009] Dummy instances:                     0
[INFO GPL-0010] Number of nets:                     41
[INFO GPL-0011] Number of pins:                    125
[INFO GPL-0012] Die BBox:       (  0.000  0.000 ) ( 52.395 52.395 ) um
[INFO GPL-0013] Placement BBox: (  1.380  2.720 ) ( 51.060 48.960 ) um
[INFO GPL-0014] Region name: top-level.
[INFO GPL-0015] Region area:                  2297.203 um^2
[INFO GPL-0017] Fixed instances area:           35.034 um^2
[INFO GPL-0018] Movable instances area:        285.216 um^2
[INFO GPL-0019] Utilization:                    12.608 %
[INFO GPL-0020] Standard cells area:           285.216 um^2
[INFO GPL-0021] Large instances area:            0.000 um^2
[INFO GPL-0005] ---- Execute Conjugate Gradient Initial Placement.
[INFO GPL-0051] Source of initial instance position counters:
	Odb location = 0	Core center = 35	Region center = 0
[INFO GPL-0033] ---- Initialize Nesterov Region: Top-level
[INFO GPL-0023] Placement target density:       0.5000
[INFO GPL-0024] Movable insts average area:      8.149 um^2
[INFO GPL-0025] Ideal bin area:                 16.298 um^2
[INFO GPL-0026] Ideal bin count:                   140
[INFO GPL-0027] Total bin area:               2297.203 um^2
[INFO GPL-0028] Bin count (X, Y):           8 ,      8
[INFO GPL-0029] Bin size (W * H):       6.210 *  5.780 um
[INFO GPL-0030] Number of bins:                     64
[INFO GPL-0084] ---- Execute Nesterov Global Placement.
[INFO GPL-0031] HPWL: Half-Perimeter Wirelength
Iteration | Overflow |     HPWL (um) |  HPWL(%) |   Penalty | Group
---------------------------------------------------------------
        0 |   0.7526 |  5.024400e+01 |   +0.00% |  5.05e-14 |      
       10 |   0.7476 |  4.447100e+01 |  -11.49% |  8.22e-14 |      
       20 |   0.7476 |  4.438800e+01 |   -0.19% |  1.34e-13 |      
       30 |   0.7476 |  4.438000e+01 |   -0.02% |  2.18e-13 |      
       40 |   0.7475 |  4.437800e+01 |   -0.00% |  3.55e-13 |      
       50 |   0.7475 |  4.441900e+01 |   +0.09% |  5.79e-13 |      
       60 |   0.7475 |  4.444200e+01 |   +0.05% |  9.43e-13 |      
       70 |   0.7474 |  4.450500e+01 |   +0.14% |  1.54e-12 |      
       80 |   0.7472 |  4.456600e+01 |   +0.14% |  2.50e-12 |      
       90 |   0.7470 |  4.468900e+01 |   +0.28% |  4.08e-12 |      
      100 |   0.7466 |  4.488200e+01 |   +0.43% |  6.64e-12 |      
      110 |   0.7460 |  4.514500e+01 |   +0.59% |  1.08e-11 |      
      120 |   0.7451 |  4.557800e+01 |   +0.96% |  1.76e-11 |      
      130 |   0.7437 |  4.618300e+01 |   +1.33% |  2.87e-11 |      
      140 |   0.7418 |  4.690700e+01 |   +1.57% |  4.67e-11 |      
      150 |   0.7357 |  4.747500e+01 |   +1.21% |  7.61e-11 |      
      160 |   0.7203 |  4.667500e+01 |   -1.69% |  1.24e-10 |      
      170 |   0.6900 |  4.593400e+01 |   -1.59% |  2.02e-10 |      
      180 |   0.6678 |  4.597300e+01 |   +0.08% |  3.29e-10 |      
      190 |   0.6807 |  4.588800e+01 |   -0.18% |  5.36e-10 |      
      200 |   0.7084 |  4.609000e+01 |   +0.44% |  8.73e-10 |      
      210 |   0.7106 |  4.663900e+01 |   +1.19% |  1.42e-09 |      
      220 |   0.7062 |  5.042500e+01 |   +8.12% |  2.32e-09 |      
      230 |   0.7022 |  5.713100e+01 |  +13.30% |  3.77e-09 |      
      240 |   0.6446 |  9.030200e+01 |  +58.06% |  6.15e-09 |      
      250 |   0.6163 |  1.083350e+02 |  +19.97% |  1.00e-08 |      
      260 |   0.5645 |  1.258340e+02 |  +16.15% |  1.63e-08 |      
      270 |   0.5094 |  1.441070e+02 |  +14.52% |  2.66e-08 |      
      280 |   0.4516 |  1.655890e+02 |  +14.91% |  4.33e-08 |      
      290 |   0.3984 |  1.853460e+02 |  +11.93% |  7.05e-08 |      
      300 |   0.3480 |  2.076290e+02 |  +12.02% |  1.15e-07 |      
      310 |   0.3152 |  2.227600e+02 |   +7.29% |  1.71e-07 |      
      320 |   0.2841 |  2.429980e+02 |   +9.09% |  2.52e-07 |      
      330 |   0.2371 |  2.508230e+02 |   +3.22% |  3.71e-07 |      
      340 |   0.1949 |  2.614170e+02 |   +4.22% |  5.46e-07 |      
      350 |   0.1514 |  2.728460e+02 |   +4.37% |  8.04e-07 |      
      360 |   0.0989 |  2.676130e+02 |   -1.92% |  1.18e-06 |      
      360 |   0.0989 |  2.676130e+02 |          |  1.23e-06 |      
---------------------------------------------------------------
[INFO GPL-1001] Global placement finished at iteration 360
[INFO GPL-1002] Placed Cell Area              285.2162
[INFO GPL-1003] Available Free Area          2262.1696
[INFO GPL-1004] Minimum Feasible Density        0.1300 (cell_area / free_area)
[INFO GPL-1006]   Suggested Target Densities:
[INFO GPL-1007]     - For 90% usage of free space: 0.1401
[INFO GPL-1008]     - For 80% usage of free space: 0.1576
[INFO GPL-1009]     - For 50% usage of free space: 0.2522
[INFO GPL-1014] Final placement area: 285.22 (+0.00%)
Design area 289 um^2 13% utilization.
write_db ./results/sky130hd/arbiter/base/3_1_place_gp_skip_io.odb
Elapsed time: 0:02.27[h:]min:sec. CPU time: user 9.96 sys 0.29 (452%). Peak memory: 145436KB.
Log                       Ext     Elapsed/s Peak Memory/MB sha1sum result [0:20)
3_1_place_gp_skip_io      .odb            2            142 23457368cea45045622d
/OpenROAD-flow-scripts/flow/scripts/flow.sh 3_2_place_iop io_placement
Running io_placement.tcl, stage 3_2_place_iop
read_liberty /OpenROAD-flow-scripts/flow/platforms/sky130hd/lib/sky130_fd_sc_hd__tt_025C_1v80.lib
read_db ./results/sky130hd/arbiter/base/3_1_place_gp_skip_io.odb
read_sdc ./results/sky130hd/arbiter/base/2_floorplan.sdc
source /OpenROAD-flow-scripts/flow/platforms/sky130hd/setRC.tcl
place_pins -hor_layers met3 -ver_layers met2
Found 0 macro blocks.
Using 2 tracks default min distance between IO pins.
[INFO PPL-0001] Number of available slots 180
[INFO PPL-0002] Number of I/O             13
[INFO PPL-0003] Number of I/O w/sink      13
[INFO PPL-0004] Number of I/O w/o sink    0
[INFO PPL-0005] Slots per section         200
[INFO PPL-0008] Successfully assigned pins to sections.
[INFO PPL-0012] I/O nets HPWL: 350.08 um.
Design area 289 um^2 13% utilization.
write_db ./results/sky130hd/arbiter/base/3_2_place_iop.odb
Elapsed time: 0:00.81[h:]min:sec. CPU time: user 0.75 sys 0.03 (97%). Peak memory: 142820KB.
Log                       Ext     Elapsed/s Peak Memory/MB sha1sum result [0:20)
3_2_place_iop             .odb            0            139 ab2c4092eaf081d7a0b5
/OpenROAD-flow-scripts/flow/scripts/flow.sh 3_3_place_gp global_place
Running global_place.tcl, stage 3_3_place_gp
read_liberty /OpenROAD-flow-scripts/flow/platforms/sky130hd/lib/sky130_fd_sc_hd__tt_025C_1v80.lib
read_db ./results/sky130hd/arbiter/base/3_2_place_iop.odb
read_sdc ./results/sky130hd/arbiter/base/2_floorplan.sdc
source /OpenROAD-flow-scripts/flow/platforms/sky130hd/setRC.tcl
[INFO RSZ-0026] Removed 2 buffers.
Perform port buffering...
[INFO RSZ-0027] Inserted 5 sky130_fd_sc_hd__clkdlybuf4s50_1 input buffers.
[INFO RSZ-0028] Inserted 7 sky130_fd_sc_hd__clkdlybuf4s50_1 output buffers.
global_placement -density 0.5 -pad_left 0 -pad_right 0 -routability_driven -timing_driven -force_center_initial_place -min_phi_coef 0.95 -max_phi_coef 1.05
[INFO GPL-0001] ---- Initialize GPL Main Data Structures
[INFO GPL-0002] DBU: 1000
[INFO GPL-0003] SiteSize: (  0.460  2.720 ) um
[INFO GPL-0004] CoreBBox: (  1.380  2.720 ) ( 51.060 48.960 ) um
[INFO GPL-0016] Core area:                    2297.203 um^2
[INFO GPL-0036] Movable instances area:        351.587 um^2
[INFO GPL-0037] Total instances area:          386.621 um^2
[INFO GPL-0035] Pin density area adjust:        47.790 um^2
[INFO GPL-0032] ---- Initialize Region: Top-level
[INFO GPL-0006] Number of instances:                73
[INFO GPL-0007] Movable instances:                  45
[INFO GPL-0008] Fixed instances:                    28
[INFO GPL-0009] Dummy instances:                     0
[INFO GPL-0010] Number of nets:                     51
[INFO GPL-0011] Number of pins:                    158
[INFO GPL-0012] Die BBox:       (  0.000  0.000 ) ( 52.395 52.395 ) um
[INFO GPL-0013] Placement BBox: (  1.380  2.720 ) ( 51.060 48.960 ) um
[INFO GPL-0014] Region name: top-level.
[INFO GPL-0015] Region area:                  2297.203 um^2
[INFO GPL-0017] Fixed instances area:           35.034 um^2
[INFO GPL-0018] Movable instances area:        399.377 um^2
[INFO GPL-0019] Utilization:                    17.655 %
[INFO GPL-0020] Standard cells area:           399.377 um^2
[INFO GPL-0021] Large instances area:            0.000 um^2
[INFO GPL-0005] ---- Execute Conjugate Gradient Initial Placement.
[INFO GPL-0051] Source of initial instance position counters:
	Odb location = 0	Core center = 45	Region center = 0
[InitialPlace]  Iter: 1 conjugate gradient residual: 0.00000005 HPWL: 820048
[InitialPlace]  Iter: 2 conjugate gradient residual: 0.00000007 HPWL: 686816
[InitialPlace]  Iter: 3 conjugate gradient residual: 0.00000009 HPWL: 685993
[InitialPlace]  Iter: 4 conjugate gradient residual: 0.00000011 HPWL: 684552
[InitialPlace]  Iter: 5 conjugate gradient residual: 0.00000006 HPWL: 683048
[INFO GPL-0033] ---- Initialize Nesterov Region: Top-level
[INFO GPL-0023] Placement target density:       0.5000
[INFO GPL-0024] Movable insts average area:      8.875 um^2
[INFO GPL-0025] Ideal bin area:                 17.750 um^2
[INFO GPL-0026] Ideal bin count:                   129
[INFO GPL-0027] Total bin area:               2297.203 um^2
[INFO GPL-0028] Bin count (X, Y):           8 ,      8
[INFO GPL-0029] Bin size (W * H):       6.210 *  5.780 um
[INFO GPL-0030] Number of bins:                     64
[INFO GPL-0084] ---- Execute Nesterov Global Placement.
[INFO GPL-0031] HPWL: Half-Perimeter Wirelength
Iteration | Overflow |     HPWL (um) |  HPWL(%) |   Penalty | Group
---------------------------------------------------------------
        0 |   0.4378 |  4.085850e+02 |   +0.00% |  3.85e-13 |      
[INFO GPL-0100] Timing-driven iteration 1/2, virtual: false.
[INFO GPL-0101]    Iter: 1, overflow: 0.438, keep resizer changes at: 1, HPWL: 408585
Iteration |   Area    | Resized | Buffers | Nets repaired | Remaining
---------------------------------------------------------------------
        0 |     +0.0% |       0 |       0 |             0 |        51
    final |     +0.0% |       0 |       0 |             0 |         0
---------------------------------------------------------------------
   Iter   |    Area   | Removed | Inserted |   Pins
          |           | Buffers | Buffers  | Remaining
-------------------------------------------------------
        0 |     +0.0% |       0 |        0 |        45
        4 |     +0.0% |       0 |        0 |        41
        8 |     +0.0% |       0 |        0 |        37
       12 |     +1.9% |       0 |        1 |        33
       16 |     +5.8% |       0 |        3 |        29
       20 |     +5.8% |       0 |        3 |        25
       24 |     +5.8% |       0 |        3 |        21
       28 |     +5.8% |       0 |        3 |        17
       32 |     +9.7% |       0 |        5 |        13
       36 |    +11.7% |       0 |        6 |         9
       40 |    +13.6% |       0 |        7 |         5
       44 |    +19.4% |       0 |       10 |         1
    final |    +21.4% |       0 |       11 |         0
-------------------------------------------------------
[INFO GPL-0106] Timing-driven: worst slack -7.875541e-10
[INFO GPL-0107] Timing-driven: repair_design delta area: 82.579 um^2 (+20.68%)
[INFO GPL-0108] Timing-driven: repair_design, gpl delta gcells: 11 (+24.44%)
[INFO GPL-0109] Timing-driven: repair_design, gcells created: 11, deleted: 0
[INFO GPL-0110] Timing-driven: new target density: 0.53650445
[INFO GPL-0038] Routability snapshot saved at iter = 1
        0 |   0.4378 |  4.352680e+02 |          |           |      
Iteration | Overflow |     HPWL (um) |  HPWL(%) |   Penalty | Group
---------------------------------------------------------------
       10 |   0.3520 |  4.780220e+02 |  +16.99% |  6.27e-13 |      
       20 |   0.3996 |  4.738000e+02 |   -0.88% |  1.02e-12 |      
       30 |   0.4053 |  4.768970e+02 |   +0.65% |  1.66e-12 |      
       40 |   0.4073 |  4.768980e+02 |   +0.00% |  2.71e-12 |      
       50 |   0.4071 |  4.769060e+02 |   +0.00% |  4.41e-12 |      
       60 |   0.4058 |  4.763990e+02 |   -0.11% |  7.19e-12 |      
       70 |   0.4053 |  4.763480e+02 |   -0.01% |  1.17e-11 |      
       80 |   0.4058 |  4.764990e+02 |   +0.03% |  1.91e-11 |      
       90 |   0.4062 |  4.766600e+02 |   +0.03% |  3.11e-11 |      
      100 |   0.4061 |  4.767280e+02 |   +0.01% |  5.06e-11 |      
      110 |   0.4057 |  4.767510e+02 |   +0.00% |  8.25e-11 |      
      120 |   0.4052 |  4.769140e+02 |   +0.03% |  1.34e-10 |      
      130 |   0.4048 |  4.772660e+02 |   +0.07% |  2.19e-10 |      
      140 |   0.4043 |  4.781850e+02 |   +0.19% |  3.56e-10 |      
      150 |   0.4035 |  4.794900e+02 |   +0.27% |  5.81e-10 |      
      160 |   0.4019 |  4.804140e+02 |   +0.19% |  9.46e-10 |      
      170 |   0.3995 |  4.806340e+02 |   +0.05% |  1.54e-09 |      
      180 |   0.3952 |  4.815570e+02 |   +0.19% |  2.51e-09 |      
      190 |   0.3878 |  4.840940e+02 |   +0.53% |  4.09e-09 |      
      200 |   0.3761 |  4.870630e+02 |   +0.61% |  6.66e-09 |      
      210 |   0.3555 |  4.879660e+02 |   +0.19% |  1.08e-08 |      
      220 |   0.3354 |  4.896180e+02 |   +0.34% |  1.66e-08 |      
      230 |   0.3234 |  4.944570e+02 |   +0.99% |  2.45e-08 |      
      240 |   0.3070 |  5.001890e+02 |   +1.16% |  3.61e-08 |      
[INFO GPL-0040] Routability iteration: 1
[INFO GPL-0041] Total routing overflow: 0.0000
[INFO GPL-0042] Number of overflowed tiles: 0 (0.00%)
[INFO GPL-0043] Average top 0.5% routing congestion: 0.8478
[INFO GPL-0044] Average top 1.0% routing congestion: 0.8478
[INFO GPL-0045] Average top 2.0% routing congestion: 0.8478
[INFO GPL-0046] Average top 5.0% routing congestion: 0.7310
[INFO GPL-0047] Routability iteration weighted routing congestion: 0.8478
[INFO GPL-0050] Weighted routing congestion is lower than target routing congestion(1.0100), end routability optimization.
[INFO GPL-0090] Routability finished. Target routing congestion achieved succesfully.
Iteration | Overflow |     HPWL (um) |  HPWL(%) |   Penalty | Group
---------------------------------------------------------------
      250 |   0.2872 |  5.073700e+02 |   +1.44% |  5.32e-08 |      
      260 |   0.2637 |  5.152270e+02 |   +1.55% |  7.83e-08 |      
      270 |   0.2395 |  5.231720e+02 |   +1.54% |  1.15e-07 |      
      280 |   0.2122 |  5.323530e+02 |   +1.75% |  1.70e-07 |      
[INFO GPL-0100] Timing-driven iteration 2/2, virtual: false.
[INFO GPL-0101]    Iter: 287, overflow: 0.193, keep resizer changes at: 1, HPWL: 537262
Iteration |   Area    | Resized | Buffers | Nets repaired | Remaining
---------------------------------------------------------------------
        0 |     +0.0% |       0 |       0 |             0 |        62
    final |     +0.0% |       0 |       0 |             0 |         0
---------------------------------------------------------------------
   Iter   |    Area   | Removed | Inserted |   Pins
          |           | Buffers | Buffers  | Remaining
-------------------------------------------------------
        0 |     +0.0% |       0 |        0 |        45
        4 |     +0.0% |       0 |        0 |        41
        8 |     +0.0% |       0 |        0 |        37
       12 |     +0.0% |       1 |        1 |        33
       16 |     -1.6% |       3 |        2 |        29
       20 |     +0.0% |       3 |        3 |        25
       24 |     +0.0% |       3 |        3 |        21
       28 |     +1.6% |       3 |        4 |        17
       32 |     +3.2% |       5 |        7 |        13
       36 |     +3.2% |       6 |        8 |         9
       40 |     +3.2% |       7 |        9 |         5
       44 |     +4.8% |      10 |       13 |         1
    final |     +6.4% |      11 |       15 |         0
-------------------------------------------------------
[INFO GPL-0106] Timing-driven: worst slack -7.603692e-10
[INFO GPL-0107] Timing-driven: repair_design delta area: 30.029 um^2 (+6.23%)
[INFO GPL-0108] Timing-driven: repair_design, gpl delta gcells: 4 (+7.14%)
[INFO GPL-0109] Timing-driven: repair_design, gcells created: 15, deleted: 11
[INFO GPL-0110] Timing-driven: new target density: 0.54977876
Iteration | Overflow |     HPWL (um) |  HPWL(%) |   Penalty | Group
---------------------------------------------------------------
      290 |   0.1709 |  5.997210e+02 |  +12.65% |  2.50e-07 |      
      300 |   0.1611 |  5.910690e+02 |   -1.44% |  3.69e-07 |      
      310 |   0.1331 |  6.096320e+02 |   +3.14% |  5.43e-07 |      
      320 |   0.1187 |  6.032530e+02 |   -1.05% |  8.00e-07 |      
      330 |   0.1015 |  6.171330e+02 |   +2.30% |  1.18e-06 |      
      331 |   0.0989 |  6.188970e+02 |          |  1.27e-06 |      
---------------------------------------------------------------
[INFO GPL-1001] Global placement finished at iteration 331
[INFO GPL-1017] Routability mode iteration count: 243
[INFO GPL-1005] Routability final weighted congestion: 0.7865
[INFO GPL-1002] Placed Cell Area              511.9851
[INFO GPL-1003] Available Free Area          2262.1696
[INFO GPL-1004] Minimum Feasible Density        0.1800 (cell_area / free_area)
[INFO GPL-1006]   Suggested Target Densities:
[INFO GPL-1007]     - For 90% usage of free space: 0.2515
[INFO GPL-1008]     - For 80% usage of free space: 0.2829
[INFO GPL-1009]     - For 50% usage of free space: 0.4526
[INFO GPL-1011] Original area (um^2): 399.38
[INFO GPL-1012] Total routability artificial inflation: 0.00 (+0.00%)
[INFO GPL-1013] Total timing-driven delta area: 112.61 (+28.20%)
[INFO GPL-1014] Final placement area: 511.99 (+28.20%)
estimate_parasitics -placement
Report metrics stage 3, global place...

==========================================================================
global place report_design_area
--------------------------------------------------------------------------
Design area 499 um^2 22% utilization.
write_db ./results/sky130hd/arbiter/base/3_3_place_gp.odb
Elapsed time: 0:02.27[h:]min:sec. CPU time: user 9.28 sys 0.20 (417%). Peak memory: 280508KB.
Log                       Ext     Elapsed/s Peak Memory/MB sha1sum result [0:20)
3_3_place_gp              .odb            2            273 26202499db33e843f6f3
/OpenROAD-flow-scripts/flow/scripts/flow.sh 3_4_place_resized resize
Running resize.tcl, stage 3_4_place_resized
read_liberty /OpenROAD-flow-scripts/flow/platforms/sky130hd/lib/sky130_fd_sc_hd__tt_025C_1v80.lib
read_db ./results/sky130hd/arbiter/base/3_3_place_gp.odb
read_sdc ./results/sky130hd/arbiter/base/2_floorplan.sdc
source /OpenROAD-flow-scripts/flow/platforms/sky130hd/setRC.tcl
estimate_parasitics -placement
Perform buffer insertion and gate resizing...
repair_design -verbose -match_cell_footprint
Iteration |   Area    | Resized | Buffers | Nets repaired | Remaining
---------------------------------------------------------------------
        0 |     +0.0% |       0 |       0 |             0 |        66
       10 |     +0.0% |       0 |       0 |             0 |        56
       20 |     +0.0% |       0 |       0 |             0 |        46
       30 |     +0.0% |       0 |       0 |             0 |        36
       40 |     +0.0% |       0 |       0 |             0 |        26
       50 |     +0.0% |       0 |       0 |             0 |        16
       60 |     +0.0% |       0 |       0 |             0 |         6
    final |     +0.0% |       0 |       0 |             0 |         0
---------------------------------------------------------------------
[INFO RSZ-0504] Runtime: 0.03s
Floating nets: 
Report metrics stage 3, resizer...

==========================================================================
resizer report_design_area
--------------------------------------------------------------------------
Design area 499 um^2 22% utilization.
Instance count before 88, after 88
Pin count before 175, after 175
write_db ./results/sky130hd/arbiter/base/3_4_place_resized.odb
Elapsed time: 0:01.01[h:]min:sec. CPU time: user 0.88 sys 0.08 (95%). Peak memory: 179024KB.
Log                       Ext     Elapsed/s Peak Memory/MB sha1sum result [0:20)
3_4_place_resized         .odb            1            174 26202499db33e843f6f3
/OpenROAD-flow-scripts/flow/scripts/flow.sh 3_5_place_dp detail_place
Running detail_place.tcl, stage 3_5_place_dp
read_liberty /OpenROAD-flow-scripts/flow/platforms/sky130hd/lib/sky130_fd_sc_hd__tt_025C_1v80.lib
read_db ./results/sky130hd/arbiter/base/3_4_place_resized.odb
read_sdc ./results/sky130hd/arbiter/base/2_floorplan.sdc
source /OpenROAD-flow-scripts/flow/platforms/sky130hd/setRC.tcl
detailed_placement
[INFO DPL-0006] Core area: 2297.20 um^2
[INFO DPL-0007] Movable instances area: 464.20 um^2
[INFO DPL-0008] Fixed instances area within core: 35.03 um^2
[INFO DPL-0009] Utilization: 21.7%
[INFO DPL-0005] Diamond search max displacement: +/- 500 sites horizontally, +/- 100 rows vertically.
[INFO DPL-1102] Legalizing using negotiation legalizer.
[INFO DPL-1103] Negotiation base search window: +/-20 sites horizontally, +/-5 rows vertically 
	Automatic search window extension enabled.
	Search window extendable up to the max displacement cap of +/-500 sites, +/-100 rows near walls.
[INFO DPL-1104] NegotiationLegalizer DRC penalty: 5.
[INFO DPL-0392] Negotiation cell height distribution (1 unique row-count(s)):
[INFO DPL-0393]   height 1 row(s): 88 cells
          |      Total |  Illegal |  Illegal
Iteration | Violations |    Cells |    Sites
---------------------------------------------
        0 |          0 |         0 |         0
Negotiation phase 1 converged at iteration 0.
[INFO DPL-0500] Runtime: 0.02s
Placement Analysis
---------------------------------
total displacement        184.7 u
average displacement        2.1 u
max displacement            8.9 u
original HPWL             620.3 u
legalized HPWL            786.6 u
delta HPWL                   27 %

improve_placement -max_displacement "5 1"
Detailed placement improvement.
[INFO DPL-0401] Setting random seed to 1.
[INFO DPL-0402] Setting maximum displacement 5 1 to 13600 2720 units.
[INFO DPL-0320] Collected 41 fixed cells.
[INFO DPL-0318] Collected 60 single height cells.
[INFO DPL-0321] Collected 0 wide cells.
[INFO DPL-0322] Image (1380, 2720) - (51060, 48960)
[INFO DPL-0310] Assigned 60 cells into segments.  Movement in X-direction is 0.000000, movement in Y-direction is 0.000000.
[INFO DPL-0313] Found 0 cells in wrong regions.
[INFO DPL-0315] Found 0 row alignment problems.
[INFO DPL-0314] Found 0 site alignment problems.
[INFO DPL-0311] Found 0 overlaps between adjacent cells.
[INFO DPL-0312] Found 0 edge spacing violations and 0 padding violations.
[INFO DPL-0303] Running algorithm for independent set matching.
[INFO DPL-0300] Set matching objective is wirelength.
[INFO DPL-0301] Pass   1 of matching; objective is 7.875330e+05.
[INFO DPL-0302] End of matching; objective is 7.841010e+05, improvement is 0.44 percent.
[INFO DPL-0303] Running algorithm for global swaps.
[INFO DPL-0306] Pass   1 of global swaps; hpwl is 7.521980e+05.
[INFO DPL-0306] Pass   2 of global swaps; hpwl is 7.473690e+05.
[INFO DPL-0307] End of global swaps; objective is 7.473690e+05, improvement is 4.68 percent.
[INFO DPL-0303] Running algorithm for vertical swaps.
[INFO DPL-0308] Pass   1 of vertical swaps; hpwl is 7.333720e+05.
[INFO DPL-0308] Pass   2 of vertical swaps; hpwl is 7.190430e+05.
[INFO DPL-0308] Pass   3 of vertical swaps; hpwl is 7.175270e+05.
[INFO DPL-0309] End of vertical swaps; objective is 7.175270e+05, improvement is 3.99 percent.
[INFO DPL-0303] Running algorithm for reordering.
[INFO DPL-0304] Pass   1 of reordering; objective is 7.129490e+05.
[INFO DPL-0305] End of reordering; objective is 7.129490e+05, improvement is 0.64 percent.
[INFO DPL-0303] Running algorithm for random improvement.
[INFO DPL-0324] Random improver is using random generator.
[INFO DPL-0325] Random improver is using hpwl objective.
[INFO DPL-0326] Random improver cost string is (a).
[INFO DPL-0332] End of pass, Generator random called 1200 times.
[INFO DPL-0335] Generator random, Cumulative attempts 1200, swaps 122, moves   452 since last reset.
[INFO DPL-0333] End of pass, Objective hpwl, Initial cost 7.129490e+05, Scratch cost 6.870320e+05, Incremental cost 6.870320e+05, Mismatch? N
[INFO DPL-0338] End of pass, Total cost is 6.870320e+05.
[INFO DPL-0327] Pass   1 of random improver; improvement in cost is 3.64 percent.
[INFO DPL-0332] End of pass, Generator random called 1200 times.
[INFO DPL-0335] Generator random, Cumulative attempts 2400, swaps 234, moves   862 since last reset.
[INFO DPL-0333] End of pass, Objective hpwl, Initial cost 6.870320e+05, Scratch cost 6.777550e+05, Incremental cost 6.777550e+05, Mismatch? N
[INFO DPL-0338] End of pass, Total cost is 6.777550e+05.
[INFO DPL-0327] Pass   2 of random improver; improvement in cost is 1.35 percent.
[INFO DPL-0332] End of pass, Generator random called 1200 times.
[INFO DPL-0335] Generator random, Cumulative attempts 3600, swaps 348, moves  1279 since last reset.
[INFO DPL-0333] End of pass, Objective hpwl, Initial cost 6.777550e+05, Scratch cost 6.744740e+05, Incremental cost 6.744740e+05, Mismatch? N
[INFO DPL-0338] End of pass, Total cost is 6.744740e+05.
[INFO DPL-0327] Pass   3 of random improver; improvement in cost is 0.48 percent.
[INFO DPL-0328] End of random improver; improvement is 5.396599 percent.
[INFO DPL-0380] Cell flipping.
[INFO DPL-0382] Changed 0 cell orientations for row compatibility.
[INFO DPL-0383] Performed 15 cell flips.
[INFO DPL-0384] End of flipping; objective is 6.394850e+05, improvement is 5.19 percent.
[INFO DPL-0313] Found 0 cells in wrong regions.
[INFO DPL-0315] Found 0 row alignment problems.
[INFO DPL-0314] Found 0 site alignment problems.
[INFO DPL-0311] Found 0 overlaps between adjacent cells.
[INFO DPL-0312] Found 0 edge spacing violations and 0 padding violations.
Detailed Improvement Results
------------------------------------------
Original HPWL              786.6 u (     317.3,      469.3)
Final HPWL                 638.5 u (     283.6,      354.9)
Delta HPWL                 -18.8 % (     -10.6,      -24.4)

optimize_mirroring
[INFO DPL-0020] Mirrored 1 instances
[INFO DPL-0021] HPWL before             638.5 u
[INFO DPL-0022] HPWL after              638.5 u
[INFO DPL-0023] HPWL delta                0.0 %
[INFO FLW-0012] Placement violations .
estimate_parasitics -placement
Report metrics stage 3, detailed place...

==========================================================================
detailed place report_design_area
--------------------------------------------------------------------------
Design area 499 um^2 22% utilization.
write_db ./results/sky130hd/arbiter/base/3_5_place_dp.odb
write_sdc -no_timestamp ./results/sky130hd/arbiter/base/3_place.sdc
Elapsed time: 0:01.01[h:]min:sec. CPU time: user 0.91 sys 0.06 (96%). Peak memory: 150908KB.
Log                       Ext     Elapsed/s Peak Memory/MB sha1sum result [0:20)
3_5_place_dp              .odb            1            147 a206689be4bff2b576df
cp ./results/sky130hd/arbiter/base/3_5_place_dp.odb ./results/sky130hd/arbiter/base/3_place.odb
/OpenROAD-flow-scripts/flow/scripts/flow.sh 4_1_cts cts
Running cts.tcl, stage 4_1_cts
read_liberty /OpenROAD-flow-scripts/flow/platforms/sky130hd/lib/sky130_fd_sc_hd__tt_025C_1v80.lib
read_db ./results/sky130hd/arbiter/base/3_place.odb
read_sdc ./results/sky130hd/arbiter/base/3_place.sdc
source /OpenROAD-flow-scripts/flow/platforms/sky130hd/setRC.tcl
clock_tree_synthesis -sink_clustering_enable -repair_clock_nets
[INFO CTS-0050] Root buffer is sky130_fd_sc_hd__clkbuf_4.
[INFO CTS-0051] Sink buffer is sky130_fd_sc_hd__clkbuf_8.
[INFO CTS-0052] The following clock buffers will be used for CTS:
                    sky130_fd_sc_hd__clkbuf_4
                    sky130_fd_sc_hd__clkbuf_8
[INFO CTS-0049] Characterization buffer is sky130_fd_sc_hd__clkbuf_8.
[INFO CTS-0007] Net "clk" found for clock "core_clock".
[INFO CTS-0010]  Clock net "clk" has 2 sinks.
[INFO CTS-0008] TritonCTS found 1 clock nets.
[INFO CTS-0097] Characterization used 2 buffer(s) types.
[INFO CTS-0201] 0 blockages from hard placement blockages and placed macros will be used.
[INFO CTS-0027] Generating H-Tree topology for net clk.
[INFO CTS-0028]  Total number of sinks: 2.
[INFO CTS-0090]  Sinks will be clustered based on buffer max cap.
[INFO CTS-0030]  Number of static layers: 0.
[INFO CTS-0020]  Wire segment unit: 13600  dbu (13 um).
[INFO CTS-0023]  Original sink region: [(7625, 34060), (8085, 36660)].
[INFO CTS-0024]  Normalized sink region: [(0.560662, 2.50441), (0.594485, 2.69559)].
[INFO CTS-0025]     Width:  0.0338.
[INFO CTS-0026]     Height: 0.1912.
 Level 1
    Direction: Vertical
    Sinks per sub-region: 1
    Sub-region size: 0.0338 X 0.0956
[INFO CTS-0034]     Segment length (rounded): 1.
[INFO CTS-0038]  Stop criterion found. Sink region hpwl is smaller than max wirelength (1911.535 um) and max number of sinks is 15.
[INFO CTS-0035]  Number of sinks covered: 2.
[INFO CTS-0018]     Created 3 clock buffers.
[INFO CTS-0012]     Minimum number of buffers in the clock path: 2.
[INFO CTS-0013]     Maximum number of buffers in the clock path: 2.
[INFO CTS-0015]     Created 3 clock nets.
[INFO CTS-0016]     Fanout distribution for the current clock = 1:2..
[INFO CTS-0017]     Max level of the clock tree: 1.
[INFO CTS-0098] Clock net "clk"
[INFO CTS-0099]  Sinks 2
[INFO CTS-0100]  Leaf buffers 0
[INFO CTS-0101]  Average sink wire length 37.72 um
[INFO CTS-0102]  Path depth 2 - 2
[INFO CTS-0207]  Dummy loads inserted 0
[INFO CTS-0500] Runtime: 2.03s
estimate_parasitics -placement
detailed_placement
[INFO DPL-0006] Core area: 2297.20 um^2
[INFO DPL-0007] Movable instances area: 486.72 um^2
[INFO DPL-0008] Fixed instances area within core: 35.03 um^2
[INFO DPL-0009] Utilization: 22.7%
[INFO DPL-0005] Diamond search max displacement: +/- 500 sites horizontally, +/- 100 rows vertically.
[INFO DPL-1102] Legalizing using negotiation legalizer.
[INFO DPL-1103] Negotiation base search window: +/-20 sites horizontally, +/-5 rows vertically 
	Automatic search window extension enabled.
	Search window extendable up to the max displacement cap of +/-500 sites, +/-100 rows near walls.
[INFO DPL-1104] NegotiationLegalizer DRC penalty: 5.
[INFO DPL-0392] Negotiation cell height distribution (1 unique row-count(s)):
[INFO DPL-0393]   height 1 row(s): 91 cells
          |      Total |  Illegal |  Illegal
Iteration | Violations |    Cells |    Sites
---------------------------------------------
        0 |          0 |         0 |         0
Negotiation phase 1 converged at iteration 0.
[INFO DPL-0500] Runtime: 0.02s
Placement Analysis
---------------------------------
total displacement         54.7 u
average displacement        0.6 u
max displacement            5.5 u
original HPWL             690.0 u
legalized HPWL            726.0 u
delta HPWL                    5 %

estimate_parasitics -placement
repair_timing -setup_margin 0 -hold_margin 0 -repair_tns 100 -match_cell_footprint -verbose
[INFO RSZ-0100] Repair move sequence: UnbufferMove SizeUpMove SwapPinsMove BufferMove CloneMove SplitLoadMove 
[INFO RSZ-0094] Found 9 endpoints with setup violations.
[INFO RSZ-0099] Repairing 9 out of 9 (100.00%) violating endpoints...
   Iter   | Removed | Resized | Inserted | Cloned |  Pin  |   Area   |    WNS   |   StTNS    |   EnTNS    |  Viol  |  Worst  
          | Buffers |  Gates  | Buffers  |  Gates | Swaps |          |          |            |            | Endpts | St/EnPt 
------------------------------------------------------------------------------------------------------------------------------
       0* |       0 |       0 |        0 |      0 |     0 |    +0.0% |   -0.761 |       -3.3 |       -5.5 |      9 | grant[3]
      10* |       0 |       6 |        0 |      0 |     3 |    +2.2% |   -0.635 |       -2.7 |       -4.7 |      9 | grant[3]
      20* |       0 |      13 |        1 |      0 |     5 |    +4.3% |   -0.431 |       -2.0 |       -2.7 |      9 | grant_idx[1]
      30* |       0 |      20 |        1 |      0 |     8 |    +2.4% |   -0.341 |       -1.6 |       -2.1 |      9 | grant_idx[0]
      40* |       0 |      28 |        2 |      0 |     9 |    +8.9% |   -0.270 |       -1.3 |       -1.6 |      9 | grant[2]
      50* |       0 |      31 |        4 |      0 |    14 |   +12.5% |   -0.291 |       -1.2 |       -1.6 |      9 | grant[0]
      60* |       0 |      39 |        6 |      0 |    14 |   +15.6% |   -0.171 |       -0.4 |       -0.8 |      9 | grant_idx[1]
      70* |       0 |      47 |        8 |      0 |    14 |   +18.9% |   -0.096 |       -0.2 |       -0.5 |      9 | rr_ptr\[1\]$_SDFFE_PN0P_/D
      76* |       1 |      51 |        9 |      0 |    14 |   +17.7% |   -0.067 |       -0.2 |       -0.3 |      9 | grant[3]
      77* |       1 |      51 |        9 |      0 |    14 |   +17.7% |   -0.067 |       -0.2 |       -0.3 |      9 | grant[3]
      80* |       1 |      53 |        9 |      0 |    14 |   +18.9% |   -0.067 |       -0.2 |       -0.2 |      9 | grant[3]
      81* |       1 |      54 |        9 |      0 |    14 |   +18.0% |   -0.067 |       -0.1 |       -0.2 |      9 | grant[3]
      83* |       1 |      54 |        9 |      0 |    14 |   +18.0% |   -0.067 |       -0.1 |       -0.2 |      9 | grant[3]
      85* |       1 |      54 |        9 |      0 |    14 |   +18.0% |   -0.067 |       -0.1 |       -0.2 |      9 | grant[3]
      86* |       1 |      54 |        9 |      0 |    14 |   +18.0% |   -0.067 |       -0.1 |       -0.2 |      9 | grant[3]
      87* |       1 |      54 |        9 |      0 |    14 |   +18.0% |   -0.067 |       -0.1 |       -0.2 |      9 | grant[3]
      90* |       1 |      55 |        9 |      0 |    15 |   +16.8% |   -0.067 |       -0.1 |       -0.2 |      9 | grant[3]
      92* |       2 |      55 |        9 |      0 |    15 |   +15.3% |   -0.067 |       -0.1 |       -0.2 |      9 | grant[3]
      93* |       2 |      55 |        9 |      0 |    15 |   +15.3% |   -0.067 |       -0.1 |       -0.2 |      9 | grant[3]
      93* |       2 |      55 |        9 |      0 |    15 |   +15.3% |   -0.067 |       -0.1 |       -0.2 |      9 | grant[3]
      94+ |       2 |      55 |        9 |      0 |    15 |   +15.3% |   -0.067 |       -0.1 |       -0.2 |      6 | grant[3]
      95+ |       2 |      55 |        9 |      0 |    15 |   +15.3% |   -0.067 |       -0.1 |       -0.2 |      6 | grant[3]
      96+ |       2 |      55 |        9 |      0 |    15 |   +15.3% |   -0.067 |       -0.1 |       -0.2 |      6 | grant[3]
      97+ |       2 |      55 |        9 |      0 |    15 |   +15.3% |   -0.067 |       -0.1 |       -0.2 |      6 | grant[3]
      98+ |       2 |      55 |        9 |      0 |    15 |   +15.3% |   -0.067 |       -0.1 |       -0.2 |      6 | grant[3]
      99+ |       2 |      55 |        9 |      0 |    15 |   +15.3% |   -0.067 |       -0.1 |       -0.2 |      6 | grant[3]
    final |       2 |      55 |        9 |      0 |    15 |   +15.3% |   -0.067 |       -0.1 |       -0.2 |      6 | grant[3]
------------------------------------------------------------------------------------------------------------------------------
[INFO RSZ-0059] Removed 2 buffers.
[INFO RSZ-0040] Inserted 9 buffers.
[INFO RSZ-0051] Resized 55 instances: 55 up, 0 up match, 0 down, 0 VT
[INFO RSZ-0043] Swapped pins on 15 instances.
[WARNING RSZ-0062] Unable to repair all setup violations.
[INFO RSZ-0505] Runtime: 0.20s
[INFO RSZ-0033] No hold violations found.
[INFO RSZ-0506] Runtime: 0.00s
detailed_placement
[INFO DPL-0006] Core area: 2297.20 um^2
[INFO DPL-0007] Movable instances area: 566.79 um^2
[INFO DPL-0008] Fixed instances area within core: 35.03 um^2
[INFO DPL-0009] Utilization: 26.2%
[INFO DPL-0005] Diamond search max displacement: +/- 500 sites horizontally, +/- 100 rows vertically.
[INFO DPL-1102] Legalizing using negotiation legalizer.
[INFO DPL-1103] Negotiation base search window: +/-20 sites horizontally, +/-5 rows vertically 
	Automatic search window extension enabled.
	Search window extendable up to the max displacement cap of +/-500 sites, +/-100 rows near walls.
[INFO DPL-1104] NegotiationLegalizer DRC penalty: 5.
[INFO DPL-0392] Negotiation cell height distribution (1 unique row-count(s)):
[INFO DPL-0393]   height 1 row(s): 98 cells
          |      Total |  Illegal |  Illegal
Iteration | Violations |    Cells |    Sites
---------------------------------------------
        0 |          0 |         0 |         0
Negotiation phase 1 converged at iteration 0.
[INFO DPL-0500] Runtime: 0.00s
Placement Analysis
---------------------------------
total displacement         93.5 u
average displacement        1.0 u
max displacement           12.3 u
original HPWL             759.0 u
legalized HPWL            923.9 u
delta HPWL                   22 %

Report metrics stage 4, cts final...

==========================================================================
cts final report_design_area
--------------------------------------------------------------------------
Design area 602 um^2 26% utilization.
write_db ./results/sky130hd/arbiter/base/4_1_cts.odb
write_sdc -no_timestamp ./results/sky130hd/arbiter/base/4_cts.sdc
Elapsed time: 0:03.11[h:]min:sec. CPU time: user 2.99 sys 0.13 (100%). Peak memory: 197900KB.
Log                       Ext     Elapsed/s Peak Memory/MB sha1sum result [0:20)
4_1_cts                   .odb            3            193 38732cfac19f3cea7dcd
cp ./results/sky130hd/arbiter/base/4_1_cts.odb ./results/sky130hd/arbiter/base/4_cts.odb
/OpenROAD-flow-scripts/flow/scripts/flow.sh 5_1_grt global_route
Running global_route.tcl, stage 5_1_grt
read_liberty /OpenROAD-flow-scripts/flow/platforms/sky130hd/lib/sky130_fd_sc_hd__tt_025C_1v80.lib
read_db ./results/sky130hd/arbiter/base/4_cts.odb
read_sdc ./results/sky130hd/arbiter/base/4_cts.sdc
source /OpenROAD-flow-scripts/flow/platforms/sky130hd/setRC.tcl
pin_access
[INFO DRT-0149] Reading tech and libs.
[WARNING DRT-0349] LEF58_ENCLOSURE with no CUTCLASS is not supported. Skipping for layer mcon
[WARNING DRT-0349] LEF58_ENCLOSURE with no CUTCLASS is not supported. Skipping for layer mcon
[WARNING DRT-0349] LEF58_ENCLOSURE with no CUTCLASS is not supported. Skipping for layer via
[WARNING DRT-0349] LEF58_ENCLOSURE with no CUTCLASS is not supported. Skipping for layer via
[WARNING DRT-0349] LEF58_ENCLOSURE with no CUTCLASS is not supported. Skipping for layer via2
[WARNING DRT-0349] LEF58_ENCLOSURE with no CUTCLASS is not supported. Skipping for layer via2
[WARNING DRT-0349] LEF58_ENCLOSURE with no CUTCLASS is not supported. Skipping for layer via3
[WARNING DRT-0349] LEF58_ENCLOSURE with no CUTCLASS is not supported. Skipping for layer via3
[WARNING DRT-0349] LEF58_ENCLOSURE with no CUTCLASS is not supported. Skipping for layer via4
[WARNING DRT-0349] LEF58_ENCLOSURE with no CUTCLASS is not supported. Skipping for layer via4

Units:                1000
Number of layers:     13
Number of macros:     441
Number of vias:       29
Number of viarulegen: 25

[INFO DRT-0150] Reading design.

Design:                   arbiter
Die area:                 ( 0 0 ) ( 52395 52395 )
Number of track patterns: 12
Number of DEF vias:       0
Number of components:     98
Number of terminals:      15
Number of snets:          2
Number of nets:           76

[INFO DRT-0167] List of default vias:
  Layer via
    default via: M1M2_PR
  Layer via2
    default via: M2M3_PR
  Layer via3
    default via: M3M4_PR
  Layer via4
    default via: M4M5_PR
[INFO DRT-0162] Library cell analysis.
[INFO DRT-0163] Instance analysis.
[INFO DRT-0164] Number of unique instances = 41.
[INFO DRT-0168] Init region query.
[INFO DRT-0024]   Complete FR_MASTERSLICE.
[INFO DRT-0024]   Complete Fr_VIA.
[INFO DRT-0024]   Complete li1.
[INFO DRT-0024]   Complete mcon.
[INFO DRT-0024]   Complete met1.
[INFO DRT-0024]   Complete via.
[INFO DRT-0024]   Complete met2.
[INFO DRT-0024]   Complete via2.
[INFO DRT-0024]   Complete met3.
[INFO DRT-0024]   Complete via3.
[INFO DRT-0024]   Complete met4.
[INFO DRT-0024]   Complete via4.
[INFO DRT-0024]   Complete met5.
[INFO DRT-0033] FR_MASTERSLICE shape region query size = 0.
[INFO DRT-0033] FR_VIA shape region query size = 0.
[INFO DRT-0033] li1 shape region query size = 1712.
[INFO DRT-0033] mcon shape region query size = 974.
[INFO DRT-0033] met1 shape region query size = 257.
[INFO DRT-0033] via shape region query size = 135.
[INFO DRT-0033] met2 shape region query size = 87.
[INFO DRT-0033] via2 shape region query size = 108.
[INFO DRT-0033] met3 shape region query size = 88.
[INFO DRT-0033] via3 shape region query size = 108.
[INFO DRT-0033] met4 shape region query size = 35.
[INFO DRT-0033] via4 shape region query size = 5.
[INFO DRT-0033] met5 shape region query size = 11.
[INFO DRT-0165] Start pin access.
[INFO DRT-0078]   Complete 290 pins.
[INFO DRT-0081]   Complete 41 unique inst patterns.
[INFO DRT-0084]   Complete 50 groups.
#scanned instances     = 98
#unique  instances     = 41
#stdCellGenAp          = 1022
#stdCellValidPlanarAp  = 0
#stdCellValidViaAp     = 798
#stdCellPinNoAp        = 0
#stdCellPinCnt         = 195
#instTermValidViaApCnt = 0
#macroGenAp            = 0
#macroValidPlanarAp    = 0
#macroValidViaAp       = 0
#macroNoAp             = 0
[INFO DRT-0166] Complete pin access.
[INFO DRT-0267] cpu time = 00:00:08, elapsed time = 00:00:01, memory = 153.64 (MB), peak = 152.76 (MB)
global_route -congestion_report_file ./reports/sky130hd/arbiter/base/congestion.rpt -congestion_iterations 30 -congestion_report_iter_step 5 -verbose
[INFO GRT-0020] Min routing layer: met1
[INFO GRT-0021] Max routing layer: met5
[INFO GRT-0022] Global adjustment: 0%
[INFO GRT-0023] Grid origin: (0, 0)
[INFO GRT-0088] Layer li1     Track-Pitch = 0.4600  line-2-Via Pitch: 0.3400
[INFO GRT-0088] Layer met1    Track-Pitch = 0.3400  line-2-Via Pitch: 0.3400
[INFO GRT-0088] Layer met2    Track-Pitch = 0.4600  line-2-Via Pitch: 0.3500
[INFO GRT-0088] Layer met3    Track-Pitch = 0.6800  line-2-Via Pitch: 0.6150
[INFO GRT-0088] Layer met4    Track-Pitch = 0.9200  line-2-Via Pitch: 1.0400
[INFO GRT-0088] Layer met5    Track-Pitch = 3.4000  line-2-Via Pitch: 3.1100
[INFO GRT-0003] Macros: 0
[INFO GRT-0004] Blockages: 28
[INFO GRT-0019] Found 4 clock nets.
[INFO GRT-0001] Minimum degree: 2
[INFO GRT-0002] Maximum degree: 7

[INFO GRT-0053] Routing resources analysis:
          Routing      Original      Derated      Resource
Layer     Direction    Resources     Resources    Reduction (%)
---------------------------------------------------------------
li1        Vertical            0             0          0.00%
met1       Horizontal        710           555          21.83%
met2       Vertical          606           474          21.78%
met3       Horizontal        436           340          22.02%
met4       Vertical          300           228          24.00%
met5       Horizontal         72            42          41.67%
---------------------------------------------------------------

[INFO GRT-0197] Via related to pin nodes: 305
[INFO GRT-0198] Via related Steiner nodes: 0
[INFO GRT-0199] Via filling finished.
[INFO GRT-0111] Final number of vias: 377
[INFO GRT-0112] Final usage 3D: 1270

[INFO GRT-0096] Final congestion report:
Layer         Resource        Demand        Usage (%)    Max H / Max V / Total Congestion
---------------------------------------------------------------------------------------
li1                  0             0            0.00%             0 /  0 /  0
met1               555            48            8.65%             0 /  0 /  0
met2               474            72           15.19%             0 /  0 /  0
met3               340             6            1.76%             0 /  0 /  0
met4               228            13            5.70%             0 /  0 /  0
met5                42             0            0.00%             0 /  0 /  0
---------------------------------------------------------------------------------------
Total             1639           139            8.48%             0 /  0 /  0

[INFO GRT-0018] Total wirelength: 1614 um
[INFO GRT-0014] Routed nets: 76
[INFO GRT-0303] Global routing runtime = 00:00:00
[WARNING STA-0450] virtual clock vclk_core_clock can not be propagated.
estimate_parasitics -global_routing
Perform buffer insertion and gate resizing...
repair_design -verbose
Iteration |   Area    | Resized | Buffers | Nets repaired | Remaining
---------------------------------------------------------------------
        0 |     +0.0% |       0 |       0 |             0 |        76
       10 |     +0.0% |       0 |       0 |             0 |        66
       20 |     +0.0% |       0 |       0 |             0 |        56
       30 |     +0.0% |       0 |       0 |             0 |        46
       40 |     +0.0% |       0 |       0 |             0 |        36
       50 |     +0.0% |       0 |       0 |             0 |        26
       60 |     +0.0% |       0 |       0 |             0 |        16
       70 |     +0.0% |       0 |       0 |             0 |         6
    final |     +0.0% |       0 |       0 |             0 |         0
---------------------------------------------------------------------
[INFO RSZ-0504] Runtime: 0.05s
global_route -start_incremental
detailed_placement
[INFO DPL-0006] Core area: 2297.20 um^2
[INFO DPL-0007] Movable instances area: 566.79 um^2
[INFO DPL-0008] Fixed instances area within core: 35.03 um^2
[INFO DPL-0009] Utilization: 26.2%
[INFO DPL-0005] Diamond search max displacement: +/- 500 sites horizontally, +/- 100 rows vertically.
[INFO DPL-1102] Legalizing using negotiation legalizer.
[INFO DPL-1103] Negotiation base search window: +/-20 sites horizontally, +/-5 rows vertically 
	Automatic search window extension enabled.
	Search window extendable up to the max displacement cap of +/-500 sites, +/-100 rows near walls.
[INFO DPL-1104] NegotiationLegalizer DRC penalty: 5.
[INFO DPL-0392] Negotiation cell height distribution (1 unique row-count(s)):
[INFO DPL-0393]   height 1 row(s): 98 cells
[INFO DPL-0500] Runtime: 0.01s
Placement Analysis
---------------------------------
total displacement          0.0 u
average displacement        0.0 u
max displacement            0.0 u
original HPWL             923.9 u
legalized HPWL            923.9 u
delta HPWL                    0 %

global_route -end_incremental -congestion_report_file ./reports/sky130hd/arbiter/base/congestion_post_repair_design.rpt
Repair setup and hold violations...
estimate_parasitics -global_routing
repair_timing -setup_margin 0 -hold_margin 0 -repair_tns 100 -verbose
[INFO RSZ-0100] Repair move sequence: UnbufferMove SizeUpMove SwapPinsMove BufferMove CloneMove SplitLoadMove 
[INFO RSZ-0094] Found 8 endpoints with setup violations.
[INFO RSZ-0099] Repairing 8 out of 8 (100.00%) violating endpoints...
   Iter   | Removed | Resized | Inserted | Cloned |  Pin  |   Area   |    WNS   |   StTNS    |   EnTNS    |  Viol  |  Worst  
          | Buffers |  Gates  | Buffers  |  Gates | Swaps |          |          |            |            | Endpts | St/EnPt 
------------------------------------------------------------------------------------------------------------------------------
       0* |       0 |       0 |        0 |      0 |     0 |    +0.0% |   -0.170 |       -0.2 |       -0.6 |      8 | grant[3]
       7* |       1 |       2 |        0 |      0 |     2 |    -0.2% |   -0.035 |       -0.1 |       -0.0 |      8 | grant[3]
       8* |       1 |       2 |        0 |      0 |     2 |    -0.2% |   -0.035 |       -0.1 |       -0.0 |      8 | grant[3]
      10* |       1 |       2 |        0 |      0 |     3 |    -0.2% |   -0.035 |       -0.1 |       -0.0 |      8 | grant[3]
      10* |       1 |       2 |        0 |      0 |     3 |    -0.2% |   -0.035 |       -0.1 |       -0.0 |      8 | grant[3]
      11* |       1 |       2 |        0 |      0 |     3 |    -0.2% |   -0.035 |       -0.1 |       -0.0 |      8 | grant[3]
      12* |       1 |       2 |        0 |      0 |     3 |    -0.2% |   -0.035 |       -0.1 |       -0.0 |      8 | grant[3]
      13* |       1 |       2 |        0 |      0 |     3 |    -0.2% |   -0.035 |       -0.1 |       -0.0 |      8 | grant[3]
      14* |       1 |       2 |        0 |      0 |     3 |    -0.2% |   -0.035 |       -0.1 |       -0.0 |      8 | grant[3]
      17* |       1 |       3 |        0 |      0 |     4 |    +0.0% |   -0.035 |       -0.1 |       -0.0 |      8 | grant[3]
      17* |       1 |       3 |        0 |      0 |     4 |    +0.0% |   -0.035 |       -0.1 |       -0.0 |      8 | grant[3]
      18+ |       1 |       3 |        0 |      0 |     4 |    +0.0% |   -0.035 |       -0.1 |       -0.0 |      1 | grant[3]
    final |       1 |       3 |        0 |      0 |     4 |    +0.0% |   -0.035 |       -0.1 |       -0.0 |      1 | grant[3]
------------------------------------------------------------------------------------------------------------------------------
[INFO RSZ-0059] Removed 1 buffers.
[INFO RSZ-0051] Resized 3 instances: 3 up, 0 up match, 0 down, 0 VT
[INFO RSZ-0043] Swapped pins on 4 instances.
[WARNING RSZ-0062] Unable to repair all setup violations.
[INFO RSZ-0505] Runtime: 0.37s
[INFO RSZ-0033] No hold violations found.
[INFO RSZ-0506] Runtime: 0.00s
global_route -start_incremental
detailed_placement
[INFO DPL-0006] Core area: 2297.20 um^2
[INFO DPL-0007] Movable instances area: 566.79 um^2
[INFO DPL-0008] Fixed instances area within core: 35.03 um^2
[INFO DPL-0009] Utilization: 26.2%
[INFO DPL-0005] Diamond search max displacement: +/- 500 sites horizontally, +/- 100 rows vertically.
[INFO DPL-1102] Legalizing using negotiation legalizer.
[INFO DPL-1103] Negotiation base search window: +/-20 sites horizontally, +/-5 rows vertically 
	Automatic search window extension enabled.
	Search window extendable up to the max displacement cap of +/-500 sites, +/-100 rows near walls.
[INFO DPL-1104] NegotiationLegalizer DRC penalty: 5.
[INFO DPL-0392] Negotiation cell height distribution (1 unique row-count(s)):
[INFO DPL-0393]   height 1 row(s): 97 cells
          |      Total |  Illegal |  Illegal
Iteration | Violations |    Cells |    Sites
---------------------------------------------
        0 |          8 |         2 |         6
        1 |          0 |         0 |         0
Negotiation phase 1 converged at iteration 1.
[INFO DPL-0500] Runtime: 0.00s
Placement Analysis
---------------------------------
total displacement          2.3 u
average displacement        0.0 u
max displacement            1.4 u
original HPWL             915.8 u
legalized HPWL            917.3 u
delta HPWL                    0 %

check_placement -verbose
global_route -end_incremental -congestion_report_file ./reports/sky130hd/arbiter/base/congestion_post_repair_timing.rpt
estimate_parasitics -global_routing
global_route -start_incremental
global_route -end_incremental -congestion_report_file ./reports/sky130hd/arbiter/base/congestion_post_recover_power.rpt
Repair antennas...
[INFO GRT-0012] Found 0 antenna violations.
[INFO ANT-0002] Found 0 net violations.
[INFO ANT-0001] Found 0 pin violations.
Estimate parasitics...
estimate_parasitics -global_routing
Report metrics stage 5, global route...

==========================================================================
global route report_design_area
--------------------------------------------------------------------------
Design area 602 um^2 26% utilization.
[INFO FLW-0007] clock core_clock period 1.484400
[WARNING FLW-0010] more than one clock found. Skipping sdc update.
[INFO FLW-0011] Path endpoint path count 9
write_db ./results/sky130hd/arbiter/base/5_1_grt.odb
write_sdc -no_timestamp ./results/sky130hd/arbiter/base/5_1_grt.sdc
Elapsed time: 0:03.31[h:]min:sec. CPU time: user 10.13 sys 0.11 (309%). Peak memory: 310096KB.
Log                       Ext     Elapsed/s Peak Memory/MB sha1sum result [0:20)
5_1_grt                   .odb            3            302 8674d0b87257113f9433
5_1_grt                   .sdc                             fd1ed4064fd688bc277a
/OpenROAD-flow-scripts/flow/scripts/flow.sh 5_2_route detail_route
Running detail_route.tcl, stage 5_2_route
read_liberty /OpenROAD-flow-scripts/flow/platforms/sky130hd/lib/sky130_fd_sc_hd__tt_025C_1v80.lib
read_db ./results/sky130hd/arbiter/base/5_1_grt.odb
read_sdc ./results/sky130hd/arbiter/base/5_1_grt.sdc
source /OpenROAD-flow-scripts/flow/platforms/sky130hd/setRC.tcl
[WARNING STA-0450] virtual clock vclk_core_clock can not be propagated.
detailed_route -output_drc ./reports/sky130hd/arbiter/base/5_route_drc.rpt -output_maze ./results/sky130hd/arbiter/base/maze.log -droute_end_iter 64 -verbose 1 -drc_report_iter_step 5
[INFO DRT-0149] Reading tech and libs.
[WARNING DRT-0349] LEF58_ENCLOSURE with no CUTCLASS is not supported. Skipping for layer mcon
[WARNING DRT-0349] LEF58_ENCLOSURE with no CUTCLASS is not supported. Skipping for layer mcon
[WARNING DRT-0349] LEF58_ENCLOSURE with no CUTCLASS is not supported. Skipping for layer via
[WARNING DRT-0349] LEF58_ENCLOSURE with no CUTCLASS is not supported. Skipping for layer via
[WARNING DRT-0349] LEF58_ENCLOSURE with no CUTCLASS is not supported. Skipping for layer via2
[WARNING DRT-0349] LEF58_ENCLOSURE with no CUTCLASS is not supported. Skipping for layer via2
[WARNING DRT-0349] LEF58_ENCLOSURE with no CUTCLASS is not supported. Skipping for layer via3
[WARNING DRT-0349] LEF58_ENCLOSURE with no CUTCLASS is not supported. Skipping for layer via3
[WARNING DRT-0349] LEF58_ENCLOSURE with no CUTCLASS is not supported. Skipping for layer via4
[WARNING DRT-0349] LEF58_ENCLOSURE with no CUTCLASS is not supported. Skipping for layer via4

Units:                1000
Number of layers:     13
Number of macros:     441
Number of vias:       29
Number of viarulegen: 25

[INFO DRT-0150] Reading design.

Design:                   arbiter
Die area:                 ( 0 0 ) ( 52395 52395 )
Number of track patterns: 12
Number of DEF vias:       0
Number of components:     97
Number of terminals:      15
Number of snets:          2
Number of nets:           75

[INFO DRT-0167] List of default vias:
  Layer via
    default via: M1M2_PR
  Layer via2
    default via: M2M3_PR
  Layer via3
    default via: M3M4_PR
  Layer via4
    default via: M4M5_PR
[INFO DRT-0162] Library cell analysis.
[INFO DRT-0163] Instance analysis.
[INFO DRT-0164] Number of unique instances = 41.
[INFO DRT-0168] Init region query.
[INFO DRT-0024]   Complete FR_MASTERSLICE.
[INFO DRT-0024]   Complete Fr_VIA.
[INFO DRT-0024]   Complete li1.
[INFO DRT-0024]   Complete mcon.
[INFO DRT-0024]   Complete met1.
[INFO DRT-0024]   Complete via.
[INFO DRT-0024]   Complete met2.
[INFO DRT-0024]   Complete via2.
[INFO DRT-0024]   Complete met3.
[INFO DRT-0024]   Complete via3.
[INFO DRT-0024]   Complete met4.
[INFO DRT-0024]   Complete via4.
[INFO DRT-0024]   Complete met5.
[INFO DRT-0033] FR_MASTERSLICE shape region query size = 0.
[INFO DRT-0033] FR_VIA shape region query size = 0.
[INFO DRT-0033] li1 shape region query size = 1705.
[INFO DRT-0033] mcon shape region query size = 974.
[INFO DRT-0033] met1 shape region query size = 255.
[INFO DRT-0033] via shape region query size = 135.
[INFO DRT-0033] met2 shape region query size = 87.
[INFO DRT-0033] via2 shape region query size = 108.
[INFO DRT-0033] met3 shape region query size = 88.
[INFO DRT-0033] via3 shape region query size = 108.
[INFO DRT-0033] met4 shape region query size = 35.
[INFO DRT-0033] via4 shape region query size = 5.
[INFO DRT-0033] met5 shape region query size = 11.
[INFO DRT-0165] Start pin access.
[INFO DRT-0078]   Complete 290 pins.
[INFO DRT-0081]   Complete 41 unique inst patterns.
[INFO DRT-0084]   Complete 47 groups.
#scanned instances     = 97
#unique  instances     = 41
#stdCellGenAp          = 1009
#stdCellValidPlanarAp  = 0
#stdCellValidViaAp     = 782
#stdCellPinNoAp        = 0
#stdCellPinCnt         = 193
#instTermValidViaApCnt = 0
#macroGenAp            = 0
#macroValidPlanarAp    = 0
#macroValidViaAp       = 0
#macroNoAp             = 0
[INFO DRT-0166] Complete pin access.
[INFO DRT-0267] cpu time = 00:00:09, elapsed time = 00:00:01, memory = 249.60 (MB), peak = 248.71 (MB)

[INFO DRT-0157] Number of guides:     432

[INFO DRT-0169] Post process guides.
[INFO DRT-0176] GCELLGRID X 0 DO 7 STEP 6900 ;
[INFO DRT-0177] GCELLGRID Y 0 DO 7 STEP 6900 ;
[INFO DRT-0028]   Complete FR_MASTERSLICE.
[INFO DRT-0028]   Complete Fr_VIA.
[INFO DRT-0028]   Complete li1.
[INFO DRT-0028]   Complete mcon.
[INFO DRT-0028]   Complete met1.
[INFO DRT-0028]   Complete via.
[INFO DRT-0028]   Complete met2.
[INFO DRT-0028]   Complete via2.
[INFO DRT-0028]   Complete met3.
[INFO DRT-0028]   Complete via3.
[INFO DRT-0028]   Complete met4.
[INFO DRT-0028]   Complete via4.
[INFO DRT-0028]   Complete met5.
[INFO DRT-0178] Init guide query.
[INFO DRT-0035]   Complete FR_MASTERSLICE (guide).
[INFO DRT-0035]   Complete Fr_VIA (guide).
[INFO DRT-0035]   Complete li1 (guide).
[INFO DRT-0035]   Complete mcon (guide).
[INFO DRT-0035]   Complete met1 (guide).
[INFO DRT-0035]   Complete via (guide).
[INFO DRT-0035]   Complete met2 (guide).
[INFO DRT-0035]   Complete via2 (guide).
[INFO DRT-0035]   Complete met3 (guide).
[INFO DRT-0035]   Complete via3 (guide).
[INFO DRT-0035]   Complete met4 (guide).
[INFO DRT-0035]   Complete via4 (guide).
[INFO DRT-0035]   Complete met5 (guide).
[INFO DRT-0036] FR_MASTERSLICE guide region query size = 0.
[INFO DRT-0036] FR_VIA guide region query size = 0.
[INFO DRT-0036] li1 guide region query size = 153.
[INFO DRT-0036] mcon guide region query size = 0.
[INFO DRT-0036] met1 guide region query size = 120.
[INFO DRT-0036] via guide region query size = 0.
[INFO DRT-0036] met2 guide region query size = 67.
[INFO DRT-0036] via2 guide region query size = 0.
[INFO DRT-0036] met3 guide region query size = 12.
[INFO DRT-0036] via3 guide region query size = 0.
[INFO DRT-0036] met4 guide region query size = 3.
[INFO DRT-0036] via4 guide region query size = 0.
[INFO DRT-0036] met5 guide region query size = 0.
[INFO DRT-0179] Init gr pin query.
[INFO DRT-0267] cpu time = 00:00:00, elapsed time = 00:00:00, memory = 251.95 (MB), peak = 251.20 (MB)
[INFO DRT-0245] skipped writing guide updates to database.
[INFO DRT-0181] Start track assignment.
[INFO DRT-0184] Done with 223 vertical wires in 1 frboxes and 132 horizontal wires in 1 frboxes.
[INFO DRT-0186] Done with 23 vertical wires in 1 frboxes and 23 horizontal wires in 1 frboxes.
[INFO DRT-0182] Complete track assignment.
[INFO DRT-0267] cpu time = 00:00:00, elapsed time = 00:00:00, memory = 253.13 (MB), peak = 252.32 (MB)
[INFO DRT-0187] Start routing data preparation.
[INFO DRT-0267] cpu time = 00:00:00, elapsed time = 00:00:00, memory = 253.14 (MB), peak = 252.32 (MB)
[INFO DRT-0194] Start detail routing.
[INFO DRT-0195] Start 0th optimization iteration.
    Completing 100% with 4 violations.
    elapsed time = 00:00:00, memory = 262.88 (MB).
[INFO DRT-0199]   Number of violations = 4.
Viol/Layer        met1   met2
Metal Spacing        1      1
Short                2      0
[INFO DRT-0267] cpu time = 00:00:00, elapsed time = 00:00:00, memory = 625.38 (MB), peak = 624.59 (MB)
Total wire length = 1003 um.
Total wire length on LAYER li1 = 0 um.
Total wire length on LAYER met1 = 426 um.
Total wire length on LAYER met2 = 551 um.
Total wire length on LAYER met3 = 25 um.
Total wire length on LAYER met4 = 0 um.
Total wire length on LAYER met5 = 0 um.
Total number of vias = 368.
Up-via summary (total 368):

----------------------
 FR_MASTERSLICE      0
            li1    195
           met1    166
           met2      7
           met3      0
           met4      0
----------------------
               368


[INFO DRT-0195] Start 1st optimization iteration.
    Completing 20% with 4 violations.
    elapsed time = 00:00:00, memory = 638.36 (MB).
    Completing 50% with 0 violations.
    elapsed time = 00:00:00, memory = 642.02 (MB).
    Completing 70% with 1 violations.
    elapsed time = 00:00:00, memory = 643.18 (MB).
    Completing 100% with 1 violations.
    elapsed time = 00:00:00, memory = 643.93 (MB).
[INFO DRT-0199]   Number of violations = 1.
Viol/Layer        met2
Metal Spacing        1
[INFO DRT-0267] cpu time = 00:00:00, elapsed time = 00:00:00, memory = 644.93 (MB), peak = 644.06 (MB)
Total wire length = 986 um.
Total wire length on LAYER li1 = 0 um.
Total wire length on LAYER met1 = 409 um.
Total wire length on LAYER met2 = 551 um.
Total wire length on LAYER met3 = 25 um.
Total wire length on LAYER met4 = 0 um.
Total wire length on LAYER met5 = 0 um.
Total number of vias = 371.
Up-via summary (total 371):

----------------------
 FR_MASTERSLICE      0
            li1    197
           met1    167
           met2      7
           met3      0
           met4      0
----------------------
               371


[INFO DRT-0195] Start 2nd optimization iteration.
    Completing 20% with 1 violations.
    elapsed time = 00:00:00, memory = 644.94 (MB).
    Completing 50% with 1 violations.
    elapsed time = 00:00:00, memory = 644.94 (MB).
    Completing 70% with 1 violations.
    elapsed time = 00:00:00, memory = 644.95 (MB).
    Completing 100% with 0 violations.
    elapsed time = 00:00:00, memory = 658.23 (MB).
[INFO DRT-0199]   Number of violations = 0.
[INFO DRT-0267] cpu time = 00:00:00, elapsed time = 00:00:00, memory = 658.23 (MB), peak = 657.38 (MB)
Total wire length = 992 um.
Total wire length on LAYER li1 = 0 um.
Total wire length on LAYER met1 = 414 um.
Total wire length on LAYER met2 = 540 um.
Total wire length on LAYER met3 = 28 um.
Total wire length on LAYER met4 = 8 um.
Total wire length on LAYER met5 = 0 um.
Total number of vias = 374.
Up-via summary (total 374):

----------------------
 FR_MASTERSLICE      0
            li1    195
           met1    168
           met2      9
           met3      2
           met4      0
----------------------
               374


[INFO DRT-0198] Complete detail routing.
Total wire length = 992 um.
Total wire length on LAYER li1 = 0 um.
Total wire length on LAYER met1 = 414 um.
Total wire length on LAYER met2 = 540 um.
Total wire length on LAYER met3 = 28 um.
Total wire length on LAYER met4 = 8 um.
Total wire length on LAYER met5 = 0 um.
Total number of vias = 374.
Up-via summary (total 374):

----------------------
 FR_MASTERSLICE      0
            li1    195
           met1    168
           met2      9
           met3      2
           met4      0
----------------------
               374


[INFO DRT-0267] cpu time = 00:00:01, elapsed time = 00:00:01, memory = 658.36 (MB), peak = 657.55 (MB)

[INFO DRT-0180] Post processing.
[INFO DRT-0501] Runtime: 3.77s
[INFO GRT-0012] Found 0 antenna violations.
[INFO ANT-0002] Found 0 net violations.
[INFO ANT-0001] Found 0 pin violations.
[INFO ANT-0002] Found 0 net violations.
[INFO ANT-0001] Found 0 pin violations.
Design area 602 um^2 26% utilization.
write_db ./results/sky130hd/arbiter/base/5_2_route.odb
Elapsed time: 0:04.79[h:]min:sec. CPU time: user 12.12 sys 0.27 (258%). Peak memory: 675512KB.
Log                       Ext     Elapsed/s Peak Memory/MB sha1sum result [0:20)
5_2_route                 .odb            4            659 8befcdbacdda4351ac7e
/OpenROAD-flow-scripts/flow/scripts/flow.sh 5_3_fillcell fillcell
Running fillcell.tcl, stage 5_3_fillcell
read_liberty /OpenROAD-flow-scripts/flow/platforms/sky130hd/lib/sky130_fd_sc_hd__tt_025C_1v80.lib
read_db ./results/sky130hd/arbiter/base/5_2_route.odb
read_sdc ./results/sky130hd/arbiter/base/5_1_grt.sdc
source /OpenROAD-flow-scripts/flow/platforms/sky130hd/setRC.tcl
[WARNING STA-0450] virtual clock vclk_core_clock can not be propagated.
filler_placement "sky130_fd_sc_hd__fill_1 sky130_fd_sc_hd__fill_2 sky130_fd_sc_hd__fill_4 sky130_fd_sc_hd__fill_8"
[INFO DPL-0001] Placed 269 filler instances.
Design area 602 um^2 26% utilization.
write_db ./results/sky130hd/arbiter/base/5_3_fillcell.odb
Elapsed time: 0:00.80[h:]min:sec. CPU time: user 0.73 sys 0.05 (96%). Peak memory: 145176KB.
Log                       Ext     Elapsed/s Peak Memory/MB sha1sum result [0:20)
5_3_fillcell              .odb            0            141 b806fff3afa16c43c1af
cp ./results/sky130hd/arbiter/base/5_3_fillcell.odb ./results/sky130hd/arbiter/base/5_route.odb
cp ./results/sky130hd/arbiter/base/5_1_grt.sdc ./results/sky130hd/arbiter/base/5_route.sdc
/OpenROAD-flow-scripts/flow/scripts/flow.sh 6_1_fill density_fill
Running density_fill.tcl, stage 6_1_fill
read_liberty /OpenROAD-flow-scripts/flow/platforms/sky130hd/lib/sky130_fd_sc_hd__tt_025C_1v80.lib
read_db ./results/sky130hd/arbiter/base/5_route.odb
read_sdc ./results/sky130hd/arbiter/base/5_route.sdc
source /OpenROAD-flow-scripts/flow/platforms/sky130hd/setRC.tcl
exec cp ./results/sky130hd/arbiter/base/5_route.odb ./results/sky130hd/arbiter/base/6_1_fill.odb
Elapsed time: 0:00.78[h:]min:sec. CPU time: user 0.71 sys 0.05 (99%). Peak memory: 142476KB.
Log                       Ext     Elapsed/s Peak Memory/MB sha1sum result [0:20)
6_1_fill                  .odb            0            139 b806fff3afa16c43c1af
cp ./results/sky130hd/arbiter/base/5_route.sdc ./results/sky130hd/arbiter/base/6_1_fill.sdc
/OpenROAD-flow-scripts/flow/scripts/flow.sh 6_report final_report
Running final_report.tcl, stage 6_report
read_liberty /OpenROAD-flow-scripts/flow/platforms/sky130hd/lib/sky130_fd_sc_hd__tt_025C_1v80.lib
read_db ./results/sky130hd/arbiter/base/6_1_fill.odb
read_sdc ./results/sky130hd/arbiter/base/6_1_fill.sdc
source /OpenROAD-flow-scripts/flow/platforms/sky130hd/setRC.tcl
[WARNING STA-0450] virtual clock vclk_core_clock can not be propagated.
write_db ./results/sky130hd/arbiter/base/6_final.odb
write_sdc -no_timestamp ./results/sky130hd/arbiter/base/6_final.sdc
Deleted 0 routing obstructions
Warning: master sky130_ef_sc_hd__decap_12 has signal pins but no liberty cell
[INFO RCX-0431] Defined process_corner X with ext_model_index 0
[INFO RCX-0029] Defined extraction corner X
[WARNING RCX-0514] The ext_model_file option is deprecated. Use set_extraction_rules_file command instead.
[INFO RCX-0435] Reading extraction model file /OpenROAD-flow-scripts/flow/platforms/sky130hd/rcx_patterns.rules ...
[INFO RCX-0436] RC segment generation arbiter (max_merge_res 50.0) ...
[INFO RCX-0040] Final 190 rc segments
[INFO RCX-0439] Coupling Cap extraction arbiter ...
[INFO RCX-0440] Coupling threshhold is 0.1000 fF, coupling capacitance less than 0.1000 fF will be grounded.
[INFO RCX-0442] 59% of 419 wires extracted
[INFO RCX-0442] 100% of 419 wires extracted
[INFO RCX-0045] Extract 75 nets, 265 rsegs, 265 caps, 304 ccs
[INFO RCX-0443] 75 nets finished
[INFO PSM-0040] All shapes on net VDD are connected.
########## IR report #################
Net              : VDD
Corner           : default
Total power      : 3.76e-04 W
Supply voltage   : 1.80e+00 V
Worstcase voltage: 1.80e+00 V
Average voltage  : 1.80e+00 V
Average IR drop  : 9.63e-05 V
Worstcase IR drop: 4.22e-04 V
Percentage drop  : 0.02 %
######################################
[INFO PSM-0040] All shapes on net VSS are connected.
########## IR report #################
Net              : VSS
Corner           : default
Total power      : 3.76e-04 W
Supply voltage   : 0.00e+00 V
Worstcase voltage: 1.35e-04 V
Average voltage  : 2.74e-05 V
Average IR drop  : 2.74e-05 V
Worstcase IR drop: 1.35e-04 V
Percentage drop  : 0.01 %
######################################
Cell type report:                       Count       Area
  Fill cell                               269    1695.38
  Tap cell                                 28      35.03
  Clock buffer                              3      22.52
  Timing Repair Buffer                     33     266.51
  Inverter                                  3      11.26
  Sequential cell                           2      40.04
  Multi-Input combinational cell           28     226.47
  Total                                   366    2297.20
Report metrics stage 6, finish...

==========================================================================
finish report_design_area
--------------------------------------------------------------------------
Design area 602 um^2 26% utilization.
[WARNING GUI-0076] QStandardPaths: XDG_RUNTIME_DIR not set, defaulting to '/tmp/runtime-'
Elapsed time: 0:02.46[h:]min:sec. CPU time: user 2.35 sys 0.11 (100%). Peak memory: 245868KB.
Log                       Ext     Elapsed/s Peak Memory/MB sha1sum result [0:20)
6_report                                  2            240                  N/A
cp /OpenROAD-flow-scripts/flow/platforms/sky130hd/lef/sky130_fd_sc_hd.tlef ./objects/sky130hd/arbiter/base/klayout_tech.lef
/usr/bin/python3 /OpenROAD-flow-scripts/flow/util/generate_klayout_tech.py \
	--template /OpenROAD-flow-scripts/flow/platforms/sky130hd/sky130hd.lyt \
	--output ./objects/sky130hd/arbiter/base/klayout.lyt \
	--lef-files ./objects/sky130hd/arbiter/base/klayout_tech.lef /OpenROAD-flow-scripts/flow/platforms/sky130hd/lef/sky130_fd_sc_hd_merged.lef   \
	--map-files 
/usr/bin/python3 /OpenROAD-flow-scripts/flow/scripts/run_command.py --log /OpenROAD-flow-scripts/flow/logs/sky130hd/arbiter/base/6_1_merge.log --tee -- \
        /OpenROAD-flow-scripts/flow/scripts/klayout.sh -zz -rd design_name=arbiter \
        -rd in_def=./results/sky130hd/arbiter/base/6_final.def \
        -rd in_files="/OpenROAD-flow-scripts/flow/platforms/sky130hd/gds/sky130_fd_sc_hd.gds  " \
        -rd seal_file="" \
        -rd out_file=./results/sky130hd/arbiter/base/6_1_merged.gds \
        -rd tech_file=./objects/sky130hd/arbiter/base/klayout.lyt \
        -rd layer_map= \
        -r /OpenROAD-flow-scripts/flow/util/def2stream.py
KLayout 0.30.7
[INFO] Reporting cells prior to loading DEF ...
	/OpenROAD-flow-scripts/flow/platforms/sky130hd/gds/sky130_fd_sc_hd.gds
[INFO] All LEF cells have matching GDS/OAS cells
[INFO] No orphan cells in the final layout
Elapsed time: 0:08.19[h:]min:sec. CPU time: user 7.75 sys 0.42 (99%). Peak memory: 873176KB.
cp results/sky130hd/arbiter/base/6_1_merged.gds results/sky130hd/arbiter/base/6_final.gds
./logs/sky130hd/arbiter/base
Log                       Ext     Elapsed/s Peak Memory/MB sha1sum result [0:20)
1_1_yosys_canonicalize    .rtlil          0             81 77f579ea19031ece7db1
1_2_yosys                 .v              2             85 a77acc87791d1f7be2a8
1_2_yosys                 .sdc                             d9d486ca92b8e44dbb92
1_synth                   .odb            0            141 a7276706f758f2c45730
1_synth                   .sdc                             dffa2c1402195d3b1912
2_1_floorplan             .odb            1            176 ff638633aa19b4fd6d27
2_1_floorplan             .sdc                             dffa2c1402195d3b1912
2_2_floorplan_macro       .odb            0            139 ff638633aa19b4fd6d27
2_3_floorplan_tapcell     .odb            0            138 215915a79544ffb9e30d
2_4_floorplan_pdn         .odb            0            143 137e8ebe48ec17955d9b
3_1_place_gp_skip_io      .odb            2            142 23457368cea45045622d
3_2_place_iop             .odb            0            139 ab2c4092eaf081d7a0b5
3_3_place_gp              .odb            2            273 26202499db33e843f6f3
3_4_place_resized         .odb            1            174 26202499db33e843f6f3
3_5_place_dp              .odb            1            147 a206689be4bff2b576df
4_1_cts                   .odb            3            193 38732cfac19f3cea7dcd
5_1_grt                   .odb            3            302 8674d0b87257113f9433
5_1_grt                   .sdc                             fd1ed4064fd688bc277a
5_2_route                 .odb            4            659 8befcdbacdda4351ac7e
5_3_fillcell              .odb            0            141 b806fff3afa16c43c1af
6_1_fill                  .odb            0            139 b806fff3afa16c43c1af
6_1_fill                  .sdc                             fd1ed4064fd688bc277a
6_1_merge                                 8            852                  N/A
6_report                                  2            240                  N/A
Total                                    29            852                     
