00:32:26 === MAC QUEUE START ===
00:32:26 --- d_ca04 ---
00:32:26 SWEEP d_ca04 reference (seed 4.5ns)
00:32:26 SWEEP d_ca04_cand_chat_v2 (seed 4.5ns)
00:32:26 SWEEP d_ca04_cand_claude_v2 (seed 4.5ns)
00:32:26 d_ca04: no periods, no builds
00:32:26 --- d_nw03 ---
00:32:26 SWEEP d_nw03 reference (seed 4.0ns)
00:32:26 SWEEP d_nw03_cand_chat_v2 (seed 4.0ns)
00:32:26 SWEEP d_nw03_cand_claude_v2 (seed 4.0ns)
00:32:26 SWEEP d_nw03_cand_gemini_v2 (seed 4.0ns)
00:32:26 d_nw03: no periods, no builds
00:32:26 --- d_dsp03 ---
00:32:26 SWEEP d_dsp03 reference (seed 12.0ns)
00:32:26 SWEEP d_dsp03_cand_chat_v2 (seed 12.0ns)
00:32:27 SWEEP d_dsp03_cand_claude_v2 (seed 12.0ns)
00:32:27 d_dsp03: no periods, no builds
00:32:27 --- d_dsp02 ---
00:32:27 SWEEP d_dsp02 reference (seed 20.25ns)
00:32:27 SWEEP d_dsp02_cand_chat_v2 (seed 20.25ns)
00:32:27 SWEEP d_dsp02_cand_claude_v2 (seed 20.25ns)
00:32:27 d_dsp02: no periods, no builds
00:32:27 === MAC QUEUE DONE ===
