13:03:21 === PART 2 START ===
13:03:21 SWEEP d_nw03 reference (seed 4.0ns)
design d_nw03 (networking, sky130hd)
config domains/networking/design/d_nw03_axis_switch_oq/orfs/config.mk
orfs output directory: d_nw03_axis_switch_oq

=== phase 1: bracketing from 4.0 ns ===

=== phase 2: bisecting (fail 2.0000, pass 4.0000] ns ===

=== phase 3: confirming 2.7500 ns from a clean build ===

==============================================================
FMAX for d_nw03 (networking, sky130hd)
  converged period : 2.7500 ns
  achieved Fmax    : 363.64 MHz
  WNS at that period: 0.09 ns
  confirming re-run: passed
  P&R runs         : 6 (2 bracketing, 3 bisection, 1 confirming)
  total wall time  : 7.5 min
  written to       : fmax_results/d_nw03_fmax.json
==============================================================
13:10:51 SWEEP d_nw03_cand_chat (seed 4.0ns)
design d_nw03_cand_chat (candidate, sky130hd)
config orfs_runs/d_nw03_cand_chat/config.mk

=== phase 1: bracketing from 4.0 ns ===

=== phase 2: bisecting (fail 4.0000, pass 8.0000] ns ===

=== phase 3: confirming 5.0000 ns from a clean build ===

==============================================================
FMAX for d_nw03_cand_chat (candidate, sky130hd)
  converged period : 5.0000 ns
  achieved Fmax    : 200.00 MHz
  WNS at that period: 0.04 ns
  confirming re-run: passed
  P&R runs         : 7 (2 bracketing, 4 bisection, 1 confirming)
  total wall time  : 13.9 min
  written to       : fmax_results/d_nw03_cand_chat_fmax.json
==============================================================
13:24:46 SWEEP d_nw03_cand_claude (seed 4.0ns)
design d_nw03_cand_claude (candidate, sky130hd)
config orfs_runs/d_nw03_cand_claude/config.mk

=== phase 1: bracketing from 4.0 ns ===

=== phase 2: bisecting (fail 4.0000, pass 8.0000] ns ===

=== phase 3: confirming 4.5000 ns from a clean build ===

==============================================================
FMAX for d_nw03_cand_claude (candidate, sky130hd)
  converged period : 4.5000 ns
  achieved Fmax    : 222.22 MHz
  WNS at that period: 0.02 ns
  confirming re-run: passed
  P&R runs         : 7 (2 bracketing, 4 bisection, 1 confirming)
  total wall time  : 47.6 min
  written to       : fmax_results/d_nw03_cand_claude_fmax.json
==============================================================
14:12:20 SWEEP d_nw03_cand_gemini (seed 4.0ns)
design d_nw03_cand_gemini (candidate, sky130hd)
config orfs_runs/d_nw03_cand_gemini/config.mk

=== phase 1: bracketing from 4.0 ns ===

=== phase 2: bisecting (fail 4.0000, pass 8.0000] ns ===

=== phase 3: confirming 6.5000 ns from a clean build ===

==============================================================
FMAX for d_nw03_cand_gemini (candidate, sky130hd)
  converged period : 6.5000 ns
  achieved Fmax    : 153.85 MHz
  WNS at that period: 0.1 ns
  confirming re-run: passed
  P&R runs         : 7 (2 bracketing, 4 bisection, 1 confirming)
  total wall time  : 70.2 min
  written to       : fmax_results/d_nw03_cand_gemini_fmax.json
==============================================================
15:22:31 SWEEP d_dsp03 reference (seed 12.0ns)
design d_dsp03 (dsp, sky130hd)
config domains/dsp/design/d_dsp03_multifmt_fma/orfs/config.mk
orfs output directory: d_dsp03_multifmt_fma

=== phase 1: bracketing from 12.0 ns ===

=== phase 2: bisecting (fail 24.0000, pass 48.0000] ns ===

=== phase 3: confirming 46.8750 ns from a clean build ===

==============================================================
FMAX for d_dsp03 (dsp, sky130hd)
  converged period : 46.8750 ns
  achieved Fmax    : 21.33 MHz
  WNS at that period: 0.01 ns
  confirming re-run: passed
  P&R runs         : 10 (3 bracketing, 6 bisection, 1 confirming)
  total wall time  : 221.6 min
  written to       : fmax_results/d_dsp03_fmax.json
==============================================================
19:04:10 SWEEP d_dsp03_cand_chat (seed 12.0ns)
task      : d_dsp03 (fp_multifmt_fma)
candidate : candidates/d_dsp03/chat.sv
config    : orfs_runs/d_dsp03_cand_chat/config.mk
results   : $ORFS_FLOW_DIR/{results,reports,logs}/sky130hd/d_dsp03_cand_chat/base/
expect ~25 min under emulation.

clean build: wiped sky130hd/d_dsp03_cand_chat (results, logs, objects, reports)
OPENROAD: /OpenROAD-flow-scripts/tools/OpenROAD
mkdir -p results/sky130hd/d_dsp03_cand_chat/base/
echo 65000 > results/sky130hd/d_dsp03_cand_chat/base/clock_period.txt
/OpenROAD-flow-scripts/flow/scripts/synth.sh /OpenROAD-flow-scripts/flow/scripts/synth_canonicalize.tcl ./logs/sky130hd/d_dsp03_cand_chat/base/1_1_yosys_canonicalize.log
Using ABC speed script.
Extracting clock period from SDC file: ./results/sky130hd/d_dsp03_cand_chat/base/clock_period.txt
Setting clock period to 65000
1. Executing Liberty frontend: /OpenROAD-flow-scripts/flow/platforms/sky130hd/lib/sky130_fd_sc_hd__tt_025C_1v80.lib
2. Executing Liberty frontend: /OpenROAD-flow-scripts/flow/platforms/sky130hd/lib/sky130_fd_sc_hd__tt_025C_1v80.lib
3. Executing SLANG frontend.
3.1. Executing PROC_CLEAN pass (remove empty switches from decision trees).
3.2. Executing TRIBUF pass.
3.3. Executing PROC_RMDEAD pass (remove dead branches from decision trees).
3.4. Executing PROC_PRUNE pass (remove redundant assignments in processes).
3.5. Executing PROC_INIT pass (extract init attributes).
3.6. Executing PROC_ROM pass (convert switches to ROMs).
3.7. Executing PROC_MUX pass (convert decision trees to multiplexers).
3.8. Executing PROC_CLEAN pass (remove empty switches from decision trees).
3.9. Executing OPT_EXPR pass (perform const folding).
4. Executing HIERARCHY pass (managing design hierarchy).
4.1. Analyzing design hierarchy..
4.2. Analyzing design hierarchy..
5. Executing OPT_CLEAN pass (remove unused cells and wires).
6. Executing RTLIL backend.
End of script. Logfile hash: 3ef2195ba7, time: 5.86s, user: 6.12s, system: 0.30s, MEM: 332.91 MB peak
Yosys 0.68+post (git sha1 UNKNOWN, Release, GNU /usr/local/bin/wrapped-cc/g++ 11.4.0)
Time spent: 48% 1x proc_prune (3 sec), 20% 1x proc_mux (1 sec), ...
Elapsed time: 0:05.91[h:]min:sec. CPU time: user 6.16 sys 0.32 (109%). Peak memory: 340904KB.
Log                       Ext     Elapsed/s Peak Memory/MB sha1sum result [0:20)
1_1_yosys_canonicalize    .rtlil          5            332 97794df22ae266443f4f
/OpenROAD-flow-scripts/flow/scripts/synth.sh /OpenROAD-flow-scripts/flow/scripts/synth.tcl ./logs/sky130hd/d_dsp03_cand_chat/base/1_2_yosys.log
Using ABC speed script.
Extracting clock period from SDC file: ./results/sky130hd/d_dsp03_cand_chat/base/clock_period.txt
Setting clock period to 65000
1. Executing RTLIL frontend.
2. Executing HIERARCHY pass (managing design hierarchy).
2.1. Analyzing design hierarchy..
2.2. Analyzing design hierarchy..
3. Executing SYNTH pass.
3.1. Executing HIERARCHY pass (managing design hierarchy).
3.1.1. Analyzing design hierarchy..
3.1.2. Analyzing design hierarchy..
3.2. Executing PROC pass (convert processes to netlists).
3.2.1. Executing PROC_CLEAN pass (remove empty switches from decision trees).
3.2.2. Executing PROC_RMDEAD pass (remove dead branches from decision trees).
3.2.3. Executing PROC_PRUNE pass (remove redundant assignments in processes).
3.2.4. Executing PROC_INIT pass (extract init attributes).
3.2.5. Executing PROC_ARST pass (detect async resets in processes).
3.2.6. Executing PROC_ROM pass (convert switches to ROMs).
3.2.7. Executing PROC_MUX pass (convert decision trees to multiplexers).
3.2.8. Executing PROC_DLATCH pass (convert process syncs to latches).
3.2.9. Executing PROC_DFF pass (convert process syncs to FFs).
3.2.10. Executing PROC_MEMWR pass (convert process memory writes to cells).
3.2.11. Executing PROC_CLEAN pass (remove empty switches from decision trees).
3.2.12. Executing OPT_EXPR pass (perform const folding).
3.3. Executing CHECK pass (checking for obvious problems).
3.4. Executing FLATTEN pass (flatten design).
3.5. Executing OPT_EXPR pass (perform const folding).
3.6. Executing OPT_CLEAN pass (remove unused cells and wires).
3.7. Executing CHECK pass (checking for obvious problems).
3.8. Executing OPT pass (performing simple optimizations).
3.8.1. Executing OPT_EXPR pass (perform const folding).
3.8.2. Executing OPT_MERGE pass (detect identical cells).
3.8.3. Executing OPT_MUXTREE pass (detect dead branches in mux trees).
3.8.4. Executing OPT_REDUCE pass (consolidate $*mux and $reduce_* inputs).
3.8.5. Executing OPT_MERGE pass (detect identical cells).
3.8.6. Executing OPT_DFF pass (perform DFF optimizations).
3.8.7. Executing OPT_CLEAN pass (remove unused cells and wires).
3.8.8. Executing OPT_EXPR pass (perform const folding).
3.8.9. Rerunning OPT passes. (Maybe there is more to do..)
3.8.10. Executing OPT_MUXTREE pass (detect dead branches in mux trees).
3.8.11. Executing OPT_REDUCE pass (consolidate $*mux and $reduce_* inputs).
3.8.12. Executing OPT_MERGE pass (detect identical cells).
3.8.13. Executing OPT_DFF pass (perform DFF optimizations).
3.8.14. Executing OPT_CLEAN pass (remove unused cells and wires).
3.8.15. Executing OPT_EXPR pass (perform const folding).
3.8.16. Finished fast OPT passes. (There is nothing left to do.)
3.9. Executing FSM pass (extract and optimize FSM).
3.9.1. Executing FSM_DETECT pass (finding FSMs in design).
3.9.2. Executing FSM_EXTRACT pass (extracting FSM from design).
3.9.3. Executing FSM_OPT pass (simple optimizations of FSMs).
3.9.4. Executing OPT_CLEAN pass (remove unused cells and wires).
3.9.5. Executing FSM_OPT pass (simple optimizations of FSMs).
3.9.6. Executing FSM_RECODE pass (re-assigning FSM state encoding).
3.9.7. Executing FSM_INFO pass (dumping all available information on FSM cells).
3.9.8. Executing FSM_MAP pass (mapping FSMs to basic logic).
3.10. Executing OPT pass (performing simple optimizations).
3.10.1. Executing OPT_EXPR pass (perform const folding).
3.10.2. Executing OPT_MERGE pass (detect identical cells).
3.10.3. Executing OPT_MUXTREE pass (detect dead branches in mux trees).
3.10.4. Executing OPT_REDUCE pass (consolidate $*mux and $reduce_* inputs).
3.10.5. Executing OPT_MERGE pass (detect identical cells).
3.10.6. Executing OPT_DFF pass (perform DFF optimizations).
3.10.7. Executing OPT_CLEAN pass (remove unused cells and wires).
3.10.8. Executing OPT_EXPR pass (perform const folding).
3.10.9. Finished fast OPT passes. (There is nothing left to do.)
3.11. Executing WREDUCE pass (reducing word size of cells).
3.12. Executing PEEPOPT pass (run peephole optimizers).
3.13. Executing OPT_CLEAN pass (remove unused cells and wires).
3.14. Executing ALUMACC pass (create $alu and $macc cells).
3.15. Executing SHARE pass (SAT-based resource sharing).
make[1]: *** [Makefile:266: do-yosys] Terminated
make: *** [Makefile:277: results/sky130hd/d_dsp03_cand_chat/base/1_2_yosys.v] Terminated
