OPENROAD: /OpenROAD-flow-scripts/tools/OpenROAD
mkdir -p results/sky130hd/uart/base/
echo 20.0 > results/sky130hd/uart/base/clock_period.txt
/OpenROAD-flow-scripts/flow/scripts/synth.sh /OpenROAD-flow-scripts/flow/scripts/synth_canonicalize.tcl ./logs/sky130hd/uart/base/1_1_yosys_canonicalize.log
Using ABC speed script.
Extracting clock period from SDC file: ./results/sky130hd/uart/base/clock_period.txt
Setting clock period to 20.0
1. Executing Liberty frontend: /OpenROAD-flow-scripts/flow/platforms/sky130hd/lib/sky130_fd_sc_hd__tt_025C_1v80.lib
2. Executing Liberty frontend: /OpenROAD-flow-scripts/flow/platforms/sky130hd/lib/sky130_fd_sc_hd__tt_025C_1v80.lib
3. Executing SLANG frontend.
3.1. Executing PROC_CLEAN pass (remove empty switches from decision trees).
3.2. Executing TRIBUF pass.
3.3. Executing PROC_RMDEAD pass (remove dead branches from decision trees).
3.4. Executing PROC_PRUNE pass (remove redundant assignments in processes).
3.5. Executing PROC_INIT pass (extract init attributes).
3.6. Executing PROC_ROM pass (convert switches to ROMs).
3.7. Executing PROC_MUX pass (convert decision trees to multiplexers).
3.8. Executing PROC_CLEAN pass (remove empty switches from decision trees).
3.9. Executing OPT_EXPR pass (perform const folding).
4. Executing HIERARCHY pass (managing design hierarchy).
4.1. Analyzing design hierarchy..
4.2. Analyzing design hierarchy..
5. Executing OPT_CLEAN pass (remove unused cells and wires).
6. Executing RTLIL backend.
End of script. Logfile hash: b0d63f9c00, time: 0.76s, user: 0.63s, system: 0.04s, MEM: 80.18 MB peak
Yosys 0.68+post (git sha1 UNKNOWN, Release, GNU /usr/local/bin/wrapped-cc/g++ 11.4.0)
Time spent: 41% 2x read_slang (0 sec), 37% 4x read_liberty (0 sec), ...
Elapsed time: 0:00.88[h:]min:sec. CPU time: user 0.81 sys 0.05 (97%). Peak memory: 84408KB.
Log                       Ext     Elapsed/s Peak Memory/MB sha1sum result [0:20)
1_1_yosys_canonicalize    .rtlil          0             82 c664971ce4deaedd7701
/OpenROAD-flow-scripts/flow/scripts/synth.sh /OpenROAD-flow-scripts/flow/scripts/synth.tcl ./logs/sky130hd/uart/base/1_2_yosys.log
Using ABC speed script.
Extracting clock period from SDC file: ./results/sky130hd/uart/base/clock_period.txt
Setting clock period to 20.0
1. Executing RTLIL frontend.
2. Executing HIERARCHY pass (managing design hierarchy).
2.1. Analyzing design hierarchy..
2.2. Analyzing design hierarchy..
3. Executing SYNTH pass.
3.1. Executing HIERARCHY pass (managing design hierarchy).
3.1.1. Analyzing design hierarchy..
3.1.2. Analyzing design hierarchy..
3.2. Executing PROC pass (convert processes to netlists).
3.2.1. Executing PROC_CLEAN pass (remove empty switches from decision trees).
3.2.2. Executing PROC_RMDEAD pass (remove dead branches from decision trees).
3.2.3. Executing PROC_PRUNE pass (remove redundant assignments in processes).
3.2.4. Executing PROC_INIT pass (extract init attributes).
3.2.5. Executing PROC_ARST pass (detect async resets in processes).
3.2.6. Executing PROC_ROM pass (convert switches to ROMs).
3.2.7. Executing PROC_MUX pass (convert decision trees to multiplexers).
3.2.8. Executing PROC_DLATCH pass (convert process syncs to latches).
3.2.9. Executing PROC_DFF pass (convert process syncs to FFs).
3.2.10. Executing PROC_MEMWR pass (convert process memory writes to cells).
3.2.11. Executing PROC_CLEAN pass (remove empty switches from decision trees).
3.2.12. Executing OPT_EXPR pass (perform const folding).
3.3. Executing CHECK pass (checking for obvious problems).
3.4. Executing FLATTEN pass (flatten design).
3.5. Executing OPT_EXPR pass (perform const folding).
3.6. Executing OPT_CLEAN pass (remove unused cells and wires).
3.7. Executing CHECK pass (checking for obvious problems).
3.8. Executing OPT pass (performing simple optimizations).
3.8.1. Executing OPT_EXPR pass (perform const folding).
3.8.2. Executing OPT_MERGE pass (detect identical cells).
3.8.3. Executing OPT_MUXTREE pass (detect dead branches in mux trees).
3.8.4. Executing OPT_REDUCE pass (consolidate $*mux and $reduce_* inputs).
3.8.5. Executing OPT_MERGE pass (detect identical cells).
3.8.6. Executing OPT_DFF pass (perform DFF optimizations).
3.8.7. Executing OPT_CLEAN pass (remove unused cells and wires).
3.8.8. Executing OPT_EXPR pass (perform const folding).
3.8.9. Rerunning OPT passes. (Maybe there is more to do..)
3.8.10. Executing OPT_MUXTREE pass (detect dead branches in mux trees).
3.8.11. Executing OPT_REDUCE pass (consolidate $*mux and $reduce_* inputs).
3.8.12. Executing OPT_MERGE pass (detect identical cells).
3.8.13. Executing OPT_DFF pass (perform DFF optimizations).
3.8.14. Executing OPT_CLEAN pass (remove unused cells and wires).
3.8.15. Executing OPT_EXPR pass (perform const folding).
3.8.16. Finished fast OPT passes. (There is nothing left to do.)
3.9. Executing FSM pass (extract and optimize FSM).
3.9.1. Executing FSM_DETECT pass (finding FSMs in design).
3.9.2. Executing FSM_EXTRACT pass (extracting FSM from design).
3.9.3. Executing FSM_OPT pass (simple optimizations of FSMs).
3.9.4. Executing OPT_CLEAN pass (remove unused cells and wires).
3.9.5. Executing FSM_OPT pass (simple optimizations of FSMs).
3.9.6. Executing FSM_RECODE pass (re-assigning FSM state encoding).
3.9.7. Executing FSM_INFO pass (dumping all available information on FSM cells).
3.9.8. Executing FSM_MAP pass (mapping FSMs to basic logic).
3.10. Executing OPT pass (performing simple optimizations).
3.10.1. Executing OPT_EXPR pass (perform const folding).
3.10.2. Executing OPT_MERGE pass (detect identical cells).
3.10.3. Executing OPT_MUXTREE pass (detect dead branches in mux trees).
3.10.4. Executing OPT_REDUCE pass (consolidate $*mux and $reduce_* inputs).
3.10.5. Executing OPT_MERGE pass (detect identical cells).
3.10.6. Executing OPT_DFF pass (perform DFF optimizations).
3.10.7. Executing OPT_CLEAN pass (remove unused cells and wires).
3.10.8. Executing OPT_EXPR pass (perform const folding).
3.10.9. Rerunning OPT passes. (Maybe there is more to do..)
3.10.10. Executing OPT_MUXTREE pass (detect dead branches in mux trees).
3.10.11. Executing OPT_REDUCE pass (consolidate $*mux and $reduce_* inputs).
3.10.12. Executing OPT_MERGE pass (detect identical cells).
3.10.13. Executing OPT_DFF pass (perform DFF optimizations).
3.10.14. Executing OPT_CLEAN pass (remove unused cells and wires).
3.10.15. Executing OPT_EXPR pass (perform const folding).
3.10.16. Rerunning OPT passes. (Maybe there is more to do..)
3.10.17. Executing OPT_MUXTREE pass (detect dead branches in mux trees).
3.10.18. Executing OPT_REDUCE pass (consolidate $*mux and $reduce_* inputs).
3.10.19. Executing OPT_MERGE pass (detect identical cells).
3.10.20. Executing OPT_DFF pass (perform DFF optimizations).
3.10.21. Executing OPT_CLEAN pass (remove unused cells and wires).
3.10.22. Executing OPT_EXPR pass (perform const folding).
3.10.23. Finished fast OPT passes. (There is nothing left to do.)
3.11. Executing WREDUCE pass (reducing word size of cells).
3.12. Executing PEEPOPT pass (run peephole optimizers).
3.13. Executing OPT_CLEAN pass (remove unused cells and wires).
3.14. Executing ALUMACC pass (create $alu and $macc cells).
3.15. Executing SHARE pass (SAT-based resource sharing).
3.16. Executing OPT pass (performing simple optimizations).
3.16.1. Executing OPT_EXPR pass (perform const folding).
3.16.2. Executing OPT_MERGE pass (detect identical cells).
3.16.3. Executing OPT_MUXTREE pass (detect dead branches in mux trees).
3.16.4. Executing OPT_REDUCE pass (consolidate $*mux and $reduce_* inputs).
3.16.5. Executing OPT_MERGE pass (detect identical cells).
3.16.6. Executing OPT_DFF pass (perform DFF optimizations).
3.16.7. Executing OPT_CLEAN pass (remove unused cells and wires).
3.16.8. Executing OPT_EXPR pass (perform const folding).
3.16.9. Finished fast OPT passes. (There is nothing left to do.)
3.17. Executing MEMORY pass.
3.17.1. Executing OPT_MEM pass (optimize memories).
3.17.2. Executing OPT_MEM_PRIORITY pass (removing unnecessary memory write priority relations).
3.17.3. Executing OPT_MEM_FEEDBACK pass (finding memory read-to-write feedback paths).
3.17.4. Executing MEMORY_BMUX2ROM pass (converting muxes to ROMs).
3.17.5. Executing MEMORY_DFF pass (merging $dff cells to $memrd).
3.17.6. Executing OPT_CLEAN pass (remove unused cells and wires).
3.17.7. Executing MEMORY_SHARE pass (consolidating $memrd/$memwr cells).
3.17.8. Executing OPT_MEM_WIDEN pass (optimize memories where all ports are wide).
3.17.9. Executing OPT_CLEAN pass (remove unused cells and wires).
3.17.10. Executing MEMORY_COLLECT pass (generating $mem cells).
3.18. Executing OPT_CLEAN pass (remove unused cells and wires).
4. Executing SYNTH pass.
4.1. Executing OPT pass (performing simple optimizations).
4.1.1. Executing OPT_EXPR pass (perform const folding).
4.1.2. Executing OPT_MERGE pass (detect identical cells).
4.1.3. Executing OPT_DFF pass (perform DFF optimizations).
4.1.4. Executing OPT_CLEAN pass (remove unused cells and wires).
4.1.5. Finished fast OPT passes.
4.2. Executing MEMORY_MAP pass (converting memories to logic and flip-flops).
4.3. Executing OPT pass (performing simple optimizations).
4.3.1. Executing OPT_EXPR pass (perform const folding).
4.3.2. Executing OPT_MERGE pass (detect identical cells).
4.3.3. Executing OPT_MUXTREE pass (detect dead branches in mux trees).
4.3.4. Executing OPT_REDUCE pass (consolidate $*mux and $reduce_* inputs).
4.3.5. Executing OPT_MERGE pass (detect identical cells).
4.3.6. Executing OPT_SHARE pass.
4.3.7. Executing OPT_DFF pass (perform DFF optimizations).
4.3.8. Executing OPT_CLEAN pass (remove unused cells and wires).
4.3.9. Executing OPT_EXPR pass (perform const folding).
4.3.10. Rerunning OPT passes. (Maybe there is more to do..)
4.3.11. Executing OPT_MUXTREE pass (detect dead branches in mux trees).
4.3.12. Executing OPT_REDUCE pass (consolidate $*mux and $reduce_* inputs).
4.3.13. Executing OPT_MERGE pass (detect identical cells).
4.3.14. Executing OPT_SHARE pass.
4.3.15. Executing OPT_DFF pass (perform DFF optimizations).
4.3.16. Executing OPT_CLEAN pass (remove unused cells and wires).
4.3.17. Executing OPT_EXPR pass (perform const folding).
4.3.18. Rerunning OPT passes. (Maybe there is more to do..)
4.3.19. Executing OPT_MUXTREE pass (detect dead branches in mux trees).
4.3.20. Executing OPT_REDUCE pass (consolidate $*mux and $reduce_* inputs).
4.3.21. Executing OPT_MERGE pass (detect identical cells).
4.3.22. Executing OPT_SHARE pass.
4.3.23. Executing OPT_DFF pass (perform DFF optimizations).
4.3.24. Executing OPT_CLEAN pass (remove unused cells and wires).
4.3.25. Executing OPT_EXPR pass (perform const folding).
4.3.26. Rerunning OPT passes. (Maybe there is more to do..)
4.3.27. Executing OPT_MUXTREE pass (detect dead branches in mux trees).
4.3.28. Executing OPT_REDUCE pass (consolidate $*mux and $reduce_* inputs).
4.3.29. Executing OPT_MERGE pass (detect identical cells).
4.3.30. Executing OPT_SHARE pass.
4.3.31. Executing OPT_DFF pass (perform DFF optimizations).
4.3.32. Executing OPT_CLEAN pass (remove unused cells and wires).
4.3.33. Executing OPT_EXPR pass (perform const folding).
4.3.34. Finished fast OPT passes. (There is nothing left to do.)
4.4. Executing TECHMAP pass (map to technology primitives).
4.4.1. Executing Verilog-2005 frontend: /OpenROAD-flow-scripts/tools/install/yosys/bin/../share/yosys/techmap.v
4.4.2. Executing Verilog-2005 frontend: /OpenROAD-flow-scripts/flow/platforms/common/lcu_kogge_stone.v
4.4.3. Continuing TECHMAP pass.
4.5. Executing OPT pass (performing simple optimizations).
4.5.1. Executing OPT_EXPR pass (perform const folding).
4.5.2. Executing OPT_MERGE pass (detect identical cells).
4.5.3. Executing OPT_DFF pass (perform DFF optimizations).
4.5.4. Executing OPT_CLEAN pass (remove unused cells and wires).
4.5.5. Finished fast OPT passes.
4.6. Executing HIERARCHY pass (managing design hierarchy).
4.6.1. Analyzing design hierarchy..
4.6.2. Analyzing design hierarchy..
4.7. Printing statistics.
4.8. Executing CHECK pass (checking for obvious problems).
5. Executing OPT pass (performing simple optimizations).
5.1. Executing OPT_EXPR pass (perform const folding).
5.2. Executing OPT_MERGE pass (detect identical cells).
5.3. Executing OPT_MUXTREE pass (detect dead branches in mux trees).
5.4. Executing OPT_REDUCE pass (consolidate $*mux and $reduce_* inputs).
5.5. Executing OPT_MERGE pass (detect identical cells).
5.6. Executing OPT_DFF pass (perform DFF optimizations).
5.7. Executing OPT_CLEAN pass (remove unused cells and wires).
5.8. Executing OPT_EXPR pass (perform const folding).
5.9. Finished fast OPT passes. (There is nothing left to do.)
6. Executing EXTRACT_FA pass (find and extract full/half adders).
7. Executing TECHMAP pass (map to technology primitives).
7.1. Executing Verilog-2005 frontend: /OpenROAD-flow-scripts/flow/platforms/sky130hd/cells_adders_hd.v
7.2. Continuing TECHMAP pass.
8. Executing TECHMAP pass (map to technology primitives).
8.1. Executing Verilog-2005 frontend: /OpenROAD-flow-scripts/tools/install/yosys/bin/../share/yosys/techmap.v
8.2. Continuing TECHMAP pass.
9. Executing OPT pass (performing simple optimizations).
9.1. Executing OPT_EXPR pass (perform const folding).
9.2. Executing OPT_MERGE pass (detect identical cells).
9.3. Executing OPT_DFF pass (perform DFF optimizations).
9.4. Executing OPT_CLEAN pass (remove unused cells and wires).
9.5. Finished fast OPT passes.
10. Executing DFFLEGALIZE pass (convert FFs to types supported by the target).
11. Executing TECHMAP pass (map to technology primitives).
11.1. Executing Verilog-2005 frontend: /OpenROAD-flow-scripts/flow/platforms/sky130hd/cells_latch_hd.v
11.2. Continuing TECHMAP pass.
12. Executing DFFLIBMAP pass (mapping DFF cells to sequential cells from liberty file).
12.1. Executing DFFLEGALIZE pass (convert FFs to types supported by the target).
13. Executing OPT pass (performing simple optimizations).
13.1. Executing OPT_EXPR pass (perform const folding).
13.2. Executing OPT_MERGE pass (detect identical cells).
13.3. Executing OPT_MUXTREE pass (detect dead branches in mux trees).
13.4. Executing OPT_REDUCE pass (consolidate $*mux and $reduce_* inputs).
13.5. Executing OPT_MERGE pass (detect identical cells).
13.6. Executing OPT_DFF pass (perform DFF optimizations).
13.7. Executing OPT_CLEAN pass (remove unused cells and wires).
13.8. Executing OPT_EXPR pass (perform const folding).
13.9. Finished fast OPT passes. (There is nothing left to do.)
14. Executing SETUNDEF pass (replace undef values with defined constants).
abc -script /OpenROAD-flow-scripts/flow/scripts/abc_speed.script -liberty /OpenROAD-flow-scripts/flow/platforms/sky130hd/lib/sky130_fd_sc_hd__tt_025C_1v80.lib -dont_use sky130_fd_sc_hd__probe_p_8 -dont_use sky130_fd_sc_hd__probec_p_8 -dont_use sky130_fd_sc_hd__lpflow_bleeder_1 -dont_use sky130_fd_sc_hd__lpflow_clkbufkapwr_1 -dont_use sky130_fd_sc_hd__lpflow_clkbufkapwr_16 -dont_use sky130_fd_sc_hd__lpflow_clkbufkapwr_2 -dont_use sky130_fd_sc_hd__lpflow_clkbufkapwr_4 -dont_use sky130_fd_sc_hd__lpflow_clkbufkapwr_8 -dont_use sky130_fd_sc_hd__lpflow_clkinvkapwr_1 -dont_use sky130_fd_sc_hd__lpflow_clkinvkapwr_16 -dont_use sky130_fd_sc_hd__lpflow_clkinvkapwr_2 -dont_use sky130_fd_sc_hd__lpflow_clkinvkapwr_4 -dont_use sky130_fd_sc_hd__lpflow_clkinvkapwr_8 -dont_use sky130_fd_sc_hd__lpflow_decapkapwr_12 -dont_use sky130_fd_sc_hd__lpflow_decapkapwr_3 -dont_use sky130_fd_sc_hd__lpflow_decapkapwr_4 -dont_use sky130_fd_sc_hd__lpflow_decapkapwr_6 -dont_use sky130_fd_sc_hd__lpflow_decapkapwr_8 -dont_use sky130_fd_sc_hd__lpflow_inputiso0n_1 -dont_use sky130_fd_sc_hd__lpflow_inputiso0p_1 -dont_use sky130_fd_sc_hd__lpflow_inputiso1n_1 -dont_use sky130_fd_sc_hd__lpflow_inputiso1p_1 -dont_use sky130_fd_sc_hd__lpflow_inputisolatch_1 -dont_use sky130_fd_sc_hd__lpflow_isobufsrc_1 -dont_use sky130_fd_sc_hd__lpflow_isobufsrc_16 -dont_use sky130_fd_sc_hd__lpflow_isobufsrc_2 -dont_use sky130_fd_sc_hd__lpflow_isobufsrc_4 -dont_use sky130_fd_sc_hd__lpflow_isobufsrc_8 -dont_use sky130_fd_sc_hd__lpflow_isobufsrckapwr_16 -dont_use sky130_fd_sc_hd__lpflow_lsbuf_lh_hl_isowell_tap_1 -dont_use sky130_fd_sc_hd__lpflow_lsbuf_lh_hl_isowell_tap_2 -dont_use sky130_fd_sc_hd__lpflow_lsbuf_lh_hl_isowell_tap_4 -dont_use sky130_fd_sc_hd__lpflow_lsbuf_lh_isowell_4 -dont_use sky130_fd_sc_hd__lpflow_lsbuf_lh_isowell_tap_1 -dont_use sky130_fd_sc_hd__lpflow_lsbuf_lh_isowell_tap_2 -dont_use sky130_fd_sc_hd__lpflow_lsbuf_lh_isowell_tap_4 -constr ./objects/sky130hd/uart/base/abc.constr -D 20.0
15. Executing ABC pass (technology mapping using ABC).
15.1. Extracting gate netlist of module `\uart' to `<abc-temp-dir>/input.blif'..
15.1.1. Executed ABC.
15.1.2. Re-integrating ABC results.
16. Executing SPLITNETS pass (splitting up multi-bit signals).
17. Executing OPT_CLEAN pass (remove unused cells and wires).
18. Executing HILOMAP pass (mapping to constant drivers).
19. Executing INSBUF pass (insert buffer cells for connected wires).
20. Executing CHECK pass (checking for obvious problems).
21. Printing statistics.
22. Executing CHECK pass (checking for obvious problems).
23. Executing Verilog backend.
23.1. Executing BMUXMAP pass.
23.2. Executing DEMUXMAP pass.
End of script. Logfile hash: 6b4562dfed, time: 4.45s, user: 1.19s, system: 0.18s, MEM: 84.51 MB peak
Yosys 0.68+post (git sha1 UNKNOWN, Release, GNU /usr/local/bin/wrapped-cc/g++ 11.4.0)
Time spent: 73% 1x abc (2 sec), 3% 23x opt_clean (0 sec), ...
Elapsed time: 0:04.56[h:]min:sec. CPU time: user 4.30 sys 0.24 (99%). Peak memory: 88328KB.
Log                       Ext     Elapsed/s Peak Memory/MB sha1sum result [0:20)
1_2_yosys                 .v              4             86 c02c7d5c15aaf111a6e1
cp /work/orfs_configs/sky130hd/uart/constraint.sdc ./results/sky130hd/uart/base/1_2_yosys.sdc
make: Warning: File 'results/sky130hd/uart/base/1_2_yosys.sdc' has modification time 7.3 s in the future
OpenROAD 26Q3-1080-gab6fd26351 
Features included (+) or not (-): +GPU +GUI +Python
This program is licensed under the BSD-3 license. See the LICENSE file for details.
Components of this program may be licensed under more restrictive licenses which must be honored.
[INFO ORD-0030] Using 10 thread(s).
mkdir -p ./objects/sky130hd/uart/base
/OpenROAD-flow-scripts/flow/scripts/flow.sh 1_synth synth_odb
Running synth_odb.tcl, stage 1_synth
read_liberty /OpenROAD-flow-scripts/flow/platforms/sky130hd/lib/sky130_fd_sc_hd__tt_025C_1v80.lib
[INFO ODB-0227] LEF file: /OpenROAD-flow-scripts/flow/platforms/sky130hd/lef/sky130_fd_sc_hd.tlef, created 13 layers, 25 vias
[INFO ODB-0227] LEF file: /OpenROAD-flow-scripts/flow/platforms/sky130hd/lef/sky130_fd_sc_hd_merged.lef, created 441 library cells
link_design uart
read_sdc ./results/sky130hd/uart/base/1_2_yosys.sdc
source /OpenROAD-flow-scripts/flow/platforms/sky130hd/setRC.tcl
eliminate_dead_logic
Removed 0 unused instances and 0 unused nets.
Design area 2141 um^2 100% utilization.
write_db ./results/sky130hd/uart/base/1_synth.odb
write_sdc -no_timestamp ./results/sky130hd/uart/base/1_synth.sdc
Elapsed time: 0:01.27[h:]min:sec. CPU time: user 1.15 sys 0.08 (97%). Peak memory: 146964KB.
Log                       Ext     Elapsed/s Peak Memory/MB sha1sum result [0:20)
1_synth                   .odb            1            143 7ee487e6d24b3afee078
1_synth                   .sdc                             b4159537572b38d9b9eb
/OpenROAD-flow-scripts/flow/scripts/flow.sh 2_1_floorplan floorplan
Running floorplan.tcl, stage 2_1_floorplan
read_liberty /OpenROAD-flow-scripts/flow/platforms/sky130hd/lib/sky130_fd_sc_hd__tt_025C_1v80.lib
read_db ./results/sky130hd/uart/base/1_synth.odb
read_sdc ./results/sky130hd/uart/base/1_synth.sdc
source /OpenROAD-flow-scripts/flow/platforms/sky130hd/setRC.tcl
Master sky130_ef_sc_hd__decap_12 is loaded but not used in the design

==========================================================================
Floorplan check_setup
--------------------------------------------------------------------------
number instances in verilog is 204
[INFO IFP-0107] Defining die area using utilization: 10.00% and aspect ratio: 1.
[WARNING IFP-0028] Core area lower left (1.000, 1.000) snapped to (1.380, 2.720).
[INFO IFP-0001] Added 53 rows of 317 site unithd.
[INFO IFP-0100] Die BBox:  (  0.000  0.000 ) ( 148.315 148.315 ) um
[INFO IFP-0101] Core BBox: (  1.380  2.720 ) ( 147.200 146.880 ) um
[INFO IFP-0102] Core area:                        21021.411 um^2
[INFO IFP-0103] Total instances area:              2140.803 um^2
[INFO IFP-0104] Effective utilization:                0.102
[INFO IFP-0105] Number of instances:                    204
source /OpenROAD-flow-scripts/flow/platforms/sky130hd/make_tracks.tcl
source /OpenROAD-flow-scripts/flow/platforms/sky130hd/fastroute.tcl
Repair tie lo fanout...
[INFO RSZ-0042] Inserted 1 tie sky130_fd_sc_hd__conb_1 instances.
Repair tie hi fanout...
repair_timing -setup_margin 0 -hold_margin 0 -repair_tns 100 -match_cell_footprint -setup -skip_last_gasp -sequence unbuffer,sizeup,swap,vt_swap -verbose
[WARNING EST-0027] no estimated parasitics. Using wire load models.
[INFO RSZ-0100] Repair move sequence: UnbufferMove SizeUpMove SwapPinsMove 
[INFO RSZ-0098] No setup violations found
[INFO RSZ-0505] Runtime: 0.07s
Default units for flow
 time 1ns
 capacitance 1pF
 resistance 1kohm
 voltage 1v
 current 1mA
 power 1nW
 distance 1um
   Layer   | Unit Resistance | Unit Capacitance 
           |       (kohm/um) |          (pF/um)
------------------------------------------------
       li1 |        7.18e-02 |         1.50e-04
      met1 |        1.21e-03 |         1.72e-04
      met2 |        1.22e-03 |         1.36e-04
      met3 |        1.66e-04 |         2.15e-04
      met4 |        1.68e-04 |         1.48e-04
      met5 |        1.84e-05 |         1.54e-04
------------------------------------------------

   Layer   | Via Resistance 
           |         (kohm) 
----------------------------
      mcon |       9.25e-03 
       via |       4.50e-03 
      via2 |       3.37e-03 
      via3 |       3.77e-04 
      via4 |       5.80e-06 
----------------------------
Report metrics stage 2, floorplan final...

==========================================================================
floorplan final report_design_area
--------------------------------------------------------------------------
Design area 2141 um^2 10% utilization.
write_db ./results/sky130hd/uart/base/2_1_floorplan.odb
write_sdc -no_timestamp ./results/sky130hd/uart/base/2_1_floorplan.sdc
Elapsed time: 0:01.45[h:]min:sec. CPU time: user 1.31 sys 0.10 (97%). Peak memory: 184948KB.
Log                       Ext     Elapsed/s Peak Memory/MB sha1sum result [0:20)
2_1_floorplan             .odb            1            180 42bf3a44ad4de1a3d654
2_1_floorplan             .sdc                             b4159537572b38d9b9eb
/OpenROAD-flow-scripts/flow/scripts/flow.sh 2_2_floorplan_macro macro_place
Running macro_place.tcl, stage 2_2_floorplan_macro
read_liberty /OpenROAD-flow-scripts/flow/platforms/sky130hd/lib/sky130_fd_sc_hd__tt_025C_1v80.lib
read_db ./results/sky130hd/uart/base/2_1_floorplan.odb
read_sdc ./results/sky130hd/uart/base/2_1_floorplan.sdc
source /OpenROAD-flow-scripts/flow/platforms/sky130hd/setRC.tcl
No macros found: Skipping macro_placement
Design area 2141 um^2 10% utilization.
write_db ./results/sky130hd/uart/base/2_2_floorplan_macro.odb
Elapsed time: 0:01.09[h:]min:sec. CPU time: user 1.00 sys 0.06 (97%). Peak memory: 144108KB.
Log                       Ext     Elapsed/s Peak Memory/MB sha1sum result [0:20)
2_2_floorplan_macro       .odb            1            140 42bf3a44ad4de1a3d654
/OpenROAD-flow-scripts/flow/scripts/flow.sh 2_3_floorplan_tapcell tapcell
Running tapcell.tcl, stage 2_3_floorplan_tapcell
read_liberty /OpenROAD-flow-scripts/flow/platforms/sky130hd/lib/sky130_fd_sc_hd__tt_025C_1v80.lib
read_db ./results/sky130hd/uart/base/2_2_floorplan_macro.odb
read_sdc ./results/sky130hd/uart/base/2_1_floorplan.sdc
source /OpenROAD-flow-scripts/flow/platforms/sky130hd/setRC.tcl
[INFO TAP-0005] Inserted 275 tapcells.
Design area 2485 um^2 12% utilization.
write_db ./results/sky130hd/uart/base/2_3_floorplan_tapcell.odb
Elapsed time: 0:01.13[h:]min:sec. CPU time: user 1.02 sys 0.07 (96%). Peak memory: 144076KB.
Log                       Ext     Elapsed/s Peak Memory/MB sha1sum result [0:20)
2_3_floorplan_tapcell     .odb            1            140 b767aabf205e10c1d2e6
/OpenROAD-flow-scripts/flow/scripts/flow.sh 2_4_floorplan_pdn pdn
Running pdn.tcl, stage 2_4_floorplan_pdn
read_liberty /OpenROAD-flow-scripts/flow/platforms/sky130hd/lib/sky130_fd_sc_hd__tt_025C_1v80.lib
read_db ./results/sky130hd/uart/base/2_3_floorplan_tapcell.odb
read_sdc ./results/sky130hd/uart/base/2_1_floorplan.sdc
source /OpenROAD-flow-scripts/flow/platforms/sky130hd/setRC.tcl
[WARNING PDN-1051] No instances found for grid (CORE_macro_grid_1).
[WARNING PDN-1051] No instances found for grid (CORE_macro_grid_2).
[INFO PDN-0001] Inserting grid: grid
[INFO PDN-0500] Runtime: 0.06s
Design area 2485 um^2 12% utilization.
write_db ./results/sky130hd/uart/base/2_4_floorplan_pdn.odb
Elapsed time: 0:01.19[h:]min:sec. CPU time: user 1.11 sys 0.05 (97%). Peak memory: 150012KB.
Log                       Ext     Elapsed/s Peak Memory/MB sha1sum result [0:20)
2_4_floorplan_pdn         .odb            1            146 ade5c83d7de0a985acf6
cp ./results/sky130hd/uart/base/2_4_floorplan_pdn.odb ./results/sky130hd/uart/base/2_floorplan.odb
cp ./results/sky130hd/uart/base/2_1_floorplan.sdc ./results/sky130hd/uart/base/2_floorplan.sdc
/OpenROAD-flow-scripts/flow/scripts/flow.sh 3_1_place_gp_skip_io global_place_skip_io
Running global_place_skip_io.tcl, stage 3_1_place_gp_skip_io
read_liberty /OpenROAD-flow-scripts/flow/platforms/sky130hd/lib/sky130_fd_sc_hd__tt_025C_1v80.lib
read_db ./results/sky130hd/uart/base/2_floorplan.odb
read_sdc ./results/sky130hd/uart/base/2_floorplan.sdc
source /OpenROAD-flow-scripts/flow/platforms/sky130hd/setRC.tcl
global_placement -skip_io -density 0.5 -pad_left 0 -pad_right 0
[INFO GPL-0001] ---- Initialize GPL Main Data Structures
[INFO GPL-0002] DBU: 1000
[INFO GPL-0003] SiteSize: (  0.460  2.720 ) um
[INFO GPL-0004] CoreBBox: (  1.380  2.720 ) ( 147.200 146.880 ) um
[INFO GPL-0016] Core area:                   21021.411 um^2
[INFO GPL-0036] Movable instances area:       2140.803 um^2
[INFO GPL-0037] Total instances area:         2484.883 um^2
[INFO GPL-0035] Pin density area adjust:       159.257 um^2
[INFO GPL-0032] ---- Initialize Region: Top-level
[INFO GPL-0006] Number of instances:               479
[INFO GPL-0007] Movable instances:                 204
[INFO GPL-0008] Fixed instances:                   275
[INFO GPL-0009] Dummy instances:                     0
[INFO GPL-0010] Number of nets:                    224
[INFO GPL-0011] Number of pins:                    740
[INFO GPL-0012] Die BBox:       (  0.000  0.000 ) ( 148.315 148.315 ) um
[INFO GPL-0013] Placement BBox: (  1.380  2.720 ) ( 147.200 146.880 ) um
[INFO GPL-0014] Region name: top-level.
[INFO GPL-0015] Region area:                 21021.411 um^2
[INFO GPL-0017] Fixed instances area:          344.080 um^2
[INFO GPL-0018] Movable instances area:       2300.060 um^2
[INFO GPL-0019] Utilization:                    11.124 %
[INFO GPL-0020] Standard cells area:          2300.060 um^2
[INFO GPL-0021] Large instances area:            0.000 um^2
[INFO GPL-0005] ---- Execute Conjugate Gradient Initial Placement.
[INFO GPL-0051] Source of initial instance position counters:
	Odb location = 0	Core center = 204	Region center = 0
[INFO GPL-0033] ---- Initialize Nesterov Region: Top-level
[INFO GPL-0023] Placement target density:       0.5000
[INFO GPL-0024] Movable insts average area:     11.275 um^2
[INFO GPL-0025] Ideal bin area:                 22.550 um^2
[INFO GPL-0026] Ideal bin count:                   932
[INFO GPL-0027] Total bin area:              21021.411 um^2
[INFO GPL-0028] Bin count (X, Y):          16 ,     16
[INFO GPL-0029] Bin size (W * H):       9.114 *  9.010 um
[INFO GPL-0030] Number of bins:                    256
[INFO GPL-0084] ---- Execute Nesterov Global Placement.
[INFO GPL-0031] HPWL: Half-Perimeter Wirelength
Iteration | Overflow |     HPWL (um) |  HPWL(%) |   Penalty | Group
---------------------------------------------------------------
        0 |   0.9293 |  5.244670e+02 |   +0.00% |  9.99e-15 |      
       10 |   0.9266 |  4.994190e+02 |   -4.78% |  1.63e-14 |      
       20 |   0.9261 |  4.993910e+02 |   -0.01% |  2.65e-14 |      
       30 |   0.9256 |  4.992190e+02 |   -0.03% |  4.32e-14 |      
       40 |   0.9257 |  4.990750e+02 |   -0.03% |  7.03e-14 |      
       50 |   0.9259 |  4.991610e+02 |   +0.02% |  1.15e-13 |      
       60 |   0.9259 |  4.991940e+02 |   +0.01% |  1.87e-13 |      
       70 |   0.9258 |  4.993430e+02 |   +0.03% |  3.04e-13 |      
       80 |   0.9258 |  4.995320e+02 |   +0.04% |  4.95e-13 |      
       90 |   0.9259 |  4.998870e+02 |   +0.07% |  8.07e-13 |      
      100 |   0.9260 |  5.004090e+02 |   +0.10% |  1.31e-12 |      
      110 |   0.9261 |  5.012260e+02 |   +0.16% |  2.14e-12 |      
      120 |   0.9262 |  5.024180e+02 |   +0.24% |  3.49e-12 |      
      130 |   0.9261 |  5.038840e+02 |   +0.29% |  5.68e-12 |      
      140 |   0.9257 |  5.055990e+02 |   +0.34% |  9.25e-12 |      
      150 |   0.9246 |  5.072270e+02 |   +0.32% |  1.51e-11 |      
      160 |   0.9196 |  5.084590e+02 |   +0.24% |  2.45e-11 |      
      170 |   0.8994 |  5.116500e+02 |   +0.63% |  4.00e-11 |      
      180 |   0.8623 |  5.336390e+02 |   +4.30% |  6.51e-11 |      
      190 |   0.8462 |  5.850990e+02 |   +9.64% |  1.06e-10 |      
      200 |   0.7929 |  6.282550e+02 |   +7.38% |  1.73e-10 |      
      210 |   0.7913 |  6.599290e+02 |   +5.04% |  2.81e-10 |      
      220 |   0.7139 |  7.638870e+02 |  +15.75% |  4.58e-10 |      
      230 |   0.6791 |  8.508850e+02 |  +11.39% |  7.47e-10 |      
      240 |   0.6289 |  9.864080e+02 |  +15.93% |  1.22e-09 |      
      250 |   0.6140 |  1.055669e+03 |   +7.02% |  1.98e-09 |      
      260 |   0.5726 |  1.231805e+03 |  +16.68% |  3.23e-09 |      
      270 |   0.5336 |  1.311461e+03 |   +6.47% |  5.26e-09 |      
      280 |   0.4820 |  1.412862e+03 |   +7.73% |  8.56e-09 |      
      290 |   0.4381 |  1.508077e+03 |   +6.74% |  1.39e-08 |      
      300 |   0.3861 |  1.598622e+03 |   +6.00% |  2.27e-08 |      
      310 |   0.3454 |  1.690068e+03 |   +5.72% |  3.70e-08 |      
      320 |   0.3095 |  1.761527e+03 |   +4.23% |  5.45e-08 |      
      330 |   0.2778 |  1.807735e+03 |   +2.62% |  8.03e-08 |      
      340 |   0.2523 |  1.930378e+03 |   +6.78% |  1.18e-07 |      
      350 |   0.2188 |  1.988508e+03 |   +3.01% |  1.74e-07 |      
      360 |   0.1892 |  2.041478e+03 |   +2.66% |  2.57e-07 |      
      370 |   0.1540 |  2.099118e+03 |   +2.82% |  3.78e-07 |      
      380 |   0.1313 |  2.143235e+03 |   +2.10% |  5.57e-07 |      
      390 |   0.1060 |  2.189783e+03 |   +2.17% |  8.21e-07 |      
      393 |   0.0975 |  2.195485e+03 |          |  9.58e-07 |      
---------------------------------------------------------------
[INFO GPL-1001] Global placement finished at iteration 393
[INFO GPL-1002] Placed Cell Area             2300.0600
[INFO GPL-1003] Available Free Area         20677.3312
[INFO GPL-1004] Minimum Feasible Density        0.1200 (cell_area / free_area)
[INFO GPL-1006]   Suggested Target Densities:
[INFO GPL-1007]     - For 90% usage of free space: 0.1236
[INFO GPL-1008]     - For 80% usage of free space: 0.1390
[INFO GPL-1009]     - For 50% usage of free space: 0.2225
[INFO GPL-1014] Final placement area: 2300.06 (+0.00%)
Design area 2485 um^2 12% utilization.
write_db ./results/sky130hd/uart/base/3_1_place_gp_skip_io.odb
Elapsed time: 0:01.39[h:]min:sec. CPU time: user 2.83 sys 0.09 (209%). Peak memory: 148148KB.
Log                       Ext     Elapsed/s Peak Memory/MB sha1sum result [0:20)
3_1_place_gp_skip_io      .odb            1            144 11fe052d6df518bd69af
/OpenROAD-flow-scripts/flow/scripts/flow.sh 3_2_place_iop io_placement
Running io_placement.tcl, stage 3_2_place_iop
read_liberty /OpenROAD-flow-scripts/flow/platforms/sky130hd/lib/sky130_fd_sc_hd__tt_025C_1v80.lib
read_db ./results/sky130hd/uart/base/3_1_place_gp_skip_io.odb
read_sdc ./results/sky130hd/uart/base/2_floorplan.sdc
source /OpenROAD-flow-scripts/flow/platforms/sky130hd/setRC.tcl
place_pins -hor_layers met3 -ver_layers met2
Found 0 macro blocks.
Using 2 tracks default min distance between IO pins.
[INFO PPL-0001] Number of available slots 528
[INFO PPL-0002] Number of I/O             25
[INFO PPL-0003] Number of I/O w/sink      25
[INFO PPL-0004] Number of I/O w/o sink    0
[INFO PPL-0005] Slots per section         200
[INFO PPL-0008] Successfully assigned pins to sections.
[INFO PPL-0012] I/O nets HPWL: 1305.63 um.
Design area 2485 um^2 12% utilization.
write_db ./results/sky130hd/uart/base/3_2_place_iop.odb
Elapsed time: 0:01.12[h:]min:sec. CPU time: user 1.03 sys 0.07 (97%). Peak memory: 144984KB.
Log                       Ext     Elapsed/s Peak Memory/MB sha1sum result [0:20)
3_2_place_iop             .odb            1            141 42df791d9754bc39c42e
/OpenROAD-flow-scripts/flow/scripts/flow.sh 3_3_place_gp global_place
Running global_place.tcl, stage 3_3_place_gp
read_liberty /OpenROAD-flow-scripts/flow/platforms/sky130hd/lib/sky130_fd_sc_hd__tt_025C_1v80.lib
read_db ./results/sky130hd/uart/base/3_2_place_iop.odb
read_sdc ./results/sky130hd/uart/base/2_floorplan.sdc
source /OpenROAD-flow-scripts/flow/platforms/sky130hd/setRC.tcl
[INFO RSZ-0026] Removed 10 buffers.
Perform port buffering...
[INFO RSZ-0027] Inserted 11 sky130_fd_sc_hd__clkdlybuf4s50_1 input buffers.
[INFO RSZ-0028] Inserted 12 sky130_fd_sc_hd__clkdlybuf4s50_1 output buffers.
global_placement -density 0.5 -pad_left 0 -pad_right 0 -routability_driven -timing_driven -force_center_initial_place -min_phi_coef 0.95 -max_phi_coef 1.05
[INFO GPL-0001] ---- Initialize GPL Main Data Structures
[INFO GPL-0002] DBU: 1000
[INFO GPL-0003] SiteSize: (  0.460  2.720 ) um
[INFO GPL-0004] CoreBBox: (  1.380  2.720 ) ( 147.200 146.880 ) um
[INFO GPL-0016] Core area:                   21021.411 um^2
[INFO GPL-0036] Movable instances area:       2318.474 um^2
[INFO GPL-0037] Total instances area:         2662.554 um^2
[INFO GPL-0035] Pin density area adjust:       177.076 um^2
[INFO GPL-0032] ---- Initialize Region: Top-level
[INFO GPL-0006] Number of instances:               492
[INFO GPL-0007] Movable instances:                 217
[INFO GPL-0008] Fixed instances:                   275
[INFO GPL-0009] Dummy instances:                     0
[INFO GPL-0010] Number of nets:                    237
[INFO GPL-0011] Number of pins:                    791
[INFO GPL-0012] Die BBox:       (  0.000  0.000 ) ( 148.315 148.315 ) um
[INFO GPL-0013] Placement BBox: (  1.380  2.720 ) ( 147.200 146.880 ) um
[INFO GPL-0014] Region name: top-level.
[INFO GPL-0015] Region area:                 21021.411 um^2
[INFO GPL-0017] Fixed instances area:          344.080 um^2
[INFO GPL-0018] Movable instances area:       2495.549 um^2
[INFO GPL-0019] Utilization:                    12.069 %
[INFO GPL-0020] Standard cells area:          2495.549 um^2
[INFO GPL-0021] Large instances area:            0.000 um^2
[INFO GPL-0005] ---- Execute Conjugate Gradient Initial Placement.
[INFO GPL-0051] Source of initial instance position counters:
	Odb location = 0	Core center = 217	Region center = 0
[InitialPlace]  Iter: 1 conjugate gradient residual: 0.00000010 HPWL: 4801566
[InitialPlace]  Iter: 2 conjugate gradient residual: 0.00000010 HPWL: 3883349
[InitialPlace]  Iter: 3 conjugate gradient residual: 0.00000011 HPWL: 3680495
[InitialPlace]  Iter: 4 conjugate gradient residual: 0.00000009 HPWL: 3580652
[InitialPlace]  Iter: 5 conjugate gradient residual: 0.00000010 HPWL: 3483467
[INFO GPL-0033] ---- Initialize Nesterov Region: Top-level
[INFO GPL-0023] Placement target density:       0.5000
[INFO GPL-0024] Movable insts average area:     11.500 um^2
[INFO GPL-0025] Ideal bin area:                 23.000 um^2
[INFO GPL-0026] Ideal bin count:                   913
[INFO GPL-0027] Total bin area:              21021.411 um^2
[INFO GPL-0028] Bin count (X, Y):          16 ,     16
[INFO GPL-0029] Bin size (W * H):       9.114 *  9.010 um
[INFO GPL-0030] Number of bins:                    256
[INFO GPL-0084] ---- Execute Nesterov Global Placement.
[INFO GPL-0031] HPWL: Half-Perimeter Wirelength
Iteration | Overflow |     HPWL (um) |  HPWL(%) |   Penalty | Group
---------------------------------------------------------------
        0 |   0.5901 |  1.935772e+03 |   +0.00% |  1.38e-13 |      
[INFO GPL-0100] Timing-driven iteration 1/2, virtual: false.
[INFO GPL-0101]    Iter: 1, overflow: 0.590, keep resizer changes at: 1, HPWL: 1935772
Iteration |   Area    | Resized | Buffers | Nets repaired | Remaining
---------------------------------------------------------------------
        0 |     +0.0% |       0 |       0 |             0 |       238
    final |     +0.0% |       0 |       0 |             0 |         0
---------------------------------------------------------------------
   Iter   |    Area   | Removed | Inserted |   Pins
          |           | Buffers | Buffers  | Remaining
-------------------------------------------------------
        0 |     +0.0% |       0 |        0 |       224
       22 |     +0.0% |       0 |        0 |       202
       44 |     +0.0% |       0 |        0 |       180
       66 |     +0.0% |       0 |        0 |       158
       88 |     +0.0% |       0 |        0 |       136
      110 |     +0.0% |       0 |        0 |       114
      132 |     +0.0% |       0 |        0 |        92
      154 |     +0.0% |       0 |        0 |        70
      176 |     +0.0% |       0 |        0 |        48
      198 |     +0.0% |       0 |        0 |        26
      220 |     +0.0% |       0 |        0 |         4
    final |     +0.0% |       0 |        0 |         0
-------------------------------------------------------
[INFO GPL-0106] Timing-driven: worst slack 1.3489682e-08
[INFO GPL-0107] Timing-driven: repair_design delta area: 0.000 um^2 (+0.00%)
[INFO GPL-0108] Timing-driven: repair_design, gpl delta gcells: 0 (+0.00%)
[INFO GPL-0109] Timing-driven: repair_design, gcells created: 0, deleted: 0
[INFO GPL-0110] Timing-driven: new target density: 0.5
[INFO GPL-0038] Routability snapshot saved at iter = 1
        0 |   0.5901 |  1.935772e+03 |          |           |      
Iteration | Overflow |     HPWL (um) |  HPWL(%) |   Penalty | Group
---------------------------------------------------------------
       10 |   0.4867 |  2.632574e+03 |  +36.00% |  2.24e-13 |      
       20 |   0.5317 |  2.579116e+03 |   -2.03% |  3.65e-13 |      
       30 |   0.5387 |  2.531753e+03 |   -1.84% |  5.94e-13 |      
       40 |   0.5319 |  2.537663e+03 |   +0.23% |  9.68e-13 |      
       50 |   0.5130 |  2.551655e+03 |   +0.55% |  1.58e-12 |      
       60 |   0.5186 |  2.558600e+03 |   +0.27% |  2.57e-12 |      
       70 |   0.5338 |  2.563232e+03 |   +0.18% |  4.18e-12 |      
       80 |   0.5340 |  2.560110e+03 |   -0.12% |  6.81e-12 |      
       90 |   0.5249 |  2.556939e+03 |   -0.12% |  1.11e-11 |      
      100 |   0.5138 |  2.554928e+03 |   -0.08% |  1.81e-11 |      
      110 |   0.5096 |  2.554844e+03 |   -0.00% |  2.95e-11 |      
      120 |   0.5081 |  2.554558e+03 |   -0.01% |  4.80e-11 |      
      130 |   0.5066 |  2.555335e+03 |   +0.03% |  7.81e-11 |      
      140 |   0.5045 |  2.557836e+03 |   +0.10% |  1.27e-10 |      
      150 |   0.5093 |  2.564092e+03 |   +0.24% |  2.07e-10 |      
      160 |   0.5151 |  2.572925e+03 |   +0.34% |  3.38e-10 |      
      170 |   0.5136 |  2.582156e+03 |   +0.36% |  5.50e-10 |      
      180 |   0.5034 |  2.593951e+03 |   +0.46% |  8.96e-10 |      
      190 |   0.4860 |  2.611182e+03 |   +0.66% |  1.46e-09 |      
      200 |   0.4671 |  2.633803e+03 |   +0.87% |  2.38e-09 |      
      210 |   0.4552 |  2.670050e+03 |   +1.38% |  3.87e-09 |      
      220 |   0.4392 |  2.726610e+03 |   +2.12% |  6.31e-09 |      
      230 |   0.4112 |  2.779023e+03 |   +1.92% |  1.03e-08 |      
      240 |   0.3829 |  2.841873e+03 |   +2.26% |  1.67e-08 |      
      250 |   0.3411 |  2.869632e+03 |   +0.98% |  2.70e-08 |      
      260 |   0.3126 |  2.865416e+03 |   -0.15% |  3.98e-08 |      
[INFO GPL-0040] Routability iteration: 1
[INFO GPL-0041] Total routing overflow: 0.0000
[INFO GPL-0042] Number of overflowed tiles: 0 (0.00%)
[INFO GPL-0043] Average top 0.5% routing congestion: 0.8309
[INFO GPL-0044] Average top 1.0% routing congestion: 0.8212
[INFO GPL-0045] Average top 2.0% routing congestion: 0.7929
[INFO GPL-0046] Average top 5.0% routing congestion: 0.7238
[INFO GPL-0047] Routability iteration weighted routing congestion: 0.8261
[INFO GPL-0050] Weighted routing congestion is lower than target routing congestion(1.0100), end routability optimization.
[INFO GPL-0090] Routability finished. Target routing congestion achieved succesfully.
Iteration | Overflow |     HPWL (um) |  HPWL(%) |   Penalty | Group
---------------------------------------------------------------
      270 |   0.2865 |  2.887257e+03 |   +0.76% |  5.86e-08 |      
      280 |   0.2653 |  2.912927e+03 |   +0.89% |  8.63e-08 |      
      290 |   0.2416 |  2.932026e+03 |   +0.66% |  1.27e-07 |      
      300 |   0.2174 |  2.948727e+03 |   +0.57% |  1.87e-07 |      
[INFO GPL-0100] Timing-driven iteration 2/2, virtual: false.
[INFO GPL-0101]    Iter: 307, overflow: 0.194, keep resizer changes at: 1, HPWL: 2956092
Iteration |   Area    | Resized | Buffers | Nets repaired | Remaining
---------------------------------------------------------------------
        0 |     +0.0% |       0 |       0 |             0 |       238
    final |     +0.0% |       0 |       0 |             0 |         0
---------------------------------------------------------------------
   Iter   |    Area   | Removed | Inserted |   Pins
          |           | Buffers | Buffers  | Remaining
-------------------------------------------------------
        0 |     +0.0% |       0 |        0 |       224
       22 |     +0.0% |       0 |        0 |       202
       44 |     +0.0% |       0 |        0 |       180
       66 |     +0.0% |       0 |        0 |       158
       88 |     +0.0% |       0 |        0 |       136
      110 |     +0.0% |       0 |        0 |       114
      132 |     +0.0% |       0 |        0 |        92
      154 |     +0.0% |       0 |        0 |        70
      176 |     +0.0% |       0 |        0 |        48
      198 |     +0.0% |       0 |        0 |        26
      220 |     +0.0% |       0 |        0 |         4
    final |     +0.0% |       0 |        0 |         0
-------------------------------------------------------
[INFO GPL-0106] Timing-driven: worst slack 1.33787825e-08
[INFO GPL-0107] Timing-driven: repair_design delta area: 0.000 um^2 (+0.00%)
[INFO GPL-0108] Timing-driven: repair_design, gpl delta gcells: 0 (+0.00%)
[INFO GPL-0109] Timing-driven: repair_design, gcells created: 0, deleted: 0
[INFO GPL-0110] Timing-driven: new target density: 0.5
Iteration | Overflow |     HPWL (um) |  HPWL(%) |   Penalty | Group
---------------------------------------------------------------
      310 |   0.1776 |  2.955988e+03 |   +0.25% |  2.76e-07 |      
      320 |   0.1447 |  2.944031e+03 |   -0.40% |  4.06e-07 |      
      330 |   0.1172 |  2.961899e+03 |   +0.61% |  5.99e-07 |      
      337 |   0.0983 |  2.986025e+03 |          |  8.16e-07 |      
---------------------------------------------------------------
[INFO GPL-1001] Global placement finished at iteration 337
[INFO GPL-1017] Routability mode iteration count: 264
[INFO GPL-1005] Routability final weighted congestion: 0.7606
[INFO GPL-1002] Placed Cell Area             2495.5495
[INFO GPL-1003] Available Free Area         20677.3312
[INFO GPL-1004] Minimum Feasible Density        0.1300 (cell_area / free_area)
[INFO GPL-1006]   Suggested Target Densities:
[INFO GPL-1007]     - For 90% usage of free space: 0.1341
[INFO GPL-1008]     - For 80% usage of free space: 0.1509
[INFO GPL-1009]     - For 50% usage of free space: 0.2414
[INFO GPL-1011] Original area (um^2): 2495.55
[INFO GPL-1012] Total routability artificial inflation: 0.00 (+0.00%)
[INFO GPL-1013] Total timing-driven delta area: 0.00 (+0.00%)
[INFO GPL-1014] Final placement area: 2495.55 (+0.00%)
estimate_parasitics -placement
Report metrics stage 3, global place...

==========================================================================
global place report_design_area
--------------------------------------------------------------------------
Design area 2663 um^2 13% utilization.
write_db ./results/sky130hd/uart/base/3_3_place_gp.odb
Elapsed time: 0:01.89[h:]min:sec. CPU time: user 3.31 sys 0.17 (183%). Peak memory: 284920KB.
Log                       Ext     Elapsed/s Peak Memory/MB sha1sum result [0:20)
3_3_place_gp              .odb            1            278 128de48c3128670e614f
/OpenROAD-flow-scripts/flow/scripts/flow.sh 3_4_place_resized resize
Running resize.tcl, stage 3_4_place_resized
read_liberty /OpenROAD-flow-scripts/flow/platforms/sky130hd/lib/sky130_fd_sc_hd__tt_025C_1v80.lib
read_db ./results/sky130hd/uart/base/3_3_place_gp.odb
read_sdc ./results/sky130hd/uart/base/2_floorplan.sdc
source /OpenROAD-flow-scripts/flow/platforms/sky130hd/setRC.tcl
estimate_parasitics -placement
Perform buffer insertion and gate resizing...
repair_design -verbose -match_cell_footprint
Iteration |   Area    | Resized | Buffers | Nets repaired | Remaining
---------------------------------------------------------------------
        0 |     +0.0% |       0 |       0 |             0 |       238
       10 |     +0.0% |       0 |       0 |             0 |       228
       20 |     +0.0% |       0 |       0 |             0 |       218
       30 |     +0.0% |       0 |       0 |             0 |       208
       40 |     +0.0% |       0 |       0 |             0 |       198
       50 |     +0.0% |       0 |       0 |             0 |       188
       60 |     +0.0% |       0 |       0 |             0 |       178
       70 |     +0.0% |       0 |       0 |             0 |       168
       80 |     +0.0% |       0 |       0 |             0 |       158
       90 |     +0.0% |       0 |       0 |             0 |       148
      100 |     +0.0% |       0 |       0 |             0 |       138
      110 |     +0.0% |       0 |       0 |             0 |       128
      120 |     +0.0% |       0 |       0 |             0 |       118
      130 |     +0.0% |       0 |       0 |             0 |       108
      140 |     +0.0% |       0 |       0 |             0 |        98
      150 |     +0.0% |       0 |       0 |             0 |        88
      160 |     +0.0% |       0 |       0 |             0 |        78
      170 |     +0.0% |       0 |       0 |             0 |        68
      180 |     +0.0% |       0 |       0 |             0 |        58
      190 |     +0.0% |       0 |       0 |             0 |        48
      200 |     +0.0% |       0 |       0 |             0 |        38
      210 |     +0.0% |       0 |       0 |             0 |        28
      220 |     +0.0% |       0 |       0 |             0 |        18
      230 |     +0.0% |       0 |       0 |             0 |         8
    final |     +0.0% |       0 |       0 |             0 |         0
---------------------------------------------------------------------
[INFO RSZ-0504] Runtime: 0.12s
Floating nets: 
Report metrics stage 3, resizer...

==========================================================================
resizer report_design_area
--------------------------------------------------------------------------
Design area 2663 um^2 13% utilization.
Instance count before 492, after 492
Pin count before 767, after 767
write_db ./results/sky130hd/uart/base/3_4_place_resized.odb
Elapsed time: 0:01.49[h:]min:sec. CPU time: user 1.37 sys 0.11 (99%). Peak memory: 181644KB.
Log                       Ext     Elapsed/s Peak Memory/MB sha1sum result [0:20)
3_4_place_resized         .odb            1            177 128de48c3128670e614f
/OpenROAD-flow-scripts/flow/scripts/flow.sh 3_5_place_dp detail_place
Running detail_place.tcl, stage 3_5_place_dp
read_liberty /OpenROAD-flow-scripts/flow/platforms/sky130hd/lib/sky130_fd_sc_hd__tt_025C_1v80.lib
read_db ./results/sky130hd/uart/base/3_4_place_resized.odb
read_sdc ./results/sky130hd/uart/base/2_floorplan.sdc
source /OpenROAD-flow-scripts/flow/platforms/sky130hd/setRC.tcl
detailed_placement
[INFO DPL-0006] Core area: 21021.41 um^2
[INFO DPL-0007] Movable instances area: 2318.47 um^2
[INFO DPL-0008] Fixed instances area within core: 344.08 um^2
[INFO DPL-0009] Utilization: 12.7%
[INFO DPL-0005] Diamond search max displacement: +/- 500 sites horizontally, +/- 100 rows vertically.
[INFO DPL-1102] Legalizing using negotiation legalizer.
[INFO DPL-1103] Negotiation base search window: +/-20 sites horizontally, +/-5 rows vertically 
	Automatic search window extension enabled.
	Search window extendable up to the max displacement cap of +/-500 sites, +/-100 rows near walls.
[INFO DPL-1104] NegotiationLegalizer DRC penalty: 5.
[INFO DPL-0392] Negotiation cell height distribution (1 unique row-count(s)):
[INFO DPL-0393]   height 1 row(s): 492 cells
          |      Total |  Illegal |  Illegal
Iteration | Violations |    Cells |    Sites
---------------------------------------------
        0 |          0 |         0 |         0
Negotiation phase 1 converged at iteration 0.
[INFO DPL-0500] Runtime: 0.03s
Placement Analysis
---------------------------------
total displacement        754.2 u
average displacement        1.5 u
max displacement           13.0 u
original HPWL            2986.2 u
legalized HPWL           3817.9 u
delta HPWL                   28 %

improve_placement -max_displacement "5 1"
Detailed placement improvement.
[INFO DPL-0401] Setting random seed to 1.
[INFO DPL-0402] Setting maximum displacement 5 1 to 13600 2720 units.
[INFO DPL-0320] Collected 300 fixed cells.
[INFO DPL-0318] Collected 217 single height cells.
[INFO DPL-0321] Collected 0 wide cells.
[INFO DPL-0322] Image (1380, 2720) - (147200, 146880)
[INFO DPL-0310] Assigned 217 cells into segments.  Movement in X-direction is 0.000000, movement in Y-direction is 0.000000.
[INFO DPL-0313] Found 0 cells in wrong regions.
[INFO DPL-0315] Found 0 row alignment problems.
[INFO DPL-0314] Found 0 site alignment problems.
[INFO DPL-0311] Found 0 overlaps between adjacent cells.
[INFO DPL-0312] Found 0 edge spacing violations and 0 padding violations.
[INFO DPL-0303] Running algorithm for independent set matching.
[INFO DPL-0300] Set matching objective is wirelength.
[INFO DPL-0301] Pass   1 of matching; objective is 3.819201e+06.
[INFO DPL-0302] End of matching; objective is 3.816149e+06, improvement is 0.08 percent.
[INFO DPL-0303] Running algorithm for global swaps.
[INFO DPL-0306] Pass   1 of global swaps; hpwl is 3.672776e+06.
[INFO DPL-0306] Pass   2 of global swaps; hpwl is 3.654794e+06.
[INFO DPL-0307] End of global swaps; objective is 3.654794e+06, improvement is 4.23 percent.
[INFO DPL-0303] Running algorithm for vertical swaps.
[INFO DPL-0308] Pass   1 of vertical swaps; hpwl is 3.635308e+06.
[INFO DPL-0309] End of vertical swaps; objective is 3.635308e+06, improvement is 0.53 percent.
[INFO DPL-0303] Running algorithm for reordering.
[INFO DPL-0304] Pass   1 of reordering; objective is 3.631382e+06.
[INFO DPL-0305] End of reordering; objective is 3.631382e+06, improvement is 0.11 percent.
[INFO DPL-0303] Running algorithm for random improvement.
[INFO DPL-0324] Random improver is using random generator.
[INFO DPL-0325] Random improver is using hpwl objective.
[INFO DPL-0326] Random improver cost string is (a).
[INFO DPL-0332] End of pass, Generator random called 4340 times.
[INFO DPL-0335] Generator random, Cumulative attempts 4340, swaps 413, moves  1476 since last reset.
[INFO DPL-0333] End of pass, Objective hpwl, Initial cost 3.631382e+06, Scratch cost 3.491333e+06, Incremental cost 3.491333e+06, Mismatch? N
[INFO DPL-0338] End of pass, Total cost is 3.491333e+06.
[INFO DPL-0327] Pass   1 of random improver; improvement in cost is 3.86 percent.
[INFO DPL-0332] End of pass, Generator random called 4340 times.
[INFO DPL-0335] Generator random, Cumulative attempts 8680, swaps 861, moves  2962 since last reset.
[INFO DPL-0333] End of pass, Objective hpwl, Initial cost 3.491333e+06, Scratch cost 3.467563e+06, Incremental cost 3.467563e+06, Mismatch? N
[INFO DPL-0338] End of pass, Total cost is 3.467563e+06.
[INFO DPL-0327] Pass   2 of random improver; improvement in cost is 0.68 percent.
[INFO DPL-0328] End of random improver; improvement is 4.511203 percent.
[INFO DPL-0380] Cell flipping.
[INFO DPL-0382] Changed 0 cell orientations for row compatibility.
[INFO DPL-0383] Performed 59 cell flips.
[INFO DPL-0384] End of flipping; objective is 3.392288e+06, improvement is 2.17 percent.
[INFO DPL-0313] Found 0 cells in wrong regions.
[INFO DPL-0315] Found 0 row alignment problems.
[INFO DPL-0314] Found 0 site alignment problems.
[INFO DPL-0311] Found 0 overlaps between adjacent cells.
[INFO DPL-0312] Found 0 edge spacing violations and 0 padding violations.
Detailed Improvement Results
------------------------------------------
Original HPWL             3817.9 u (    1686.1,     2131.8)
Final HPWL                3391.5 u (    1629.0,     1762.5)
Delta HPWL                 -11.2 % (      -3.4,      -17.3)

optimize_mirroring
[INFO DPL-0020] Mirrored 17 instances
[INFO DPL-0021] HPWL before            3391.5 u
[INFO DPL-0022] HPWL after             3382.3 u
[INFO DPL-0023] HPWL delta               -0.3 %
[INFO FLW-0012] Placement violations .
estimate_parasitics -placement
Report metrics stage 3, detailed place...

==========================================================================
detailed place report_design_area
--------------------------------------------------------------------------
Design area 2663 um^2 13% utilization.
write_db ./results/sky130hd/uart/base/3_5_place_dp.odb
write_sdc -no_timestamp ./results/sky130hd/uart/base/3_place.sdc
Elapsed time: 0:01.56[h:]min:sec. CPU time: user 1.43 sys 0.12 (99%). Peak memory: 156784KB.
Log                       Ext     Elapsed/s Peak Memory/MB sha1sum result [0:20)
3_5_place_dp              .odb            1            153 ccaec027e7e0148a7eb6
cp ./results/sky130hd/uart/base/3_5_place_dp.odb ./results/sky130hd/uart/base/3_place.odb
/OpenROAD-flow-scripts/flow/scripts/flow.sh 4_1_cts cts
Running cts.tcl, stage 4_1_cts
read_liberty /OpenROAD-flow-scripts/flow/platforms/sky130hd/lib/sky130_fd_sc_hd__tt_025C_1v80.lib
read_db ./results/sky130hd/uart/base/3_place.odb
read_sdc ./results/sky130hd/uart/base/3_place.sdc
source /OpenROAD-flow-scripts/flow/platforms/sky130hd/setRC.tcl
clock_tree_synthesis -sink_clustering_enable -repair_clock_nets
[INFO CTS-0050] Root buffer is sky130_fd_sc_hd__clkbuf_16.
[INFO CTS-0051] Sink buffer is sky130_fd_sc_hd__clkbuf_16.
[INFO CTS-0052] The following clock buffers will be used for CTS:
                    sky130_fd_sc_hd__clkbuf_16
[INFO CTS-0049] Characterization buffer is sky130_fd_sc_hd__clkbuf_16.
[INFO CTS-0007] Net "clk" found for clock "core_clock".
[INFO CTS-0010]  Clock net "clk" has 48 sinks.
[INFO CTS-0008] TritonCTS found 1 clock nets.
[INFO CTS-0097] Characterization used 1 buffer(s) types.
[INFO CTS-0201] 0 blockages from hard placement blockages and placed macros will be used.
[INFO CTS-0027] Generating H-Tree topology for net clk.
[INFO CTS-0028]  Total number of sinks: 48.
[INFO CTS-0090]  Sinks will be clustered based on buffer max cap.
[INFO CTS-0030]  Number of static layers: 0.
[INFO CTS-0020]  Wire segment unit: 13600  dbu (13 um).
[INFO CTS-0023]  Original sink region: [(44430, 47540), (127685, 123700)].
[INFO CTS-0024]  Normalized sink region: [(3.26691, 3.49559), (9.3886, 9.09559)].
[INFO CTS-0025]     Width:  6.1217.
[INFO CTS-0026]     Height: 5.6000.
 Level 1
    Direction: Horizontal
    Sinks per sub-region: 24
    Sub-region size: 3.0608 X 5.6000
[INFO CTS-0034]     Segment length (rounded): 1.
 Level 2
    Direction: Vertical
    Sinks per sub-region: 12
    Sub-region size: 3.0608 X 2.8000
[INFO CTS-0034]     Segment length (rounded): 1.
[INFO CTS-0038]  Stop criterion found. Sink region hpwl is smaller than max wirelength (1911.535 um) and max number of sinks is 15.
[INFO CTS-0035]  Number of sinks covered: 48.
[INFO CTS-0018]     Created 5 clock buffers.
[INFO CTS-0012]     Minimum number of buffers in the clock path: 2.
[INFO CTS-0013]     Maximum number of buffers in the clock path: 2.
[INFO CTS-0015]     Created 5 clock nets.
[INFO CTS-0016]     Fanout distribution for the current clock = 9:1, 10:1, 14:1, 15:1..
[INFO CTS-0017]     Max level of the clock tree: 2.
[INFO CTS-0098] Clock net "clk"
[INFO CTS-0099]  Sinks 51
[INFO CTS-0100]  Leaf buffers 0
[INFO CTS-0101]  Average sink wire length 148.51 um
[INFO CTS-0102]  Path depth 2 - 2
[INFO CTS-0207]  Dummy loads inserted 3
[INFO CTS-0500] Runtime: 1.17s
estimate_parasitics -placement
detailed_placement
[INFO DPL-0006] Core area: 21021.41 um^2
[INFO DPL-0007] Movable instances area: 2463.61 um^2
[INFO DPL-0008] Fixed instances area within core: 344.08 um^2
[INFO DPL-0009] Utilization: 13.4%
[INFO DPL-0005] Diamond search max displacement: +/- 500 sites horizontally, +/- 100 rows vertically.
[INFO DPL-1102] Legalizing using negotiation legalizer.
[INFO DPL-1103] Negotiation base search window: +/-20 sites horizontally, +/-5 rows vertically 
	Automatic search window extension enabled.
	Search window extendable up to the max displacement cap of +/-500 sites, +/-100 rows near walls.
[INFO DPL-1104] NegotiationLegalizer DRC penalty: 5.
[INFO DPL-0392] Negotiation cell height distribution (1 unique row-count(s)):
[INFO DPL-0393]   height 1 row(s): 500 cells
          |      Total |  Illegal |  Illegal
Iteration | Violations |    Cells |    Sites
---------------------------------------------
        0 |          0 |         0 |         0
Negotiation phase 1 converged at iteration 0.
[INFO DPL-0500] Runtime: 0.02s
Placement Analysis
---------------------------------
total displacement        225.5 u
average displacement        0.5 u
max displacement           11.0 u
original HPWL            3655.4 u
legalized HPWL           3751.5 u
delta HPWL                    3 %

estimate_parasitics -placement
repair_timing -setup_margin 0 -hold_margin 0 -repair_tns 100 -match_cell_footprint -verbose
[INFO RSZ-0100] Repair move sequence: UnbufferMove SizeUpMove SwapPinsMove BufferMove CloneMove SplitLoadMove 
[INFO RSZ-0098] No setup violations found
[INFO RSZ-0505] Runtime: 0.04s
[INFO RSZ-0033] No hold violations found.
[INFO RSZ-0506] Runtime: 0.01s
detailed_placement
[INFO DPL-0006] Core area: 21021.41 um^2
[INFO DPL-0007] Movable instances area: 2463.61 um^2
[INFO DPL-0008] Fixed instances area within core: 344.08 um^2
[INFO DPL-0009] Utilization: 13.4%
[INFO DPL-0005] Diamond search max displacement: +/- 500 sites horizontally, +/- 100 rows vertically.
[INFO DPL-1102] Legalizing using negotiation legalizer.
[INFO DPL-1103] Negotiation base search window: +/-20 sites horizontally, +/-5 rows vertically 
	Automatic search window extension enabled.
	Search window extendable up to the max displacement cap of +/-500 sites, +/-100 rows near walls.
[INFO DPL-1104] NegotiationLegalizer DRC penalty: 5.
[INFO DPL-0392] Negotiation cell height distribution (1 unique row-count(s)):
[INFO DPL-0393]   height 1 row(s): 500 cells
[INFO DPL-0500] Runtime: 0.00s
Placement Analysis
---------------------------------
total displacement          0.0 u
average displacement        0.0 u
max displacement            0.0 u
original HPWL            3751.5 u
legalized HPWL           3751.5 u
delta HPWL                    0 %

Report metrics stage 4, cts final...

==========================================================================
cts final report_design_area
--------------------------------------------------------------------------
Design area 2808 um^2 13% utilization.
write_db ./results/sky130hd/uart/base/4_1_cts.odb
write_sdc -no_timestamp ./results/sky130hd/uart/base/4_cts.sdc
Elapsed time: 0:02.60[h:]min:sec. CPU time: user 2.52 sys 0.10 (100%). Peak memory: 188952KB.
Log                       Ext     Elapsed/s Peak Memory/MB sha1sum result [0:20)
4_1_cts                   .odb            2            184 ae099ecbb7407bfc5ac8
cp ./results/sky130hd/uart/base/4_1_cts.odb ./results/sky130hd/uart/base/4_cts.odb
/OpenROAD-flow-scripts/flow/scripts/flow.sh 5_1_grt global_route
Running global_route.tcl, stage 5_1_grt
read_liberty /OpenROAD-flow-scripts/flow/platforms/sky130hd/lib/sky130_fd_sc_hd__tt_025C_1v80.lib
read_db ./results/sky130hd/uart/base/4_cts.odb
read_sdc ./results/sky130hd/uart/base/4_cts.sdc
source /OpenROAD-flow-scripts/flow/platforms/sky130hd/setRC.tcl
pin_access
[INFO DRT-0149] Reading tech and libs.
[WARNING DRT-0349] LEF58_ENCLOSURE with no CUTCLASS is not supported. Skipping for layer mcon
[WARNING DRT-0349] LEF58_ENCLOSURE with no CUTCLASS is not supported. Skipping for layer mcon
[WARNING DRT-0349] LEF58_ENCLOSURE with no CUTCLASS is not supported. Skipping for layer via
[WARNING DRT-0349] LEF58_ENCLOSURE with no CUTCLASS is not supported. Skipping for layer via
[WARNING DRT-0349] LEF58_ENCLOSURE with no CUTCLASS is not supported. Skipping for layer via2
[WARNING DRT-0349] LEF58_ENCLOSURE with no CUTCLASS is not supported. Skipping for layer via2
[WARNING DRT-0349] LEF58_ENCLOSURE with no CUTCLASS is not supported. Skipping for layer via3
[WARNING DRT-0349] LEF58_ENCLOSURE with no CUTCLASS is not supported. Skipping for layer via3
[WARNING DRT-0349] LEF58_ENCLOSURE with no CUTCLASS is not supported. Skipping for layer via4
[WARNING DRT-0349] LEF58_ENCLOSURE with no CUTCLASS is not supported. Skipping for layer via4

Units:                1000
Number of layers:     13
Number of macros:     441
Number of vias:       29
Number of viarulegen: 25

[INFO DRT-0150] Reading design.

Design:                   uart
Die area:                 ( 0 0 ) ( 148315 148315 )
Number of track patterns: 12
Number of DEF vias:       0
Number of components:     500
Number of terminals:      27
Number of snets:          2
Number of nets:           242

[INFO DRT-0167] List of default vias:
  Layer via
    default via: M1M2_PR
  Layer via2
    default via: M2M3_PR
  Layer via3
    default via: M3M4_PR
  Layer via4
    default via: M4M5_PR
[INFO DRT-0162] Library cell analysis.
[INFO DRT-0163] Instance analysis.
[INFO DRT-0164] Number of unique instances = 70.
[INFO DRT-0168] Init region query.
[INFO DRT-0024]   Complete FR_MASTERSLICE.
[INFO DRT-0024]   Complete Fr_VIA.
[INFO DRT-0024]   Complete li1.
[INFO DRT-0024]   Complete mcon.
[INFO DRT-0024]   Complete met1.
[INFO DRT-0024]   Complete via.
[INFO DRT-0024]   Complete met2.
[INFO DRT-0024]   Complete via2.
[INFO DRT-0024]   Complete met3.
[INFO DRT-0024]   Complete via3.
[INFO DRT-0024]   Complete met4.
[INFO DRT-0024]   Complete via4.
[INFO DRT-0024]   Complete met5.
[INFO DRT-0033] FR_MASTERSLICE shape region query size = 0.
[INFO DRT-0033] FR_VIA shape region query size = 0.
[INFO DRT-0033] li1 shape region query size = 8314.
[INFO DRT-0033] mcon shape region query size = 4840.
[INFO DRT-0033] met1 shape region query size = 1804.
[INFO DRT-0033] via shape region query size = 1350.
[INFO DRT-0033] met2 shape region query size = 820.
[INFO DRT-0033] via2 shape region query size = 1080.
[INFO DRT-0033] met3 shape region query size = 825.
[INFO DRT-0033] via3 shape region query size = 1080.
[INFO DRT-0033] met4 shape region query size = 330.
[INFO DRT-0033] via4 shape region query size = 50.
[INFO DRT-0033] met5 shape region query size = 70.
[INFO DRT-0165] Start pin access.
[INFO DRT-0078]   Complete 537 pins.
[INFO DRT-0081]   Complete 70 unique inst patterns.
[INFO DRT-0084]   Complete 161 groups.
#scanned instances     = 500
#unique  instances     = 70
#stdCellGenAp          = 2149
#stdCellValidPlanarAp  = 0
#stdCellValidViaAp     = 1659
#stdCellPinNoAp        = 0
#stdCellPinCnt         = 779
#instTermValidViaApCnt = 0
#macroGenAp            = 0
#macroValidPlanarAp    = 0
#macroValidViaAp       = 0
#macroNoAp             = 0
[INFO DRT-0166] Complete pin access.
[INFO DRT-0267] cpu time = 00:00:37, elapsed time = 00:00:05, memory = 157.38 (MB), peak = 156.58 (MB)
Took 5 seconds: pin_access
global_route -congestion_report_file ./reports/sky130hd/uart/base/congestion.rpt -congestion_iterations 30 -congestion_report_iter_step 5 -verbose
[INFO GRT-0020] Min routing layer: met1
[INFO GRT-0021] Max routing layer: met5
[INFO GRT-0022] Global adjustment: 0%
[INFO GRT-0023] Grid origin: (0, 0)
[INFO GRT-0088] Layer li1     Track-Pitch = 0.4600  line-2-Via Pitch: 0.3400
[INFO GRT-0088] Layer met1    Track-Pitch = 0.3400  line-2-Via Pitch: 0.3400
[INFO GRT-0088] Layer met2    Track-Pitch = 0.4600  line-2-Via Pitch: 0.3500
[INFO GRT-0088] Layer met3    Track-Pitch = 0.6800  line-2-Via Pitch: 0.6150
[INFO GRT-0088] Layer met4    Track-Pitch = 0.9200  line-2-Via Pitch: 1.0400
[INFO GRT-0088] Layer met5    Track-Pitch = 3.4000  line-2-Via Pitch: 3.1100
[INFO GRT-0003] Macros: 0
[INFO GRT-0004] Blockages: 800
[INFO GRT-0019] Found 6 clock nets.
[INFO GRT-0001] Minimum degree: 2
[INFO GRT-0002] Maximum degree: 28

[INFO GRT-0053] Routing resources analysis:
          Routing      Original      Derated      Resource
Layer     Direction    Resources     Resources    Reduction (%)
---------------------------------------------------------------
li1        Vertical            0             0          0.00%
met1       Horizontal       6271          4867          22.39%
met2       Vertical         5560          4260          23.38%
met3       Horizontal       4085          3195          21.79%
met4       Vertical         2700          1940          28.15%
met5       Horizontal        640           440          31.25%
---------------------------------------------------------------

[INFO GRT-0197] Via related to pin nodes: 1278
[INFO GRT-0198] Via related Steiner nodes: 12
[INFO GRT-0199] Via filling finished.
[INFO GRT-0111] Final number of vias: 1547
[INFO GRT-0112] Final usage 3D: 5307

[INFO GRT-0096] Final congestion report:
Layer         Resource        Demand        Usage (%)    Max H / Max V / Total Congestion
---------------------------------------------------------------------------------------
li1                  0             0            0.00%             0 /  0 /  0
met1              4867           278            5.71%             0 /  0 /  0
met2              4260           288            6.76%             0 /  0 /  0
met3              3195            73            2.28%             0 /  0 /  0
met4              1940            27            1.39%             0 /  0 /  0
met5               440             0            0.00%             0 /  0 /  0
---------------------------------------------------------------------------------------
Total            14702           666            4.53%             0 /  0 /  0

[INFO GRT-0018] Total wirelength: 7548 um
[INFO GRT-0014] Routed nets: 238
[INFO GRT-0303] Global routing runtime = 00:00:00
[WARNING STA-0450] virtual clock vclk_core_clock can not be propagated.
estimate_parasitics -global_routing
Perform buffer insertion and gate resizing...
repair_design -verbose
Iteration |   Area    | Resized | Buffers | Nets repaired | Remaining
---------------------------------------------------------------------
        0 |     +0.0% |       0 |       0 |             0 |       246
       10 |     +0.0% |       0 |       0 |             0 |       236
       20 |     +0.0% |       0 |       0 |             0 |       226
       30 |     +0.0% |       0 |       0 |             0 |       216
       40 |     +0.0% |       0 |       0 |             0 |       206
       50 |     +0.0% |       0 |       0 |             0 |       196
       60 |     +0.0% |       0 |       0 |             0 |       186
       70 |     +0.0% |       0 |       0 |             0 |       176
       80 |     +0.0% |       0 |       0 |             0 |       166
       90 |     +0.0% |       0 |       0 |             0 |       156
      100 |     +0.0% |       0 |       0 |             0 |       146
      110 |     +0.0% |       0 |       0 |             0 |       136
      120 |     +0.0% |       0 |       0 |             0 |       126
[WARNING RSZ-0104] Net _161_ only has one pin. Check if it is intended to be dangling.
[WARNING RSZ-0104] Net _160_ only has one pin. Check if it is intended to be dangling.
[WARNING RSZ-0104] Net _159_ only has one pin. Check if it is intended to be dangling.
      130 |     +0.0% |       0 |       0 |             0 |       116
[WARNING RSZ-0104] Net _158_ only has one pin. Check if it is intended to be dangling.
      140 |     +0.0% |       0 |       0 |             0 |       106
      150 |     +0.0% |       0 |       0 |             0 |        96
      160 |     +0.0% |       0 |       0 |             0 |        86
      170 |     +0.0% |       0 |       0 |             0 |        76
      180 |     +0.0% |       0 |       0 |             0 |        66
      190 |     +0.0% |       0 |       0 |             0 |        56
      200 |     +0.0% |       0 |       0 |             0 |        46
      210 |     +0.0% |       0 |       0 |             0 |        36
      220 |     +0.0% |       0 |       0 |             0 |        26
      230 |     +0.0% |       0 |       0 |             0 |        16
      240 |     +0.0% |       0 |       0 |             0 |         6
    final |     +0.0% |       0 |       0 |             0 |         0
---------------------------------------------------------------------
[INFO RSZ-0504] Runtime: 0.16s
global_route -start_incremental
detailed_placement
[INFO DPL-0006] Core area: 21021.41 um^2
[INFO DPL-0007] Movable instances area: 2463.61 um^2
[INFO DPL-0008] Fixed instances area within core: 344.08 um^2
[INFO DPL-0009] Utilization: 13.4%
[INFO DPL-0005] Diamond search max displacement: +/- 500 sites horizontally, +/- 100 rows vertically.
[INFO DPL-1102] Legalizing using negotiation legalizer.
[INFO DPL-1103] Negotiation base search window: +/-20 sites horizontally, +/-5 rows vertically 
	Automatic search window extension enabled.
	Search window extendable up to the max displacement cap of +/-500 sites, +/-100 rows near walls.
[INFO DPL-1104] NegotiationLegalizer DRC penalty: 5.
[INFO DPL-0392] Negotiation cell height distribution (1 unique row-count(s)):
[INFO DPL-0393]   height 1 row(s): 500 cells
[INFO DPL-0500] Runtime: 0.01s
Placement Analysis
---------------------------------
total displacement          0.0 u
average displacement        0.0 u
max displacement            0.0 u
original HPWL            3751.5 u
legalized HPWL           3751.5 u
delta HPWL                    0 %

global_route -end_incremental -congestion_report_file ./reports/sky130hd/uart/base/congestion_post_repair_design.rpt
Repair setup and hold violations...
estimate_parasitics -global_routing
repair_timing -setup_margin 0 -hold_margin 0 -repair_tns 100 -verbose
[INFO RSZ-0100] Repair move sequence: UnbufferMove SizeUpMove SwapPinsMove BufferMove CloneMove SplitLoadMove 
[INFO RSZ-0098] No setup violations found
[INFO RSZ-0505] Runtime: 0.05s
[INFO RSZ-0033] No hold violations found.
[INFO RSZ-0506] Runtime: 0.02s
global_route -start_incremental
detailed_placement
[INFO DPL-0006] Core area: 21021.41 um^2
[INFO DPL-0007] Movable instances area: 2463.61 um^2
[INFO DPL-0008] Fixed instances area within core: 344.08 um^2
[INFO DPL-0009] Utilization: 13.4%
[INFO DPL-0005] Diamond search max displacement: +/- 500 sites horizontally, +/- 100 rows vertically.
[INFO DPL-1102] Legalizing using negotiation legalizer.
[INFO DPL-1103] Negotiation base search window: +/-20 sites horizontally, +/-5 rows vertically 
	Automatic search window extension enabled.
	Search window extendable up to the max displacement cap of +/-500 sites, +/-100 rows near walls.
[INFO DPL-1104] NegotiationLegalizer DRC penalty: 5.
[INFO DPL-0392] Negotiation cell height distribution (1 unique row-count(s)):
[INFO DPL-0393]   height 1 row(s): 500 cells
[INFO DPL-0500] Runtime: 0.00s
Placement Analysis
---------------------------------
total displacement          0.0 u
average displacement        0.0 u
max displacement            0.0 u
original HPWL            3751.5 u
legalized HPWL           3751.5 u
delta HPWL                    0 %

check_placement -verbose
global_route -end_incremental -congestion_report_file ./reports/sky130hd/uart/base/congestion_post_repair_timing.rpt
estimate_parasitics -global_routing
global_route -start_incremental
global_route -end_incremental -congestion_report_file ./reports/sky130hd/uart/base/congestion_post_recover_power.rpt
Repair antennas...
[INFO GRT-0012] Found 0 antenna violations.
[INFO ANT-0002] Found 0 net violations.
[INFO ANT-0001] Found 0 pin violations.
Estimate parasitics...
estimate_parasitics -global_routing
Report metrics stage 5, global route...

==========================================================================
global route report_design_area
--------------------------------------------------------------------------
Design area 2808 um^2 13% utilization.
[INFO FLW-0007] clock core_clock period 20.000000
[WARNING FLW-0010] more than one clock found. Skipping sdc update.
[INFO FLW-0011] Path endpoint path count 83
write_db ./results/sky130hd/uart/base/5_1_grt.odb
write_sdc -no_timestamp ./results/sky130hd/uart/base/5_1_grt.sdc
Elapsed time: 0:07.51[h:]min:sec. CPU time: user 39.55 sys 0.33 (530%). Peak memory: 317312KB.
Log                       Ext     Elapsed/s Peak Memory/MB sha1sum result [0:20)
5_1_grt                   .odb            7            309 6dca2e8a5db1bb0bc675
5_1_grt                   .sdc                             ca79065c068a57fb3e1e
/OpenROAD-flow-scripts/flow/scripts/flow.sh 5_2_route detail_route
Running detail_route.tcl, stage 5_2_route
read_liberty /OpenROAD-flow-scripts/flow/platforms/sky130hd/lib/sky130_fd_sc_hd__tt_025C_1v80.lib
read_db ./results/sky130hd/uart/base/5_1_grt.odb
read_sdc ./results/sky130hd/uart/base/5_1_grt.sdc
source /OpenROAD-flow-scripts/flow/platforms/sky130hd/setRC.tcl
[WARNING STA-0450] virtual clock vclk_core_clock can not be propagated.
detailed_route -output_drc ./reports/sky130hd/uart/base/5_route_drc.rpt -output_maze ./results/sky130hd/uart/base/maze.log -droute_end_iter 64 -verbose 1 -drc_report_iter_step 5
[INFO DRT-0149] Reading tech and libs.
[WARNING DRT-0349] LEF58_ENCLOSURE with no CUTCLASS is not supported. Skipping for layer mcon
[WARNING DRT-0349] LEF58_ENCLOSURE with no CUTCLASS is not supported. Skipping for layer mcon
[WARNING DRT-0349] LEF58_ENCLOSURE with no CUTCLASS is not supported. Skipping for layer via
[WARNING DRT-0349] LEF58_ENCLOSURE with no CUTCLASS is not supported. Skipping for layer via
[WARNING DRT-0349] LEF58_ENCLOSURE with no CUTCLASS is not supported. Skipping for layer via2
[WARNING DRT-0349] LEF58_ENCLOSURE with no CUTCLASS is not supported. Skipping for layer via2
[WARNING DRT-0349] LEF58_ENCLOSURE with no CUTCLASS is not supported. Skipping for layer via3
[WARNING DRT-0349] LEF58_ENCLOSURE with no CUTCLASS is not supported. Skipping for layer via3
[WARNING DRT-0349] LEF58_ENCLOSURE with no CUTCLASS is not supported. Skipping for layer via4
[WARNING DRT-0349] LEF58_ENCLOSURE with no CUTCLASS is not supported. Skipping for layer via4

Units:                1000
Number of layers:     13
Number of macros:     441
Number of vias:       29
Number of viarulegen: 25

[INFO DRT-0150] Reading design.

Design:                   uart
Die area:                 ( 0 0 ) ( 148315 148315 )
Number of track patterns: 12
Number of DEF vias:       0
Number of components:     500
Number of terminals:      27
Number of snets:          2
Number of nets:           242

[INFO DRT-0167] List of default vias:
  Layer via
    default via: M1M2_PR
  Layer via2
    default via: M2M3_PR
  Layer via3
    default via: M3M4_PR
  Layer via4
    default via: M4M5_PR
[INFO DRT-0162] Library cell analysis.
[INFO DRT-0163] Instance analysis.
[INFO DRT-0164] Number of unique instances = 70.
[INFO DRT-0168] Init region query.
[INFO DRT-0024]   Complete FR_MASTERSLICE.
[INFO DRT-0024]   Complete Fr_VIA.
[INFO DRT-0024]   Complete li1.
[INFO DRT-0024]   Complete mcon.
[INFO DRT-0024]   Complete met1.
[INFO DRT-0024]   Complete via.
[INFO DRT-0024]   Complete met2.
[INFO DRT-0024]   Complete via2.
[INFO DRT-0024]   Complete met3.
[INFO DRT-0024]   Complete via3.
[INFO DRT-0024]   Complete met4.
[INFO DRT-0024]   Complete via4.
[INFO DRT-0024]   Complete met5.
[INFO DRT-0033] FR_MASTERSLICE shape region query size = 0.
[INFO DRT-0033] FR_VIA shape region query size = 0.
[INFO DRT-0033] li1 shape region query size = 8314.
[INFO DRT-0033] mcon shape region query size = 4840.
[INFO DRT-0033] met1 shape region query size = 1804.
[INFO DRT-0033] via shape region query size = 1350.
[INFO DRT-0033] met2 shape region query size = 820.
[INFO DRT-0033] via2 shape region query size = 1080.
[INFO DRT-0033] met3 shape region query size = 825.
[INFO DRT-0033] via3 shape region query size = 1080.
[INFO DRT-0033] met4 shape region query size = 330.
[INFO DRT-0033] via4 shape region query size = 50.
[INFO DRT-0033] met5 shape region query size = 70.
[INFO DRT-0165] Start pin access.
[INFO DRT-0078]   Complete 537 pins.
[INFO DRT-0081]   Complete 70 unique inst patterns.
[INFO DRT-0084]   Complete 161 groups.
#scanned instances     = 500
#unique  instances     = 70
#stdCellGenAp          = 2149
#stdCellValidPlanarAp  = 0
#stdCellValidViaAp     = 1659
#stdCellPinNoAp        = 0
#stdCellPinCnt         = 779
#instTermValidViaApCnt = 0
#macroGenAp            = 0
#macroValidPlanarAp    = 0
#macroValidViaAp       = 0
#macroNoAp             = 0
[INFO DRT-0166] Complete pin access.
[INFO DRT-0267] cpu time = 00:00:35, elapsed time = 00:00:04, memory = 254.68 (MB), peak = 251.66 (MB)

[INFO DRT-0157] Number of guides:     1672

[INFO DRT-0169] Post process guides.
[INFO DRT-0176] GCELLGRID X 0 DO 21 STEP 6900 ;
[INFO DRT-0177] GCELLGRID Y 0 DO 21 STEP 6900 ;
[INFO DRT-0028]   Complete FR_MASTERSLICE.
[INFO DRT-0028]   Complete Fr_VIA.
[INFO DRT-0028]   Complete li1.
[INFO DRT-0028]   Complete mcon.
[INFO DRT-0028]   Complete met1.
[INFO DRT-0028]   Complete via.
[INFO DRT-0028]   Complete met2.
[INFO DRT-0028]   Complete via2.
[INFO DRT-0028]   Complete met3.
[INFO DRT-0028]   Complete via3.
[INFO DRT-0028]   Complete met4.
[INFO DRT-0028]   Complete via4.
[INFO DRT-0028]   Complete met5.
[INFO DRT-0178] Init guide query.
[INFO DRT-0035]   Complete FR_MASTERSLICE (guide).
[INFO DRT-0035]   Complete Fr_VIA (guide).
[INFO DRT-0035]   Complete li1 (guide).
[INFO DRT-0035]   Complete mcon (guide).
[INFO DRT-0035]   Complete met1 (guide).
[INFO DRT-0035]   Complete via (guide).
[INFO DRT-0035]   Complete met2 (guide).
[INFO DRT-0035]   Complete via2 (guide).
[INFO DRT-0035]   Complete met3 (guide).
[INFO DRT-0035]   Complete via3 (guide).
[INFO DRT-0035]   Complete met4 (guide).
[INFO DRT-0035]   Complete via4 (guide).
[INFO DRT-0035]   Complete met5 (guide).
[INFO DRT-0036] FR_MASTERSLICE guide region query size = 0.
[INFO DRT-0036] FR_VIA guide region query size = 0.
[INFO DRT-0036] li1 guide region query size = 622.
[INFO DRT-0036] mcon guide region query size = 0.
[INFO DRT-0036] met1 guide region query size = 521.
[INFO DRT-0036] via guide region query size = 0.
[INFO DRT-0036] met2 guide region query size = 248.
[INFO DRT-0036] via2 guide region query size = 0.
[INFO DRT-0036] met3 guide region query size = 22.
[INFO DRT-0036] via3 guide region query size = 0.
[INFO DRT-0036] met4 guide region query size = 3.
[INFO DRT-0036] via4 guide region query size = 0.
[INFO DRT-0036] met5 guide region query size = 0.
[INFO DRT-0179] Init gr pin query.
[INFO DRT-0267] cpu time = 00:00:00, elapsed time = 00:00:00, memory = 257.26 (MB), peak = 256.52 (MB)
[INFO DRT-0245] skipped writing guide updates to database.
[INFO DRT-0181] Start track assignment.
[INFO DRT-0184] Done with 873 vertical wires in 1 frboxes and 543 horizontal wires in 1 frboxes.
[INFO DRT-0186] Done with 66 vertical wires in 1 frboxes and 117 horizontal wires in 1 frboxes.
[INFO DRT-0182] Complete track assignment.
[INFO DRT-0267] cpu time = 00:00:00, elapsed time = 00:00:00, memory = 264.12 (MB), peak = 263.40 (MB)
[INFO DRT-0187] Start routing data preparation.
[INFO DRT-0267] cpu time = 00:00:00, elapsed time = 00:00:00, memory = 264.18 (MB), peak = 263.52 (MB)
[INFO DRT-0194] Start detail routing.
[INFO DRT-0195] Start 0th optimization iteration.
    Completing 10% with 0 violations.
    elapsed time = 00:00:00, memory = 264.42 (MB).
    Completing 20% with 0 violations.
    elapsed time = 00:00:00, memory = 281.88 (MB).
    Completing 30% with 0 violations.
    elapsed time = 00:00:00, memory = 277.72 (MB).
    Completing 40% with 0 violations.
    elapsed time = 00:00:00, memory = 273.86 (MB).
    Completing 50% with 11 violations.
    elapsed time = 00:00:00, memory = 287.97 (MB).
    Completing 60% with 11 violations.
    elapsed time = 00:00:01, memory = 289.00 (MB).
    Completing 70% with 25 violations.
    elapsed time = 00:00:01, memory = 300.30 (MB).
    Completing 80% with 25 violations.
    elapsed time = 00:00:02, memory = 297.41 (MB).
    Completing 100% with 68 violations.
    elapsed time = 00:00:09, memory = 323.85 (MB).
[INFO DRT-0199]   Number of violations = 95.
Viol/Layer        met1   met2   met3
Metal Spacing       18      3      2
Recheck             23      2      2
Short               45      0      0
[INFO DRT-0267] cpu time = 00:00:10, elapsed time = 00:00:10, memory = 688.32 (MB), peak = 687.59 (MB)
Total wire length = 4678 um.
Total wire length on LAYER li1 = 0 um.
Total wire length on LAYER met1 = 2157 um.
Total wire length on LAYER met2 = 2128 um.
Total wire length on LAYER met3 = 332 um.
Total wire length on LAYER met4 = 59 um.
Total wire length on LAYER met5 = 0 um.
Total number of vias = 1567.
Up-via summary (total 1567):

-----------------------
 FR_MASTERSLICE       0
            li1     783
           met1     755
           met2      24
           met3       5
           met4       0
-----------------------
               1567


[INFO DRT-0195] Start 1st optimization iteration.
    Completing 10% with 95 violations.
    elapsed time = 00:00:00, memory = 701.36 (MB).
    Completing 20% with 95 violations.
    elapsed time = 00:00:00, memory = 704.65 (MB).
    Completing 30% with 88 violations.
    elapsed time = 00:00:00, memory = 704.65 (MB).
    Completing 40% with 88 violations.
    elapsed time = 00:00:00, memory = 719.08 (MB).
    Completing 50% with 88 violations.
    elapsed time = 00:00:01, memory = 725.99 (MB).
    Completing 60% with 84 violations.
    elapsed time = 00:00:01, memory = 729.55 (MB).
    Completing 70% with 84 violations.
    elapsed time = 00:00:03, memory = 729.55 (MB).
    Completing 80% with 42 violations.
    elapsed time = 00:00:03, memory = 729.55 (MB).
    Completing 90% with 42 violations.
    elapsed time = 00:00:03, memory = 746.73 (MB).
    Completing 100% with 27 violations.
    elapsed time = 00:00:05, memory = 757.93 (MB).
[INFO DRT-0199]   Number of violations = 27.
Viol/Layer        met1   met2
Metal Spacing       11      2
Short               14      0
[INFO DRT-0267] cpu time = 00:00:05, elapsed time = 00:00:05, memory = 758.93 (MB), peak = 758.02 (MB)
Total wire length = 4594 um.
Total wire length on LAYER li1 = 0 um.
Total wire length on LAYER met1 = 2133 um.
Total wire length on LAYER met2 = 2078 um.
Total wire length on LAYER met3 = 323 um.
Total wire length on LAYER met4 = 58 um.
Total wire length on LAYER met5 = 0 um.
Total number of vias = 1547.
Up-via summary (total 1547):

-----------------------
 FR_MASTERSLICE       0
            li1     784
           met1     734
           met2      24
           met3       5
           met4       0
-----------------------
               1547


[INFO DRT-0195] Start 2nd optimization iteration.
    Completing 10% with 27 violations.
    elapsed time = 00:00:00, memory = 758.93 (MB).
    Completing 20% with 27 violations.
    elapsed time = 00:00:04, memory = 804.80 (MB).
    Completing 30% with 22 violations.
    elapsed time = 00:00:04, memory = 804.80 (MB).
    Completing 40% with 22 violations.
    elapsed time = 00:00:04, memory = 804.80 (MB).
    Completing 50% with 22 violations.
    elapsed time = 00:00:04, memory = 804.80 (MB).
    Completing 60% with 22 violations.
    elapsed time = 00:00:04, memory = 804.80 (MB).
    Completing 70% with 22 violations.
    elapsed time = 00:00:04, memory = 804.80 (MB).
    Completing 80% with 14 violations.
    elapsed time = 00:00:04, memory = 804.80 (MB).
    Completing 90% with 14 violations.
    elapsed time = 00:00:04, memory = 804.80 (MB).
    Completing 100% with 14 violations.
    elapsed time = 00:00:04, memory = 804.80 (MB).
[INFO DRT-0199]   Number of violations = 14.
Viol/Layer        met1   met3
Metal Spacing        6      2
Short                6      0
[INFO DRT-0267] cpu time = 00:00:05, elapsed time = 00:00:05, memory = 804.93 (MB), peak = 804.06 (MB)
Total wire length = 4594 um.
Total wire length on LAYER li1 = 0 um.
Total wire length on LAYER met1 = 2127 um.
Total wire length on LAYER met2 = 2093 um.
Total wire length on LAYER met3 = 309 um.
Total wire length on LAYER met4 = 64 um.
Total wire length on LAYER met5 = 0 um.
Total number of vias = 1555.
Up-via summary (total 1555):

-----------------------
 FR_MASTERSLICE       0
            li1     783
           met1     742
           met2      24
           met3       6
           met4       0
-----------------------
               1555


[INFO DRT-0195] Start 3rd guides tiles iteration.
    Completing 20% with 14 violations.
    elapsed time = 00:00:01, memory = 821.44 (MB).
    Completing 40% with 3 violations.
    elapsed time = 00:00:01, memory = 821.44 (MB).
    Completing 60% with 3 violations.
    elapsed time = 00:00:01, memory = 821.52 (MB).
    Completing 80% with 0 violations.
    elapsed time = 00:00:01, memory = 821.52 (MB).
    Completing 100% with 0 violations.
    elapsed time = 00:00:01, memory = 821.52 (MB).
[INFO DRT-0199]   Number of violations = 0.
[INFO DRT-0267] cpu time = 00:00:01, elapsed time = 00:00:01, memory = 821.52 (MB), peak = 820.65 (MB)
Total wire length = 4607 um.
Total wire length on LAYER li1 = 0 um.
Total wire length on LAYER met1 = 2087 um.
Total wire length on LAYER met2 = 2119 um.
Total wire length on LAYER met3 = 342 um.
Total wire length on LAYER met4 = 57 um.
Total wire length on LAYER met5 = 0 um.
Total number of vias = 1564.
Up-via summary (total 1564):

-----------------------
 FR_MASTERSLICE       0
            li1     784
           met1     743
           met2      30
           met3       7
           met4       0
-----------------------
               1564


[INFO DRT-0198] Complete detail routing.
Total wire length = 4607 um.
Total wire length on LAYER li1 = 0 um.
Total wire length on LAYER met1 = 2087 um.
Total wire length on LAYER met2 = 2119 um.
Total wire length on LAYER met3 = 342 um.
Total wire length on LAYER met4 = 57 um.
Total wire length on LAYER met5 = 0 um.
Total number of vias = 1564.
Up-via summary (total 1564):

-----------------------
 FR_MASTERSLICE       0
            li1     784
           met1     743
           met2      30
           met3       7
           met4       0
-----------------------
               1564


[INFO DRT-0267] cpu time = 00:00:23, elapsed time = 00:00:22, memory = 821.65 (MB), peak = 820.78 (MB)

[INFO DRT-0180] Post processing.
[INFO DRT-0501] Runtime: 27.66s
Took 28 seconds: detailed_route -output_drc ./reports/sky130hd/uart/base/5_route_drc.rpt -output_maze ./results/sky130hd/uart/base/maze.log -droute_end_iter 64 -verbose 1 -drc_report_iter_step 5
[INFO GRT-0012] Found 0 antenna violations.
[INFO ANT-0002] Found 0 net violations.
[INFO ANT-0001] Found 0 pin violations.
[INFO ANT-0002] Found 0 net violations.
[INFO ANT-0001] Found 0 pin violations.
Design area 2808 um^2 13% utilization.
write_db ./results/sky130hd/uart/base/5_2_route.odb
Elapsed time: 0:29.07[h:]min:sec. CPU time: user 60.21 sys 0.54 (208%). Peak memory: 840604KB.
Log                       Ext     Elapsed/s Peak Memory/MB sha1sum result [0:20)
5_2_route                 .odb           29            820 dddc0bc24ef7d6ff7e17
/OpenROAD-flow-scripts/flow/scripts/flow.sh 5_3_fillcell fillcell
Running fillcell.tcl, stage 5_3_fillcell
read_liberty /OpenROAD-flow-scripts/flow/platforms/sky130hd/lib/sky130_fd_sc_hd__tt_025C_1v80.lib
read_db ./results/sky130hd/uart/base/5_2_route.odb
read_sdc ./results/sky130hd/uart/base/5_1_grt.sdc
source /OpenROAD-flow-scripts/flow/platforms/sky130hd/setRC.tcl
[WARNING STA-0450] virtual clock vclk_core_clock can not be propagated.
filler_placement "sky130_fd_sc_hd__fill_1 sky130_fd_sc_hd__fill_2 sky130_fd_sc_hd__fill_4 sky130_fd_sc_hd__fill_8"
[INFO DPL-0001] Placed 2343 filler instances.
Design area 2808 um^2 13% utilization.
write_db ./results/sky130hd/uart/base/5_3_fillcell.odb
Elapsed time: 0:01.20[h:]min:sec. CPU time: user 1.08 sys 0.08 (96%). Peak memory: 150004KB.
Log                       Ext     Elapsed/s Peak Memory/MB sha1sum result [0:20)
5_3_fillcell              .odb            1            146 70163b3826d621e264cb
cp ./results/sky130hd/uart/base/5_3_fillcell.odb ./results/sky130hd/uart/base/5_route.odb
cp ./results/sky130hd/uart/base/5_1_grt.sdc ./results/sky130hd/uart/base/5_route.sdc
/OpenROAD-flow-scripts/flow/scripts/flow.sh 6_1_fill density_fill
Running density_fill.tcl, stage 6_1_fill
read_liberty /OpenROAD-flow-scripts/flow/platforms/sky130hd/lib/sky130_fd_sc_hd__tt_025C_1v80.lib
read_db ./results/sky130hd/uart/base/5_route.odb
read_sdc ./results/sky130hd/uart/base/5_route.sdc
source /OpenROAD-flow-scripts/flow/platforms/sky130hd/setRC.tcl
exec cp ./results/sky130hd/uart/base/5_route.odb ./results/sky130hd/uart/base/6_1_fill.odb
Elapsed time: 0:01.10[h:]min:sec. CPU time: user 1.03 sys 0.06 (99%). Peak memory: 145888KB.
Log                       Ext     Elapsed/s Peak Memory/MB sha1sum result [0:20)
6_1_fill                  .odb            1            142 70163b3826d621e264cb
cp ./results/sky130hd/uart/base/5_route.sdc ./results/sky130hd/uart/base/6_1_fill.sdc
/OpenROAD-flow-scripts/flow/scripts/flow.sh 6_report final_report
Running final_report.tcl, stage 6_report
read_liberty /OpenROAD-flow-scripts/flow/platforms/sky130hd/lib/sky130_fd_sc_hd__tt_025C_1v80.lib
read_db ./results/sky130hd/uart/base/6_1_fill.odb
read_sdc ./results/sky130hd/uart/base/6_1_fill.sdc
source /OpenROAD-flow-scripts/flow/platforms/sky130hd/setRC.tcl
[WARNING STA-0450] virtual clock vclk_core_clock can not be propagated.
write_db ./results/sky130hd/uart/base/6_final.odb
write_sdc -no_timestamp ./results/sky130hd/uart/base/6_final.sdc
Deleted 0 routing obstructions
Warning: master sky130_ef_sc_hd__decap_12 has signal pins but no liberty cell
[INFO RCX-0431] Defined process_corner X with ext_model_index 0
[INFO RCX-0029] Defined extraction corner X
[WARNING RCX-0514] The ext_model_file option is deprecated. Use set_extraction_rules_file command instead.
[INFO RCX-0435] Reading extraction model file /OpenROAD-flow-scripts/flow/platforms/sky130hd/rcx_patterns.rules ...
[INFO RCX-0436] RC segment generation uart (max_merge_res 50.0) ...
[INFO RCX-0040] Final 894 rc segments
[INFO RCX-0439] Coupling Cap extraction uart ...
[INFO RCX-0440] Coupling threshhold is 0.1000 fF, coupling capacitance less than 0.1000 fF will be grounded.
[INFO RCX-0442] 65% of 2112 wires extracted
[INFO RCX-0442] 100% of 2112 wires extracted
[INFO RCX-0045] Extract 242 nets, 1132 rsegs, 1132 caps, 1358 ccs
[INFO RCX-0443] 242 nets finished
[INFO PSM-0040] All shapes on net VDD are connected.
########## IR report #################
Net              : VDD
Corner           : default
Total power      : 2.00e-04 W
Supply voltage   : 1.80e+00 V
Worstcase voltage: 1.80e+00 V
Average voltage  : 1.80e+00 V
Average IR drop  : 2.01e-06 V
Worstcase IR drop: 3.58e-05 V
Percentage drop  : 0.00 %
######################################
[INFO PSM-0040] All shapes on net VSS are connected.
########## IR report #################
Net              : VSS
Corner           : default
Total power      : 2.00e-04 W
Supply voltage   : 0.00e+00 V
Worstcase voltage: 4.12e-05 V
Average voltage  : 2.11e-06 V
Average IR drop  : 2.11e-06 V
Worstcase IR drop: 4.12e-05 V
Percentage drop  : 0.00 %
######################################
Cell type report:                       Count       Area
  Fill cell                              2343   18213.72
  Tap cell                                275     344.08
  Clock buffer                              6     128.87
  Timing Repair Buffer                     23     230.22
  Inverter                                  8      30.03
  Clock inverter                            2      16.27
  Sequential cell                          48    1121.08
  Multi-Input combinational cell          138     937.15
  Total                                  2843   21021.41
Report metrics stage 6, finish...

==========================================================================
finish report_design_area
--------------------------------------------------------------------------
Design area 2808 um^2 13% utilization.
[WARNING GUI-0076] QStandardPaths: XDG_RUNTIME_DIR not set, defaulting to '/tmp/runtime-'
Elapsed time: 0:04.32[h:]min:sec. CPU time: user 4.15 sys 0.23 (101%). Peak memory: 260124KB.
Log                       Ext     Elapsed/s Peak Memory/MB sha1sum result [0:20)
6_report                                  4            254                  N/A
cp /OpenROAD-flow-scripts/flow/platforms/sky130hd/lef/sky130_fd_sc_hd.tlef ./objects/sky130hd/uart/base/klayout_tech.lef
/usr/bin/python3 /OpenROAD-flow-scripts/flow/util/generate_klayout_tech.py \
	--template /OpenROAD-flow-scripts/flow/platforms/sky130hd/sky130hd.lyt \
	--output ./objects/sky130hd/uart/base/klayout.lyt \
	--lef-files ./objects/sky130hd/uart/base/klayout_tech.lef /OpenROAD-flow-scripts/flow/platforms/sky130hd/lef/sky130_fd_sc_hd_merged.lef   \
	--map-files 
/usr/bin/python3 /OpenROAD-flow-scripts/flow/scripts/run_command.py --log /OpenROAD-flow-scripts/flow/logs/sky130hd/uart/base/6_1_merge.log --tee -- \
        /OpenROAD-flow-scripts/flow/scripts/klayout.sh -zz -rd design_name=uart \
        -rd in_def=./results/sky130hd/uart/base/6_final.def \
        -rd in_files="/OpenROAD-flow-scripts/flow/platforms/sky130hd/gds/sky130_fd_sc_hd.gds  " \
        -rd seal_file="" \
        -rd out_file=./results/sky130hd/uart/base/6_1_merged.gds \
        -rd tech_file=./objects/sky130hd/uart/base/klayout.lyt \
        -rd layer_map= \
        -r /OpenROAD-flow-scripts/flow/util/def2stream.py
KLayout 0.30.7
[INFO] Reporting cells prior to loading DEF ...
	/OpenROAD-flow-scripts/flow/platforms/sky130hd/gds/sky130_fd_sc_hd.gds
[INFO] All LEF cells have matching GDS/OAS cells
[INFO] No orphan cells in the final layout
Elapsed time: 0:12.35[h:]min:sec. CPU time: user 11.84 sys 0.50 (99%). Peak memory: 877612KB.
cp results/sky130hd/uart/base/6_1_merged.gds results/sky130hd/uart/base/6_final.gds
./logs/sky130hd/uart/base
Log                       Ext     Elapsed/s Peak Memory/MB sha1sum result [0:20)
1_1_yosys_canonicalize    .rtlil          0             82 c664971ce4deaedd7701
1_2_yosys                 .v              4             86 c02c7d5c15aaf111a6e1
1_2_yosys                 .sdc                             0cc2b7ae3357d8f68d81
1_synth                   .odb            1            143 7ee487e6d24b3afee078
1_synth                   .sdc                             b4159537572b38d9b9eb
2_1_floorplan             .odb            1            180 42bf3a44ad4de1a3d654
2_1_floorplan             .sdc                             b4159537572b38d9b9eb
2_2_floorplan_macro       .odb            1            140 42bf3a44ad4de1a3d654
2_3_floorplan_tapcell     .odb            1            140 b767aabf205e10c1d2e6
2_4_floorplan_pdn         .odb            1            146 ade5c83d7de0a985acf6
3_1_place_gp_skip_io      .odb            1            144 11fe052d6df518bd69af
3_2_place_iop             .odb            1            141 42df791d9754bc39c42e
3_3_place_gp              .odb            1            278 128de48c3128670e614f
3_4_place_resized         .odb            1            177 128de48c3128670e614f
3_5_place_dp              .odb            1            153 ccaec027e7e0148a7eb6
4_1_cts                   .odb            2            184 ae099ecbb7407bfc5ac8
5_1_grt                   .odb            7            309 6dca2e8a5db1bb0bc675
5_1_grt                   .sdc                             ca79065c068a57fb3e1e
5_2_route                 .odb           29            820 dddc0bc24ef7d6ff7e17
5_3_fillcell              .odb            1            146 70163b3826d621e264cb
6_1_fill                  .odb            1            142 70163b3826d621e264cb
6_1_fill                  .sdc                             ca79065c068a57fb3e1e
6_1_merge                                12            857                  N/A
6_report                                  4            254                  N/A
Total                                    70            857                     
make: warning:  Clock skew detected.  Your build may be incomplete.
