clean build: wiped sky130hd/d_nw01_nolat (results, logs, objects, reports)
constraining to CLK_PERIOD_NS=6.0000 (SDC + synthesis)
OPENROAD: /OpenROAD-flow-scripts/tools/OpenROAD
mkdir -p results/sky130hd/d_nw01_nolat/base/
echo 6000 > results/sky130hd/d_nw01_nolat/base/clock_period.txt
/OpenROAD-flow-scripts/flow/scripts/synth.sh /OpenROAD-flow-scripts/flow/scripts/synth_canonicalize.tcl ./logs/sky130hd/d_nw01_nolat/base/1_1_yosys_canonicalize.log
Using ABC speed script.
Extracting clock period from SDC file: ./results/sky130hd/d_nw01_nolat/base/clock_period.txt
Setting clock period to 6000
1. Executing Liberty frontend: /OpenROAD-flow-scripts/flow/platforms/sky130hd/lib/sky130_fd_sc_hd__tt_025C_1v80.lib
2. Executing Liberty frontend: /OpenROAD-flow-scripts/flow/platforms/sky130hd/lib/sky130_fd_sc_hd__tt_025C_1v80.lib
3. Executing SLANG frontend.
3.1. Executing PROC_CLEAN pass (remove empty switches from decision trees).
3.2. Executing TRIBUF pass.
3.3. Executing PROC_RMDEAD pass (remove dead branches from decision trees).
3.4. Executing PROC_PRUNE pass (remove redundant assignments in processes).
3.5. Executing PROC_INIT pass (extract init attributes).
3.6. Executing PROC_ROM pass (convert switches to ROMs).
3.7. Executing PROC_MUX pass (convert decision trees to multiplexers).
3.8. Executing PROC_CLEAN pass (remove empty switches from decision trees).
3.9. Executing OPT_EXPR pass (perform const folding).
4. Executing HIERARCHY pass (managing design hierarchy).
4.1. Analyzing design hierarchy..
4.2. Analyzing design hierarchy..
5. Executing OPT_CLEAN pass (remove unused cells and wires).
6. Executing RTLIL backend.
End of script. Logfile hash: 8cabcb8294, time: 0.66s, user: 0.56s, system: 0.03s, MEM: 90.46 MB peak
Yosys 0.68+post (git sha1 UNKNOWN, Release, GNU /usr/local/bin/wrapped-cc/g++ 11.4.0)
Time spent: 55% 2x read_slang (0 sec), 16% 4x read_liberty (0 sec), ...
Elapsed time: 0:00.72[h:]min:sec. CPU time: user 0.65 sys 0.03 (94%). Peak memory: 94720KB.
Log                       Ext     Elapsed/s Peak Memory/MB sha1sum result [0:20)
1_1_yosys_canonicalize    .rtlil          0             92 f49ab380e3b84705a1ed
/OpenROAD-flow-scripts/flow/scripts/synth.sh /OpenROAD-flow-scripts/flow/scripts/synth.tcl ./logs/sky130hd/d_nw01_nolat/base/1_2_yosys.log
Using ABC speed script.
Extracting clock period from SDC file: ./results/sky130hd/d_nw01_nolat/base/clock_period.txt
Setting clock period to 6000
1. Executing RTLIL frontend.
2. Executing HIERARCHY pass (managing design hierarchy).
2.1. Analyzing design hierarchy..
2.2. Analyzing design hierarchy..
3. Executing SYNTH pass.
3.1. Executing HIERARCHY pass (managing design hierarchy).
3.1.1. Analyzing design hierarchy..
3.1.2. Analyzing design hierarchy..
3.2. Executing PROC pass (convert processes to netlists).
3.2.1. Executing PROC_CLEAN pass (remove empty switches from decision trees).
3.2.2. Executing PROC_RMDEAD pass (remove dead branches from decision trees).
3.2.3. Executing PROC_PRUNE pass (remove redundant assignments in processes).
3.2.4. Executing PROC_INIT pass (extract init attributes).
3.2.5. Executing PROC_ARST pass (detect async resets in processes).
3.2.6. Executing PROC_ROM pass (convert switches to ROMs).
3.2.7. Executing PROC_MUX pass (convert decision trees to multiplexers).
3.2.8. Executing PROC_DLATCH pass (convert process syncs to latches).
3.2.9. Executing PROC_DFF pass (convert process syncs to FFs).
3.2.10. Executing PROC_MEMWR pass (convert process memory writes to cells).
3.2.11. Executing PROC_CLEAN pass (remove empty switches from decision trees).
3.2.12. Executing OPT_EXPR pass (perform const folding).
3.3. Executing CHECK pass (checking for obvious problems).
3.4. Executing FLATTEN pass (flatten design).
3.5. Executing OPT_EXPR pass (perform const folding).
3.6. Executing OPT_CLEAN pass (remove unused cells and wires).
3.7. Executing CHECK pass (checking for obvious problems).
3.8. Executing OPT pass (performing simple optimizations).
3.8.1. Executing OPT_EXPR pass (perform const folding).
3.8.2. Executing OPT_MERGE pass (detect identical cells).
3.8.3. Executing OPT_MUXTREE pass (detect dead branches in mux trees).
3.8.4. Executing OPT_REDUCE pass (consolidate $*mux and $reduce_* inputs).
3.8.5. Executing OPT_MERGE pass (detect identical cells).
3.8.6. Executing OPT_DFF pass (perform DFF optimizations).
3.8.7. Executing OPT_CLEAN pass (remove unused cells and wires).
3.8.8. Executing OPT_EXPR pass (perform const folding).
3.8.9. Rerunning OPT passes. (Maybe there is more to do..)
3.8.10. Executing OPT_MUXTREE pass (detect dead branches in mux trees).
3.8.11. Executing OPT_REDUCE pass (consolidate $*mux and $reduce_* inputs).
3.8.12. Executing OPT_MERGE pass (detect identical cells).
3.8.13. Executing OPT_DFF pass (perform DFF optimizations).
3.8.14. Executing OPT_CLEAN pass (remove unused cells and wires).
3.8.15. Executing OPT_EXPR pass (perform const folding).
3.8.16. Rerunning OPT passes. (Maybe there is more to do..)
3.8.17. Executing OPT_MUXTREE pass (detect dead branches in mux trees).
3.8.18. Executing OPT_REDUCE pass (consolidate $*mux and $reduce_* inputs).
3.8.19. Executing OPT_MERGE pass (detect identical cells).
3.8.20. Executing OPT_DFF pass (perform DFF optimizations).
3.8.21. Executing OPT_CLEAN pass (remove unused cells and wires).
3.8.22. Executing OPT_EXPR pass (perform const folding).
3.8.23. Rerunning OPT passes. (Maybe there is more to do..)
3.8.24. Executing OPT_MUXTREE pass (detect dead branches in mux trees).
3.8.25. Executing OPT_REDUCE pass (consolidate $*mux and $reduce_* inputs).
3.8.26. Executing OPT_MERGE pass (detect identical cells).
3.8.27. Executing OPT_DFF pass (perform DFF optimizations).
3.8.28. Executing OPT_CLEAN pass (remove unused cells and wires).
3.8.29. Executing OPT_EXPR pass (perform const folding).
3.8.30. Finished fast OPT passes. (There is nothing left to do.)
3.9. Executing FSM pass (extract and optimize FSM).
3.9.1. Executing FSM_DETECT pass (finding FSMs in design).
3.9.2. Executing FSM_EXTRACT pass (extracting FSM from design).
3.9.3. Executing FSM_OPT pass (simple optimizations of FSMs).
3.9.4. Executing OPT_CLEAN pass (remove unused cells and wires).
3.9.5. Executing FSM_OPT pass (simple optimizations of FSMs).
3.9.6. Executing FSM_RECODE pass (re-assigning FSM state encoding).
3.9.7. Executing FSM_INFO pass (dumping all available information on FSM cells).
3.9.8. Executing FSM_MAP pass (mapping FSMs to basic logic).
3.10. Executing OPT pass (performing simple optimizations).
3.10.1. Executing OPT_EXPR pass (perform const folding).
3.10.2. Executing OPT_MERGE pass (detect identical cells).
3.10.3. Executing OPT_MUXTREE pass (detect dead branches in mux trees).
3.10.4. Executing OPT_REDUCE pass (consolidate $*mux and $reduce_* inputs).
3.10.5. Executing OPT_MERGE pass (detect identical cells).
3.10.6. Executing OPT_DFF pass (perform DFF optimizations).
3.10.7. Executing OPT_CLEAN pass (remove unused cells and wires).
3.10.8. Executing OPT_EXPR pass (perform const folding).
3.10.9. Rerunning OPT passes. (Maybe there is more to do..)
3.10.10. Executing OPT_MUXTREE pass (detect dead branches in mux trees).
3.10.11. Executing OPT_REDUCE pass (consolidate $*mux and $reduce_* inputs).
3.10.12. Executing OPT_MERGE pass (detect identical cells).
3.10.13. Executing OPT_DFF pass (perform DFF optimizations).
3.10.14. Executing OPT_CLEAN pass (remove unused cells and wires).
3.10.15. Executing OPT_EXPR pass (perform const folding).
3.10.16. Rerunning OPT passes. (Maybe there is more to do..)
3.10.17. Executing OPT_MUXTREE pass (detect dead branches in mux trees).
3.10.18. Executing OPT_REDUCE pass (consolidate $*mux and $reduce_* inputs).
3.10.19. Executing OPT_MERGE pass (detect identical cells).
3.10.20. Executing OPT_DFF pass (perform DFF optimizations).
3.10.21. Executing OPT_CLEAN pass (remove unused cells and wires).
3.10.22. Executing OPT_EXPR pass (perform const folding).
3.10.23. Finished fast OPT passes. (There is nothing left to do.)
3.11. Executing WREDUCE pass (reducing word size of cells).
3.12. Executing PEEPOPT pass (run peephole optimizers).
3.13. Executing OPT_CLEAN pass (remove unused cells and wires).
3.14. Executing ALUMACC pass (create $alu and $macc cells).
3.15. Executing SHARE pass (SAT-based resource sharing).
3.16. Executing OPT pass (performing simple optimizations).
3.16.1. Executing OPT_EXPR pass (perform const folding).
3.16.2. Executing OPT_MERGE pass (detect identical cells).
3.16.3. Executing OPT_MUXTREE pass (detect dead branches in mux trees).
3.16.4. Executing OPT_REDUCE pass (consolidate $*mux and $reduce_* inputs).
3.16.5. Executing OPT_MERGE pass (detect identical cells).
3.16.6. Executing OPT_DFF pass (perform DFF optimizations).
3.16.7. Executing OPT_CLEAN pass (remove unused cells and wires).
3.16.8. Executing OPT_EXPR pass (perform const folding).
3.16.9. Rerunning OPT passes. (Maybe there is more to do..)
3.16.10. Executing OPT_MUXTREE pass (detect dead branches in mux trees).
3.16.11. Executing OPT_REDUCE pass (consolidate $*mux and $reduce_* inputs).
3.16.12. Executing OPT_MERGE pass (detect identical cells).
3.16.13. Executing OPT_DFF pass (perform DFF optimizations).
3.16.14. Executing OPT_CLEAN pass (remove unused cells and wires).
3.16.15. Executing OPT_EXPR pass (perform const folding).
3.16.16. Finished fast OPT passes. (There is nothing left to do.)
3.17. Executing MEMORY pass.
3.17.1. Executing OPT_MEM pass (optimize memories).
3.17.2. Executing OPT_MEM_PRIORITY pass (removing unnecessary memory write priority relations).
3.17.3. Executing OPT_MEM_FEEDBACK pass (finding memory read-to-write feedback paths).
3.17.4. Executing MEMORY_BMUX2ROM pass (converting muxes to ROMs).
3.17.5. Executing MEMORY_DFF pass (merging $dff cells to $memrd).
3.17.6. Executing OPT_CLEAN pass (remove unused cells and wires).
3.17.7. Executing MEMORY_SHARE pass (consolidating $memrd/$memwr cells).
3.17.8. Executing OPT_MEM_WIDEN pass (optimize memories where all ports are wide).
3.17.9. Executing OPT_CLEAN pass (remove unused cells and wires).
3.17.10. Executing MEMORY_COLLECT pass (generating $mem cells).
3.18. Executing OPT_CLEAN pass (remove unused cells and wires).
4. Executing SYNTH pass.
4.1. Executing OPT pass (performing simple optimizations).
4.1.1. Executing OPT_EXPR pass (perform const folding).
4.1.2. Executing OPT_MERGE pass (detect identical cells).
4.1.3. Executing OPT_DFF pass (perform DFF optimizations).
4.1.4. Executing OPT_CLEAN pass (remove unused cells and wires).
4.1.5. Finished fast OPT passes.
4.2. Executing MEMORY_MAP pass (converting memories to logic and flip-flops).
4.3. Executing OPT pass (performing simple optimizations).
4.3.1. Executing OPT_EXPR pass (perform const folding).
4.3.2. Executing OPT_MERGE pass (detect identical cells).
4.3.3. Executing OPT_MUXTREE pass (detect dead branches in mux trees).
4.3.4. Executing OPT_REDUCE pass (consolidate $*mux and $reduce_* inputs).
4.3.5. Executing OPT_MERGE pass (detect identical cells).
4.3.6. Executing OPT_SHARE pass.
4.3.7. Executing OPT_DFF pass (perform DFF optimizations).
4.3.8. Executing OPT_CLEAN pass (remove unused cells and wires).
4.3.9. Executing OPT_EXPR pass (perform const folding).
4.3.10. Rerunning OPT passes. (Maybe there is more to do..)
4.3.11. Executing OPT_MUXTREE pass (detect dead branches in mux trees).
4.3.12. Executing OPT_REDUCE pass (consolidate $*mux and $reduce_* inputs).
4.3.13. Executing OPT_MERGE pass (detect identical cells).
4.3.14. Executing OPT_SHARE pass.
4.3.15. Executing OPT_DFF pass (perform DFF optimizations).
4.3.16. Executing OPT_CLEAN pass (remove unused cells and wires).
4.3.17. Executing OPT_EXPR pass (perform const folding).
4.3.18. Rerunning OPT passes. (Maybe there is more to do..)
4.3.19. Executing OPT_MUXTREE pass (detect dead branches in mux trees).
4.3.20. Executing OPT_REDUCE pass (consolidate $*mux and $reduce_* inputs).
4.3.21. Executing OPT_MERGE pass (detect identical cells).
4.3.22. Executing OPT_SHARE pass.
4.3.23. Executing OPT_DFF pass (perform DFF optimizations).
4.3.24. Executing OPT_CLEAN pass (remove unused cells and wires).
4.3.25. Executing OPT_EXPR pass (perform const folding).
4.3.26. Rerunning OPT passes. (Maybe there is more to do..)
4.3.27. Executing OPT_MUXTREE pass (detect dead branches in mux trees).
4.3.28. Executing OPT_REDUCE pass (consolidate $*mux and $reduce_* inputs).
4.3.29. Executing OPT_MERGE pass (detect identical cells).
4.3.30. Executing OPT_SHARE pass.
4.3.31. Executing OPT_DFF pass (perform DFF optimizations).
4.3.32. Executing OPT_CLEAN pass (remove unused cells and wires).
4.3.33. Executing OPT_EXPR pass (perform const folding).
4.3.34. Finished fast OPT passes. (There is nothing left to do.)
4.4. Executing TECHMAP pass (map to technology primitives).
4.4.1. Executing Verilog-2005 frontend: /OpenROAD-flow-scripts/tools/install/yosys/bin/../share/yosys/techmap.v
4.4.2. Executing Verilog-2005 frontend: /OpenROAD-flow-scripts/flow/platforms/common/lcu_kogge_stone.v
4.4.3. Continuing TECHMAP pass.
4.5. Executing OPT pass (performing simple optimizations).
4.5.1. Executing OPT_EXPR pass (perform const folding).
4.5.2. Executing OPT_MERGE pass (detect identical cells).
4.5.3. Executing OPT_DFF pass (perform DFF optimizations).
4.5.4. Executing OPT_CLEAN pass (remove unused cells and wires).
4.5.5. Rerunning OPT passes. (Removed registers in this run.)
4.5.6. Executing OPT_EXPR pass (perform const folding).
4.5.7. Executing OPT_MERGE pass (detect identical cells).
4.5.8. Executing OPT_DFF pass (perform DFF optimizations).
4.5.9. Executing OPT_CLEAN pass (remove unused cells and wires).
4.5.10. Finished fast OPT passes.
4.6. Executing HIERARCHY pass (managing design hierarchy).
4.6.1. Analyzing design hierarchy..
4.6.2. Analyzing design hierarchy..
4.7. Printing statistics.
4.8. Executing CHECK pass (checking for obvious problems).
5. Executing OPT pass (performing simple optimizations).
5.1. Executing OPT_EXPR pass (perform const folding).
5.2. Executing OPT_MERGE pass (detect identical cells).
5.3. Executing OPT_MUXTREE pass (detect dead branches in mux trees).
5.4. Executing OPT_REDUCE pass (consolidate $*mux and $reduce_* inputs).
5.5. Executing OPT_MERGE pass (detect identical cells).
5.6. Executing OPT_DFF pass (perform DFF optimizations).
5.7. Executing OPT_CLEAN pass (remove unused cells and wires).
5.8. Executing OPT_EXPR pass (perform const folding).
5.9. Rerunning OPT passes. (Maybe there is more to do..)
5.10. Executing OPT_MUXTREE pass (detect dead branches in mux trees).
5.11. Executing OPT_REDUCE pass (consolidate $*mux and $reduce_* inputs).
5.12. Executing OPT_MERGE pass (detect identical cells).
5.13. Executing OPT_DFF pass (perform DFF optimizations).
5.14. Executing OPT_CLEAN pass (remove unused cells and wires).
5.15. Executing OPT_EXPR pass (perform const folding).
5.16. Finished fast OPT passes. (There is nothing left to do.)
6. Executing EXTRACT_FA pass (find and extract full/half adders).
7. Executing TECHMAP pass (map to technology primitives).
7.1. Executing Verilog-2005 frontend: /OpenROAD-flow-scripts/flow/platforms/sky130hd/cells_adders_hd.v
7.2. Continuing TECHMAP pass.
8. Executing TECHMAP pass (map to technology primitives).
8.1. Executing Verilog-2005 frontend: /OpenROAD-flow-scripts/tools/install/yosys/bin/../share/yosys/techmap.v
8.2. Continuing TECHMAP pass.
9. Executing OPT pass (performing simple optimizations).
9.1. Executing OPT_EXPR pass (perform const folding).
9.2. Executing OPT_MERGE pass (detect identical cells).
9.3. Executing OPT_DFF pass (perform DFF optimizations).
9.4. Executing OPT_CLEAN pass (remove unused cells and wires).
9.5. Finished fast OPT passes.
10. Executing DFFLEGALIZE pass (convert FFs to types supported by the target).
11. Executing TECHMAP pass (map to technology primitives).
11.1. Executing Verilog-2005 frontend: /OpenROAD-flow-scripts/flow/platforms/sky130hd/cells_latch_hd.v
11.2. Continuing TECHMAP pass.
12. Executing DFFLIBMAP pass (mapping DFF cells to sequential cells from liberty file).
12.1. Executing DFFLEGALIZE pass (convert FFs to types supported by the target).
13. Executing OPT pass (performing simple optimizations).
13.1. Executing OPT_EXPR pass (perform const folding).
13.2. Executing OPT_MERGE pass (detect identical cells).
13.3. Executing OPT_MUXTREE pass (detect dead branches in mux trees).
13.4. Executing OPT_REDUCE pass (consolidate $*mux and $reduce_* inputs).
13.5. Executing OPT_MERGE pass (detect identical cells).
13.6. Executing OPT_DFF pass (perform DFF optimizations).
13.7. Executing OPT_CLEAN pass (remove unused cells and wires).
13.8. Executing OPT_EXPR pass (perform const folding).
13.9. Finished fast OPT passes. (There is nothing left to do.)
14. Executing SETUNDEF pass (replace undef values with defined constants).
abc -script /OpenROAD-flow-scripts/flow/scripts/abc_speed.script -liberty /OpenROAD-flow-scripts/flow/platforms/sky130hd/lib/sky130_fd_sc_hd__tt_025C_1v80.lib -dont_use sky130_fd_sc_hd__probe_p_8 -dont_use sky130_fd_sc_hd__probec_p_8 -dont_use sky130_fd_sc_hd__lpflow_bleeder_1 -dont_use sky130_fd_sc_hd__lpflow_clkbufkapwr_1 -dont_use sky130_fd_sc_hd__lpflow_clkbufkapwr_16 -dont_use sky130_fd_sc_hd__lpflow_clkbufkapwr_2 -dont_use sky130_fd_sc_hd__lpflow_clkbufkapwr_4 -dont_use sky130_fd_sc_hd__lpflow_clkbufkapwr_8 -dont_use sky130_fd_sc_hd__lpflow_clkinvkapwr_1 -dont_use sky130_fd_sc_hd__lpflow_clkinvkapwr_16 -dont_use sky130_fd_sc_hd__lpflow_clkinvkapwr_2 -dont_use sky130_fd_sc_hd__lpflow_clkinvkapwr_4 -dont_use sky130_fd_sc_hd__lpflow_clkinvkapwr_8 -dont_use sky130_fd_sc_hd__lpflow_decapkapwr_12 -dont_use sky130_fd_sc_hd__lpflow_decapkapwr_3 -dont_use sky130_fd_sc_hd__lpflow_decapkapwr_4 -dont_use sky130_fd_sc_hd__lpflow_decapkapwr_6 -dont_use sky130_fd_sc_hd__lpflow_decapkapwr_8 -dont_use sky130_fd_sc_hd__lpflow_inputiso0n_1 -dont_use sky130_fd_sc_hd__lpflow_inputiso0p_1 -dont_use sky130_fd_sc_hd__lpflow_inputiso1n_1 -dont_use sky130_fd_sc_hd__lpflow_inputiso1p_1 -dont_use sky130_fd_sc_hd__lpflow_inputisolatch_1 -dont_use sky130_fd_sc_hd__lpflow_isobufsrc_1 -dont_use sky130_fd_sc_hd__lpflow_isobufsrc_16 -dont_use sky130_fd_sc_hd__lpflow_isobufsrc_2 -dont_use sky130_fd_sc_hd__lpflow_isobufsrc_4 -dont_use sky130_fd_sc_hd__lpflow_isobufsrc_8 -dont_use sky130_fd_sc_hd__lpflow_isobufsrckapwr_16 -dont_use sky130_fd_sc_hd__lpflow_lsbuf_lh_hl_isowell_tap_1 -dont_use sky130_fd_sc_hd__lpflow_lsbuf_lh_hl_isowell_tap_2 -dont_use sky130_fd_sc_hd__lpflow_lsbuf_lh_hl_isowell_tap_4 -dont_use sky130_fd_sc_hd__lpflow_lsbuf_lh_isowell_4 -dont_use sky130_fd_sc_hd__lpflow_lsbuf_lh_isowell_tap_1 -dont_use sky130_fd_sc_hd__lpflow_lsbuf_lh_isowell_tap_2 -dont_use sky130_fd_sc_hd__lpflow_lsbuf_lh_isowell_tap_4 -constr ./objects/sky130hd/d_nw01_nolat/base/abc.constr -D 6000
15. Executing ABC pass (technology mapping using ABC).
15.1. Extracting gate netlist of module `\axi4_xbar' to `<abc-temp-dir>/input.blif'..
15.1.1. Executed ABC.
15.1.2. Re-integrating ABC results.
Took 6 seconds: abc -script /OpenROAD-flow-scripts/flow/scripts/abc_speed.script -liberty /OpenROAD-flow-scripts/flow/platforms/sky130hd/lib/sky130_fd_sc_hd__tt_025C_1v80.lib -dont_use sky130_fd_sc_hd__probe_p_8 -dont_use sky130_fd_sc_hd__probec_p_8 -dont_use sky130_fd_sc_hd__lpflow_bleeder_1 -dont_use sky130_fd_sc_hd__lpflow_clkbufkapwr_1 -dont_use sky130_fd_sc_hd__lpflow_clkbufkapwr_16 -dont_use sky130_fd_sc_hd__lpflow_clkbufkapwr_2 -dont_use sky130_fd_sc_hd__lpflow_clkbufkapwr_4 -dont_use sky130_fd_sc_hd__lpflow_clkbufkapwr_8 -dont_use sky130_fd_sc_hd__lpflow_clkinvkapwr_1 -dont_use sky130_fd_sc_hd__lpflow_clkinvkapwr_16 -dont_use sky130_fd_sc_hd__lpflow_clkinvkapwr_2 -dont_use sky130_fd_sc_hd__lpflow_clkinvkapwr_4 -dont_use sky130_fd_sc_hd__lpflow_clkinvkapwr_8 -dont_use sky130_fd_sc_hd__lpflow_decapkapwr_12 -dont_use sky130_fd_sc_hd__lpflow_decapkapwr_3 -dont_use sky130_fd_sc_hd__lpflow_decapkapwr_4 -dont_use sky130_fd_sc_hd__lpflow_decapkapwr_6 -dont_use sky130_fd_sc_hd__lpflow_decapkapwr_8 -dont_use sky130_fd_sc_hd__lpflow_inputiso0n_1 -dont_use sky130_fd_sc_hd__lpflow_inputiso0p_1 -dont_use sky130_fd_sc_hd__lpflow_inputiso1n_1 -dont_use sky130_fd_sc_hd__lpflow_inputiso1p_1 -dont_use sky130_fd_sc_hd__lpflow_inputisolatch_1 -dont_use sky130_fd_sc_hd__lpflow_isobufsrc_1 -dont_use sky130_fd_sc_hd__lpflow_isobufsrc_16 -dont_use sky130_fd_sc_hd__lpflow_isobufsrc_2 -dont_use sky130_fd_sc_hd__lpflow_isobufsrc_4 -dont_use sky130_fd_sc_hd__lpflow_isobufsrc_8 -dont_use sky130_fd_sc_hd__lpflow_isobufsrckapwr_16 -dont_use sky130_fd_sc_hd__lpflow_lsbuf_lh_hl_isowell_tap_1 -dont_use sky130_fd_sc_hd__lpflow_lsbuf_lh_hl_isowell_tap_2 -dont_use sky130_fd_sc_hd__lpflow_lsbuf_lh_hl_isowell_tap_4 -dont_use sky130_fd_sc_hd__lpflow_lsbuf_lh_isowell_4 -dont_use sky130_fd_sc_hd__lpflow_lsbuf_lh_isowell_tap_1 -dont_use sky130_fd_sc_hd__lpflow_lsbuf_lh_isowell_tap_2 -dont_use sky130_fd_sc_hd__lpflow_lsbuf_lh_isowell_tap_4 -constr ./objects/sky130hd/d_nw01_nolat/base/abc.constr -D 6000
16. Executing SPLITNETS pass (splitting up multi-bit signals).
17. Executing OPT_CLEAN pass (remove unused cells and wires).
18. Executing HILOMAP pass (mapping to constant drivers).
19. Executing INSBUF pass (insert buffer cells for connected wires).
20. Executing CHECK pass (checking for obvious problems).
21. Printing statistics.
22. Executing CHECK pass (checking for obvious problems).
23. Executing Verilog backend.
23.1. Executing BMUXMAP pass.
23.2. Executing DEMUXMAP pass.
End of script. Logfile hash: 7edf75a689, time: 14.26s, user: 8.64s, system: 0.14s, MEM: 164.91 MB peak
Yosys 0.68+post (git sha1 UNKNOWN, Release, GNU /usr/local/bin/wrapped-cc/g++ 11.4.0)
Time spent: 39% 1x abc (5 sec), 29% 1x extract_fa (4 sec), ...
Elapsed time: 0:14.33[h:]min:sec. CPU time: user 14.32 sys 0.17 (101%). Peak memory: 173968KB.
Log                       Ext     Elapsed/s Peak Memory/MB sha1sum result [0:20)
1_2_yosys                 .v             14            169 3bc3859b584c2ac7bb69
cp /work/domains/networking/design/d_nw01_axi4_xbar/orfs/constraint.sdc ./results/sky130hd/d_nw01_nolat/base/1_2_yosys.sdc
OpenROAD 26Q3-1080-gab6fd26351 
Features included (+) or not (-): +GPU +GUI +Python
This program is licensed under the BSD-3 license. See the LICENSE file for details.
Components of this program may be licensed under more restrictive licenses which must be honored.
[INFO ORD-0030] Using 10 thread(s).
mkdir -p ./objects/sky130hd/d_nw01_nolat/base
/OpenROAD-flow-scripts/flow/scripts/flow.sh 1_synth synth_odb
Running synth_odb.tcl, stage 1_synth
read_liberty /OpenROAD-flow-scripts/flow/platforms/sky130hd/lib/sky130_fd_sc_hd__tt_025C_1v80.lib
[INFO ODB-0227] LEF file: /OpenROAD-flow-scripts/flow/platforms/sky130hd/lef/sky130_fd_sc_hd.tlef, created 13 layers, 25 vias
[INFO ODB-0227] LEF file: /OpenROAD-flow-scripts/flow/platforms/sky130hd/lef/sky130_fd_sc_hd_merged.lef, created 441 library cells
link_design axi4_xbar
read_sdc ./results/sky130hd/d_nw01_nolat/base/1_2_yosys.sdc
source /OpenROAD-flow-scripts/flow/platforms/sky130hd/setRC.tcl
eliminate_dead_logic
Removed 0 unused instances and 0 unused nets.
Design area 59209 um^2 100% utilization.
write_db ./results/sky130hd/d_nw01_nolat/base/1_synth.odb
write_sdc -no_timestamp ./results/sky130hd/d_nw01_nolat/base/1_synth.sdc
Elapsed time: 0:00.74[h:]min:sec. CPU time: user 0.66 sys 0.04 (93%). Peak memory: 164740KB.
Log                       Ext     Elapsed/s Peak Memory/MB sha1sum result [0:20)
1_synth                   .odb            0            160 65bc3b7a2b70b164590e
1_synth                   .sdc                             41fe9ce301a07016348e
/OpenROAD-flow-scripts/flow/scripts/flow.sh 2_1_floorplan floorplan
Running floorplan.tcl, stage 2_1_floorplan
read_liberty /OpenROAD-flow-scripts/flow/platforms/sky130hd/lib/sky130_fd_sc_hd__tt_025C_1v80.lib
read_db ./results/sky130hd/d_nw01_nolat/base/1_synth.odb
read_sdc ./results/sky130hd/d_nw01_nolat/base/1_synth.sdc
source /OpenROAD-flow-scripts/flow/platforms/sky130hd/setRC.tcl
Master sky130_ef_sc_hd__decap_12 is loaded but not used in the design

==========================================================================
Floorplan check_setup
--------------------------------------------------------------------------
number instances in verilog is 6353
[INFO IFP-0107] Defining die area using utilization: 10.00% and aspect ratio: 1.
[WARNING IFP-0028] Core area lower left (1.000, 1.000) snapped to (1.380, 2.720).
[INFO IFP-0001] Added 282 rows of 1671 site unithd.
[INFO IFP-0100] Die BBox:  (  0.000  0.000 ) ( 771.475 771.475 ) um
[INFO IFP-0101] Core BBox: (  1.380  2.720 ) ( 770.040 769.760 ) um
[INFO IFP-0102] Core area:                       589592.966 um^2
[INFO IFP-0103] Total instances area:             59209.286 um^2
[INFO IFP-0104] Effective utilization:                0.100
[INFO IFP-0105] Number of instances:                   6353
source /OpenROAD-flow-scripts/flow/platforms/sky130hd/make_tracks.tcl
source /OpenROAD-flow-scripts/flow/platforms/sky130hd/fastroute.tcl
Repair tie lo fanout...
[INFO RSZ-0042] Inserted 4 tie sky130_fd_sc_hd__conb_1 instances.
Repair tie hi fanout...
repair_timing -setup_margin 0 -hold_margin 0 -repair_tns 100 -match_cell_footprint -setup -skip_last_gasp -sequence unbuffer,sizeup,swap,vt_swap -verbose
[WARNING EST-0027] no estimated parasitics. Using wire load models.
[INFO RSZ-0100] Repair move sequence: UnbufferMove SizeUpMove SwapPinsMove 
[INFO RSZ-0094] Found 9 endpoints with setup violations.
[INFO RSZ-0099] Repairing 9 out of 9 (100.00%) violating endpoints...
   Iter   | Removed | Resized | Inserted | Cloned |  Pin  |   Area   |    WNS   |   StTNS    |   EnTNS    |  Viol  |  Worst  
          | Buffers |  Gates  | Buffers  |  Gates | Swaps |          |          |            |            | Endpts | St/EnPt 
------------------------------------------------------------------------------------------------------------------------------
       0* |       0 |       0 |        0 |      0 |     0 |    +0.0% |   -0.066 |      -12.0 |       -0.4 |      9 | u_xbar.i_xbar_unmuxed.gen_slv_port_demux\[0\].i_axi_demux.i_demux_simple.genblk1.gen_ar_id_counter.i_ar_id_counter.gen_counters\[8\].i_in_flight_cnt.counter_q\[3\]$_DFFE_PN0P_/D
       2* |       0 |       1 |        0 |      0 |     0 |    +0.0% |   -0.000 |      -11.9 |       -0.0 |      9 | u_xbar.i_xbar_unmuxed.gen_slv_port_demux\[1\].i_axi_demux.i_demux_simple.genblk1.gen_ar_id_counter.i_ar_id_counter.gen_counters\[8\].i_in_flight_cnt.counter_q\[3\]$_DFFE_PN0P_/D
       3* |       0 |       1 |        0 |      0 |     0 |    +0.0% |   -0.000 |      -11.9 |       -0.0 |      9 | u_xbar.i_xbar_unmuxed.gen_slv_port_demux\[1\].i_axi_demux.i_demux_simple.genblk1.gen_ar_id_counter.i_ar_id_counter.gen_counters\[8\].i_in_flight_cnt.counter_q\[3\]$_DFFE_PN0P_/D
       4* |       0 |       1 |        0 |      0 |     0 |    +0.0% |   -0.000 |      -11.9 |       -0.0 |      9 | u_xbar.i_xbar_unmuxed.gen_slv_port_demux\[1\].i_axi_demux.i_demux_simple.genblk1.gen_ar_id_counter.i_ar_id_counter.gen_counters\[8\].i_in_flight_cnt.counter_q\[3\]$_DFFE_PN0P_/D
       5* |       0 |       1 |        0 |      0 |     0 |    +0.0% |   -0.000 |      -11.9 |       -0.0 |      9 | u_xbar.i_xbar_unmuxed.gen_slv_port_demux\[1\].i_axi_demux.i_demux_simple.genblk1.gen_ar_id_counter.i_ar_id_counter.gen_counters\[8\].i_in_flight_cnt.counter_q\[3\]$_DFFE_PN0P_/D
       6* |       0 |       1 |        0 |      0 |     0 |    +0.0% |   -0.000 |      -11.9 |       -0.0 |      9 | u_xbar.i_xbar_unmuxed.gen_slv_port_demux\[1\].i_axi_demux.i_demux_simple.genblk1.gen_ar_id_counter.i_ar_id_counter.gen_counters\[8\].i_in_flight_cnt.counter_q\[3\]$_DFFE_PN0P_/D
       7* |       0 |       1 |        0 |      0 |     0 |    +0.0% |   -0.000 |      -11.9 |       -0.0 |      9 | u_xbar.i_xbar_unmuxed.gen_slv_port_demux\[1\].i_axi_demux.i_demux_simple.genblk1.gen_ar_id_counter.i_ar_id_counter.gen_counters\[8\].i_in_flight_cnt.counter_q\[3\]$_DFFE_PN0P_/D
       8* |       0 |       1 |        0 |      0 |     0 |    +0.0% |   -0.000 |      -11.9 |       -0.0 |      9 | u_xbar.i_xbar_unmuxed.gen_slv_port_demux\[1\].i_axi_demux.i_demux_simple.genblk1.gen_ar_id_counter.i_ar_id_counter.gen_counters\[8\].i_in_flight_cnt.counter_q\[3\]$_DFFE_PN0P_/D
       9* |       0 |       1 |        0 |      0 |     0 |    +0.0% |   -0.000 |      -11.9 |       -0.0 |      9 | u_xbar.i_xbar_unmuxed.gen_slv_port_demux\[1\].i_axi_demux.i_demux_simple.genblk1.gen_ar_id_counter.i_ar_id_counter.gen_counters\[8\].i_in_flight_cnt.counter_q\[3\]$_DFFE_PN0P_/D
      10* |       0 |       1 |        0 |      0 |     0 |    +0.0% |   -0.000 |      -11.9 |       -0.0 |      9 | u_xbar.i_xbar_unmuxed.gen_slv_port_demux\[1\].i_axi_demux.i_demux_simple.genblk1.gen_ar_id_counter.i_ar_id_counter.gen_counters\[8\].i_in_flight_cnt.counter_q\[3\]$_DFFE_PN0P_/D
      11* |       0 |       2 |        0 |      0 |     0 |    +0.0% |    0.022 |      -11.9 |        0.0 |      9 | u_xbar.i_xbar_unmuxed.gen_slv_port_demux\[0\].i_axi_demux.i_demux_simple.genblk1.gen_ar_id_counter.i_ar_id_counter.gen_counters\[8\].i_in_flight_cnt.counter_q\[3\]$_DFFE_PN0P_/D
      11* |       0 |       2 |        0 |      0 |     0 |    +0.0% |    0.022 |      -11.9 |        0.0 |      9 | u_xbar.i_xbar_unmuxed.gen_slv_port_demux\[0\].i_axi_demux.i_demux_simple.genblk1.gen_ar_id_counter.i_ar_id_counter.gen_counters\[8\].i_in_flight_cnt.counter_q\[3\]$_DFFE_PN0P_/D
    final |       0 |       2 |        0 |      0 |     0 |    +0.0% |    0.022 |      -11.9 |        0.0 |      0 | u_xbar.i_xbar_unmuxed.gen_slv_port_demux\[0\].i_axi_demux.i_demux_simple.genblk1.gen_ar_id_counter.i_ar_id_counter.gen_counters\[8\].i_in_flight_cnt.counter_q\[3\]$_DFFE_PN0P_/D
------------------------------------------------------------------------------------------------------------------------------
[INFO RSZ-0051] Resized 2 instances: 2 up, 0 up match, 0 down, 0 VT
[INFO RSZ-0505] Runtime: 0.20s
Default units for flow
 time 1ns
 capacitance 1pF
 resistance 1kohm
 voltage 1v
 current 1mA
 power 1nW
 distance 1um
   Layer   | Unit Resistance | Unit Capacitance 
           |       (kohm/um) |          (pF/um)
------------------------------------------------
       li1 |        7.18e-02 |         1.50e-04
      met1 |        1.21e-03 |         1.72e-04
      met2 |        1.22e-03 |         1.36e-04
      met3 |        1.66e-04 |         2.15e-04
      met4 |        1.68e-04 |         1.48e-04
      met5 |        1.84e-05 |         1.54e-04
------------------------------------------------

   Layer   | Via Resistance 
           |         (kohm) 
----------------------------
      mcon |       9.25e-03 
       via |       4.50e-03 
      via2 |       3.37e-03 
      via3 |       3.77e-04 
      via4 |       5.80e-06 
----------------------------
Report metrics stage 2, floorplan final...

==========================================================================
floorplan final report_design_area
--------------------------------------------------------------------------
Design area 59229 um^2 10% utilization.
write_db ./results/sky130hd/d_nw01_nolat/base/2_1_floorplan.odb
write_sdc -no_timestamp ./results/sky130hd/d_nw01_nolat/base/2_1_floorplan.sdc
Elapsed time: 0:01.78[h:]min:sec. CPU time: user 1.96 sys 0.17 (119%). Peak memory: 212248KB.
Log                       Ext     Elapsed/s Peak Memory/MB sha1sum result [0:20)
2_1_floorplan             .odb            1            207 7a71540676b6cee1bab4
2_1_floorplan             .sdc                             41fe9ce301a07016348e
/OpenROAD-flow-scripts/flow/scripts/flow.sh 2_2_floorplan_macro macro_place
Running macro_place.tcl, stage 2_2_floorplan_macro
read_liberty /OpenROAD-flow-scripts/flow/platforms/sky130hd/lib/sky130_fd_sc_hd__tt_025C_1v80.lib
read_db ./results/sky130hd/d_nw01_nolat/base/2_1_floorplan.odb
read_sdc ./results/sky130hd/d_nw01_nolat/base/2_1_floorplan.sdc
source /OpenROAD-flow-scripts/flow/platforms/sky130hd/setRC.tcl
No macros found: Skipping macro_placement
Design area 59229 um^2 10% utilization.
write_db ./results/sky130hd/d_nw01_nolat/base/2_2_floorplan_macro.odb
Elapsed time: 0:00.63[h:]min:sec. CPU time: user 0.58 sys 0.02 (95%). Peak memory: 155800KB.
Log                       Ext     Elapsed/s Peak Memory/MB sha1sum result [0:20)
2_2_floorplan_macro       .odb            0            152 7a71540676b6cee1bab4
/OpenROAD-flow-scripts/flow/scripts/flow.sh 2_3_floorplan_tapcell tapcell
Running tapcell.tcl, stage 2_3_floorplan_tapcell
read_liberty /OpenROAD-flow-scripts/flow/platforms/sky130hd/lib/sky130_fd_sc_hd__tt_025C_1v80.lib
read_db ./results/sky130hd/d_nw01_nolat/base/2_2_floorplan_macro.odb
read_sdc ./results/sky130hd/d_nw01_nolat/base/2_1_floorplan.sdc
source /OpenROAD-flow-scripts/flow/platforms/sky130hd/setRC.tcl
[INFO TAP-0005] Inserted 7810 tapcells.
Design area 69001 um^2 12% utilization.
write_db ./results/sky130hd/d_nw01_nolat/base/2_3_floorplan_tapcell.odb
Elapsed time: 0:00.64[h:]min:sec. CPU time: user 0.58 sys 0.03 (95%). Peak memory: 156296KB.
Log                       Ext     Elapsed/s Peak Memory/MB sha1sum result [0:20)
2_3_floorplan_tapcell     .odb            0            152 504e8b18b482588db593
/OpenROAD-flow-scripts/flow/scripts/flow.sh 2_4_floorplan_pdn pdn
Running pdn.tcl, stage 2_4_floorplan_pdn
read_liberty /OpenROAD-flow-scripts/flow/platforms/sky130hd/lib/sky130_fd_sc_hd__tt_025C_1v80.lib
read_db ./results/sky130hd/d_nw01_nolat/base/2_3_floorplan_tapcell.odb
read_sdc ./results/sky130hd/d_nw01_nolat/base/2_1_floorplan.sdc
source /OpenROAD-flow-scripts/flow/platforms/sky130hd/setRC.tcl
[WARNING PDN-1051] No instances found for grid (CORE_macro_grid_1).
[WARNING PDN-1051] No instances found for grid (CORE_macro_grid_2).
[INFO PDN-0001] Inserting grid: grid
[INFO PDN-0500] Runtime: 0.19s
Design area 69001 um^2 12% utilization.
write_db ./results/sky130hd/d_nw01_nolat/base/2_4_floorplan_pdn.odb
Elapsed time: 0:01.03[h:]min:sec. CPU time: user 0.96 sys 0.04 (96%). Peak memory: 190296KB.
Log                       Ext     Elapsed/s Peak Memory/MB sha1sum result [0:20)
2_4_floorplan_pdn         .odb            1            185 4bf6871195f94b6f0ff2
cp ./results/sky130hd/d_nw01_nolat/base/2_4_floorplan_pdn.odb ./results/sky130hd/d_nw01_nolat/base/2_floorplan.odb
cp ./results/sky130hd/d_nw01_nolat/base/2_1_floorplan.sdc ./results/sky130hd/d_nw01_nolat/base/2_floorplan.sdc
/OpenROAD-flow-scripts/flow/scripts/flow.sh 3_1_place_gp_skip_io global_place_skip_io
Running global_place_skip_io.tcl, stage 3_1_place_gp_skip_io
read_liberty /OpenROAD-flow-scripts/flow/platforms/sky130hd/lib/sky130_fd_sc_hd__tt_025C_1v80.lib
read_db ./results/sky130hd/d_nw01_nolat/base/2_floorplan.odb
read_sdc ./results/sky130hd/d_nw01_nolat/base/2_floorplan.sdc
source /OpenROAD-flow-scripts/flow/platforms/sky130hd/setRC.tcl
global_placement -skip_io -density 0.5 -pad_left 0 -pad_right 0
[INFO GPL-0001] ---- Initialize GPL Main Data Structures
[INFO GPL-0002] DBU: 1000
[INFO GPL-0003] SiteSize: (  0.460  2.720 ) um
[INFO GPL-0004] CoreBBox: (  1.380  2.720 ) ( 770.040 769.760 ) um
[INFO GPL-0016] Core area:                  589592.966 um^2
[INFO GPL-0036] Movable instances area:      59229.306 um^2
[INFO GPL-0037] Total instances area:        69001.178 um^2
[INFO GPL-0035] Pin density area adjust:      2647.203 um^2
[INFO GPL-0032] ---- Initialize Region: Top-level
[INFO GPL-0006] Number of instances:             14166
[INFO GPL-0007] Movable instances:                6356
[INFO GPL-0008] Fixed instances:                  7810
[INFO GPL-0009] Dummy instances:                     0
[INFO GPL-0010] Number of nets:                   8032
[INFO GPL-0011] Number of pins:                  23267
[INFO GPL-0012] Die BBox:       (  0.000  0.000 ) ( 771.475 771.475 ) um
[INFO GPL-0013] Placement BBox: (  1.380  2.720 ) ( 770.040 769.760 ) um
[INFO GPL-0014] Region name: top-level.
[INFO GPL-0015] Region area:                589592.966 um^2
[INFO GPL-0017] Fixed instances area:         9771.872 um^2
[INFO GPL-0018] Movable instances area:      61876.508 um^2
[INFO GPL-0019] Utilization:                    10.672 %
[INFO GPL-0020] Standard cells area:         61876.508 um^2
[INFO GPL-0021] Large instances area:            0.000 um^2
[INFO GPL-0005] ---- Execute Conjugate Gradient Initial Placement.
[INFO GPL-0051] Source of initial instance position counters:
	Odb location = 0	Core center = 6356	Region center = 0
[INFO GPL-0033] ---- Initialize Nesterov Region: Top-level
[INFO GPL-0023] Placement target density:       0.5000
[INFO GPL-0024] Movable insts average area:      9.735 um^2
[INFO GPL-0025] Ideal bin area:                 19.470 um^2
[INFO GPL-0026] Ideal bin count:                 30281
[INFO GPL-0027] Total bin area:             589592.966 um^2
[INFO GPL-0028] Bin count (X, Y):         128 ,    128
[INFO GPL-0029] Bin size (W * H):       6.005 *  5.992 um
[INFO GPL-0030] Number of bins:                  16384
[INFO GPL-0084] ---- Execute Nesterov Global Placement.
[INFO GPL-0031] HPWL: Half-Perimeter Wirelength
Iteration | Overflow |     HPWL (um) |  HPWL(%) |   Penalty | Group
---------------------------------------------------------------
        0 |   0.9987 |  1.426932e+04 |   +0.00% |  9.90e-16 |      
       10 |   0.9976 |  1.186292e+04 |  -16.86% |  1.61e-15 |      
       20 |   0.9976 |  1.176686e+04 |   -0.81% |  2.63e-15 |      
       30 |   0.9976 |  1.175506e+04 |   -0.10% |  4.28e-15 |      
       40 |   0.9976 |  1.175570e+04 |   +0.01% |  6.97e-15 |      
       50 |   0.9976 |  1.175528e+04 |   -0.00% |  1.14e-14 |      
       60 |   0.9976 |  1.175752e+04 |   +0.02% |  1.85e-14 |      
       70 |   0.9976 |  1.176533e+04 |   +0.07% |  3.01e-14 |      
       80 |   0.9976 |  1.178114e+04 |   +0.13% |  4.91e-14 |      
       90 |   0.9976 |  1.181325e+04 |   +0.27% |  7.99e-14 |      
      100 |   0.9976 |  1.187858e+04 |   +0.55% |  1.30e-13 |      
      110 |   0.9976 |  1.201924e+04 |   +1.18% |  2.12e-13 |      
      120 |   0.9967 |  1.235213e+04 |   +2.77% |  3.45e-13 |      
      130 |   0.9934 |  1.320069e+04 |   +6.87% |  5.63e-13 |      
      140 |   0.9900 |  1.490696e+04 |  +12.93% |  9.16e-13 |      
      150 |   0.9828 |  1.766167e+04 |  +18.48% |  1.49e-12 |      
      160 |   0.9713 |  2.109108e+04 |  +19.42% |  2.43e-12 |      
      170 |   0.9554 |  2.466275e+04 |  +16.93% |  3.96e-12 |      
      180 |   0.9406 |  2.864765e+04 |  +16.16% |  6.44e-12 |      
      190 |   0.9206 |  3.330762e+04 |  +16.27% |  1.05e-11 |      
      200 |   0.8957 |  3.784157e+04 |  +13.61% |  1.71e-11 |      
      210 |   0.8693 |  4.139351e+04 |   +9.39% |  2.78e-11 |      
      220 |   0.8513 |  4.477425e+04 |   +8.17% |  4.53e-11 |      
      230 |   0.8251 |  5.102483e+04 |  +13.96% |  7.37e-11 |      
      240 |   0.7903 |  5.788443e+04 |  +13.44% |  1.20e-10 |      
      250 |   0.7603 |  6.196003e+04 |   +7.04% |  1.95e-10 |      
      260 |   0.7231 |  6.820528e+04 |  +10.08% |  3.18e-10 |      
      270 |   0.6876 |  7.150369e+04 |   +4.84% |  5.18e-10 |      
      280 |   0.6510 |  7.704977e+04 |   +7.76% |  8.43e-10 |      
      290 |   0.6128 |  8.072509e+04 |   +4.77% |  1.37e-09 |      
      300 |   0.5792 |  8.518754e+04 |   +5.53% |  2.23e-09 |      
      310 |   0.5373 |  9.025646e+04 |   +5.95% |  3.64e-09 |      
      320 |   0.4974 |  9.399623e+04 |   +4.14% |  5.92e-09 |      
      330 |   0.4595 |  9.676161e+04 |   +2.94% |  9.64e-09 |      
      340 |   0.4190 |  9.882821e+04 |   +2.14% |  1.57e-08 |      
      350 |   0.3779 |  1.007478e+05 |   +1.94% |  2.56e-08 |      
      360 |   0.3422 |  1.017841e+05 |   +1.03% |  4.08e-08 |      
      370 |   0.3131 |  1.029431e+05 |   +1.14% |  6.01e-08 |      
      380 |   0.2767 |  1.039796e+05 |   +1.01% |  8.86e-08 |      
      390 |   0.2422 |  1.049867e+05 |   +0.97% |  1.30e-07 |      
      400 |   0.2094 |  1.057640e+05 |   +0.74% |  1.92e-07 |      
      410 |   0.1807 |  1.064468e+05 |   +0.65% |  2.83e-07 |      
      420 |   0.1550 |  1.071751e+05 |   +0.68% |  4.17e-07 |      
      430 |   0.1315 |  1.081711e+05 |   +0.93% |  6.14e-07 |      
      440 |   0.1116 |  1.092033e+05 |   +0.95% |  9.05e-07 |      
      448 |   0.0998 |  1.099261e+05 |          |  1.28e-06 |      
---------------------------------------------------------------
[INFO GPL-1001] Global placement finished at iteration 448
[INFO GPL-1002] Placed Cell Area            61876.5083
[INFO GPL-1003] Available Free Area         579821.0944
[INFO GPL-1004] Minimum Feasible Density        0.1100 (cell_area / free_area)
[INFO GPL-1006]   Suggested Target Densities:
[INFO GPL-1007]     - For 90% usage of free space: 0.1186
[INFO GPL-1008]     - For 80% usage of free space: 0.1334
[INFO GPL-1009]     - For 50% usage of free space: 0.2134
[INFO GPL-1014] Final placement area: 61876.51 (+0.00%)
Design area 69001 um^2 12% utilization.
write_db ./results/sky130hd/d_nw01_nolat/base/3_1_place_gp_skip_io.odb
Elapsed time: 0:03.25[h:]min:sec. CPU time: user 10.00 sys 0.23 (314%). Peak memory: 181040KB.
Log                       Ext     Elapsed/s Peak Memory/MB sha1sum result [0:20)
3_1_place_gp_skip_io      .odb            3            176 df119d43e32e7c0cf86c
/OpenROAD-flow-scripts/flow/scripts/flow.sh 3_2_place_iop io_placement
Running io_placement.tcl, stage 3_2_place_iop
read_liberty /OpenROAD-flow-scripts/flow/platforms/sky130hd/lib/sky130_fd_sc_hd__tt_025C_1v80.lib
read_db ./results/sky130hd/d_nw01_nolat/base/3_1_place_gp_skip_io.odb
read_sdc ./results/sky130hd/d_nw01_nolat/base/2_floorplan.sdc
source /OpenROAD-flow-scripts/flow/platforms/sky130hd/setRC.tcl
place_pins -hor_layers met3 -ver_layers met2
Found 0 macro blocks.
Using 2 tracks default min distance between IO pins.
[INFO PPL-0001] Number of available slots 2800
[INFO PPL-0002] Number of I/O             1356
[INFO PPL-0003] Number of I/O w/sink      1348
[INFO PPL-0004] Number of I/O w/o sink    8
[INFO PPL-0005] Slots per section         200
[INFO PPL-0008] Successfully assigned pins to sections.
[INFO PPL-0012] I/O nets HPWL: 422644.66 um.
Design area 69001 um^2 12% utilization.
write_db ./results/sky130hd/d_nw01_nolat/base/3_2_place_iop.odb
Elapsed time: 0:00.85[h:]min:sec. CPU time: user 0.77 sys 0.03 (95%). Peak memory: 169896KB.
Log                       Ext     Elapsed/s Peak Memory/MB sha1sum result [0:20)
3_2_place_iop             .odb            0            165 cfde6dec7f9a27763572
/OpenROAD-flow-scripts/flow/scripts/flow.sh 3_3_place_gp global_place
Running global_place.tcl, stage 3_3_place_gp
read_liberty /OpenROAD-flow-scripts/flow/platforms/sky130hd/lib/sky130_fd_sc_hd__tt_025C_1v80.lib
read_db ./results/sky130hd/d_nw01_nolat/base/3_2_place_iop.odb
read_sdc ./results/sky130hd/d_nw01_nolat/base/2_floorplan.sdc
source /OpenROAD-flow-scripts/flow/platforms/sky130hd/setRC.tcl
[INFO RSZ-0026] Removed 233 buffers.
Perform port buffering...
[INFO RSZ-0027] Inserted 737 sky130_fd_sc_hd__clkdlybuf4s50_1 input buffers.
[INFO RSZ-0028] Inserted 606 sky130_fd_sc_hd__clkdlybuf4s50_1 output buffers.
global_placement -density 0.5 -pad_left 0 -pad_right 0 -routability_driven -timing_driven -force_center_initial_place -min_phi_coef 0.95 -max_phi_coef 1.05
[INFO GPL-0001] ---- Initialize GPL Main Data Structures
[INFO GPL-0002] DBU: 1000
[INFO GPL-0003] SiteSize: (  0.460  2.720 ) um
[INFO GPL-0004] CoreBBox: (  1.380  2.720 ) ( 770.040 769.760 ) um
[INFO GPL-0016] Core area:                  589592.966 um^2
[INFO GPL-0036] Movable instances area:      71644.963 um^2
[INFO GPL-0037] Total instances area:        81416.835 um^2
[INFO GPL-0035] Pin density area adjust:      3759.010 um^2
[INFO GPL-0032] ---- Initialize Region: Top-level
[INFO GPL-0006] Number of instances:             15276
[INFO GPL-0007] Movable instances:                7466
[INFO GPL-0008] Fixed instances:                  7810
[INFO GPL-0009] Dummy instances:                     0
[INFO GPL-0010] Number of nets:                   9142
[INFO GPL-0011] Number of pins:                  26843
[INFO GPL-0012] Die BBox:       (  0.000  0.000 ) ( 771.475 771.475 ) um
[INFO GPL-0013] Placement BBox: (  1.380  2.720 ) ( 770.040 769.760 ) um
[INFO GPL-0014] Region name: top-level.
[INFO GPL-0015] Region area:                589592.966 um^2
[INFO GPL-0017] Fixed instances area:         9771.872 um^2
[INFO GPL-0018] Movable instances area:      75403.973 um^2
[INFO GPL-0019] Utilization:                    13.005 %
[INFO GPL-0020] Standard cells area:         75403.973 um^2
[INFO GPL-0021] Large instances area:            0.000 um^2
[INFO GPL-0005] ---- Execute Conjugate Gradient Initial Placement.
[INFO GPL-0051] Source of initial instance position counters:
	Odb location = 0	Core center = 7466	Region center = 0
[InitialPlace]  Iter: 1 conjugate gradient residual: 0.00041809 HPWL: 570624727
[InitialPlace]  Iter: 2 conjugate gradient residual: 0.00059857 HPWL: 567882655
[InitialPlace]  Iter: 3 conjugate gradient residual: 0.00020925 HPWL: 392886073
[InitialPlace]  Iter: 4 conjugate gradient residual: 0.00014152 HPWL: 360581672
[InitialPlace]  Iter: 5 conjugate gradient residual: 0.00006492 HPWL: 347435217
[InitialPlace]  Iter: 6 conjugate gradient residual: 0.00003471 HPWL: 338203864
[InitialPlace]  Iter: 7 conjugate gradient residual: 0.00003607 HPWL: 329717044
[InitialPlace]  Iter: 8 conjugate gradient residual: 0.00002939 HPWL: 322660661
[InitialPlace]  Iter: 9 conjugate gradient residual: 0.00003956 HPWL: 316288305
[InitialPlace]  Iter: 10 conjugate gradient residual: 0.00002958 HPWL: 310641250
[InitialPlace]  Iter: 11 conjugate gradient residual: 0.00003845 HPWL: 306054395
[InitialPlace]  Iter: 12 conjugate gradient residual: 0.00002959 HPWL: 302664728
[InitialPlace]  Iter: 13 conjugate gradient residual: 0.00002686 HPWL: 300170005
[InitialPlace]  Iter: 14 conjugate gradient residual: 0.00002783 HPWL: 298372972
[InitialPlace]  Iter: 15 conjugate gradient residual: 0.00002129 HPWL: 297075158
[InitialPlace]  Iter: 16 conjugate gradient residual: 0.00001765 HPWL: 296096453
[InitialPlace]  Iter: 17 conjugate gradient residual: 0.00001742 HPWL: 295353419
[InitialPlace]  Iter: 18 conjugate gradient residual: 0.00001078 HPWL: 294650821
[InitialPlace]  Iter: 19 conjugate gradient residual: 0.00001203 HPWL: 294135386
[InitialPlace]  Iter: 20 conjugate gradient residual: 0.00009836 HPWL: 293665360
[INFO GPL-0033] ---- Initialize Nesterov Region: Top-level
[INFO GPL-0023] Placement target density:       0.5000
[INFO GPL-0024] Movable insts average area:     10.100 um^2
[INFO GPL-0025] Ideal bin area:                 20.199 um^2
[INFO GPL-0026] Ideal bin count:                 29188
[INFO GPL-0027] Total bin area:             589592.966 um^2
[INFO GPL-0028] Bin count (X, Y):         128 ,    128
[INFO GPL-0029] Bin size (W * H):       6.005 *  5.992 um
[INFO GPL-0030] Number of bins:                  16384
[INFO GPL-0084] ---- Execute Nesterov Global Placement.
[INFO GPL-0031] HPWL: Half-Perimeter Wirelength
Iteration | Overflow |     HPWL (um) |  HPWL(%) |   Penalty | Group
---------------------------------------------------------------
        0 |   0.7468 |  2.766405e+05 |   +0.00% |  2.76e-14 |      
       10 |   0.6357 |  2.897887e+05 |   +4.75% |  4.47e-14 |      
[INFO GPL-0100] Timing-driven iteration 1/2, virtual: false.
[INFO GPL-0101]    Iter: 12, overflow: 0.632, keep resizer changes at: 1, HPWL: 289230918
Iteration |   Area    | Resized | Buffers | Nets repaired | Remaining
---------------------------------------------------------------------
        0 |     +0.0% |       0 |       0 |             0 |      9146
    final |     +1.1% |      40 |      45 |            42 |         0
---------------------------------------------------------------------
[INFO RSZ-0034] Found 41 slew violations.
[INFO RSZ-0036] Found 7 capacitance violations.
[INFO RSZ-0039] Resized 40 instances.
[INFO RSZ-0038] Inserted 45 buffers in 42 nets.
   Iter   |    Area   | Removed | Inserted |   Pins
          |           | Buffers | Buffers  | Remaining
-------------------------------------------------------
        0 |     +0.0% |       0 |        0 |      8392
      830 |     +0.4% |       0 |       44 |      7562
     1660 |     +2.0% |       0 |      212 |      6732
     2490 |     +3.1% |      10 |      348 |      5902
     3320 |     +4.7% |      25 |      530 |      5072
     4150 |     +5.9% |      40 |      682 |      4242
     4980 |     +6.4% |      48 |      754 |      3412
     5810 |     +7.1% |      48 |      821 |      2582
     6640 |     +7.3% |      48 |      845 |      1752
     7470 |     +7.3% |      48 |      851 |       922
     8300 |    +13.0% |      58 |     1330 |        92
    final |    +13.1% |      58 |     1344 |         0
-------------------------------------------------------
[INFO GPL-0106] Timing-driven: worst slack -2.3348075e-09
[INFO GPL-0107] Timing-driven: repair_design delta area: 11613.900 um^2 (+15.40%)
[INFO GPL-0108] Timing-driven: repair_design, gpl delta gcells: 1331 (+17.83%)
[INFO GPL-0109] Timing-driven: repair_design, gcells created: 1389, deleted: 58
[INFO GPL-0110] Timing-driven: new target density: 0.52003014
[INFO GPL-0038] Routability snapshot saved at iter = 17
       16 |   0.5949 |  3.165927e+05 |          |           |      
Iteration | Overflow |     HPWL (um) |  HPWL(%) |   Penalty | Group
---------------------------------------------------------------
       20 |   0.5881 |  3.144385e+05 |   +8.51% |  7.26e-14 |      
       30 |   0.5811 |  3.083312e+05 |   -1.94% |  1.18e-13 |      
       40 |   0.5753 |  3.073905e+05 |   -0.31% |  1.93e-13 |      
       50 |   0.5712 |  3.068593e+05 |   -0.17% |  3.14e-13 |      
       60 |   0.5696 |  3.062183e+05 |   -0.21% |  5.11e-13 |      
       70 |   0.5722 |  3.055382e+05 |   -0.22% |  8.32e-13 |      
       80 |   0.5753 |  3.053666e+05 |   -0.06% |  1.36e-12 |      
       90 |   0.5788 |  3.056203e+05 |   +0.08% |  2.21e-12 |      
      100 |   0.5763 |  3.058040e+05 |   +0.06% |  3.60e-12 |      
      110 |   0.5758 |  3.056647e+05 |   -0.05% |  5.86e-12 |      
      120 |   0.5742 |  3.054531e+05 |   -0.07% |  9.54e-12 |      
      130 |   0.5719 |  3.053723e+05 |   -0.03% |  1.55e-11 |      
      140 |   0.5705 |  3.052933e+05 |   -0.03% |  2.53e-11 |      
      150 |   0.5702 |  3.053202e+05 |   +0.01% |  4.12e-11 |      
      160 |   0.5682 |  3.054086e+05 |   +0.03% |  6.72e-11 |      
      170 |   0.5650 |  3.058881e+05 |   +0.16% |  1.09e-10 |      
      180 |   0.5599 |  3.068521e+05 |   +0.32% |  1.78e-10 |      
      190 |   0.5505 |  3.082307e+05 |   +0.45% |  2.90e-10 |      
      200 |   0.5382 |  3.091537e+05 |   +0.30% |  4.73e-10 |      
      210 |   0.5222 |  3.091539e+05 |   +0.00% |  7.70e-10 |      
      220 |   0.5079 |  3.089521e+05 |   -0.07% |  1.25e-09 |      
      230 |   0.4881 |  3.106127e+05 |   +0.54% |  2.04e-09 |      
      240 |   0.4648 |  3.107002e+05 |   +0.03% |  3.33e-09 |      
      250 |   0.4362 |  3.120787e+05 |   +0.44% |  5.42e-09 |      
      260 |   0.4089 |  3.126119e+05 |   +0.17% |  8.82e-09 |      
      270 |   0.3772 |  3.139893e+05 |   +0.44% |  1.44e-08 |      
      280 |   0.3463 |  3.139835e+05 |   -0.00% |  2.34e-08 |      
      290 |   0.3204 |  3.142781e+05 |   +0.09% |  3.45e-08 |      
[INFO GPL-0040] Routability iteration: 1
[INFO GPL-0041] Total routing overflow: 7.6859
[INFO GPL-0042] Number of overflowed tiles: 71 (0.58%)
[INFO GPL-0043] Average top 0.5% routing congestion: 1.1217
[INFO GPL-0044] Average top 1.0% routing congestion: 1.0478
[INFO GPL-0045] Average top 2.0% routing congestion: 0.9737
[INFO GPL-0046] Average top 5.0% routing congestion: 0.8710
[INFO GPL-0047] Routability iteration weighted routing congestion: 1.0848
[INFO GPL-0048] Routing congestion (1.0848) lower than previous minimum (1e+30). Updating minimum.
[INFO GPL-0086] Inflated area:                1092.667 um^2 (+1.26%)
[INFO GPL-0052] Placement target density:       0.5200
[INFO GPL-0076] Removing fillers, count: Before: 21481, After: 21372 (-0.51%)
[INFO GPL-0077] Filler area (um^2)     : Before: 214506.582, After: 213416.133 (-0.51%)
[INFO GPL-0078] Removed fillers count: 109, area removed: 1088.450 um^2. Remaining area to be compensated by modifying density: 4.217 um^2
[INFO GPL-0058] White space area:           579821.094 um^2 (+0.00%)
[INFO GPL-0059] Movable instances area:     301524.451 um^2 (+0.00%)
[INFO GPL-0060] Total filler area:          213416.133 um^2 (-0.51%)
[INFO GPL-0061] Total non-inflated area:    301526.674 um^2 (+0.00%)
[INFO GPL-0062] Total inflated area:        302619.341 um^2 (+0.00%)
[INFO GPL-0063] New Target Density:             0.5200
[INFO GPL-0087] Routability end iteration: increase inflation and revert back to snapshot.
Iteration | Overflow |     HPWL (um) |  HPWL(%) |   Penalty | Group
---------------------------------------------------------------
      300 |   0.5927 |  3.152661e+05 |   +0.31% |  6.77e-14 |      
      310 |   0.5836 |  3.089895e+05 |   -1.99% |  9.98e-14 |      
      320 |   0.5789 |  3.079062e+05 |   -0.35% |  1.47e-13 |      
      330 |   0.5743 |  3.073736e+05 |   -0.17% |  2.17e-13 |      
      340 |   0.5722 |  3.068264e+05 |   -0.18% |  3.19e-13 |      
      350 |   0.5749 |  3.061100e+05 |   -0.23% |  4.70e-13 |      
      360 |   0.5775 |  3.059710e+05 |   -0.05% |  6.92e-13 |      
      370 |   0.5801 |  3.061783e+05 |   +0.07% |  1.02e-12 |      
      380 |   0.5787 |  3.063625e+05 |   +0.06% |  1.50e-12 |      
      390 |   0.5771 |  3.062665e+05 |   -0.03% |  2.21e-12 |      
      400 |   0.5755 |  3.059232e+05 |   -0.11% |  3.26e-12 |      
      410 |   0.5748 |  3.058162e+05 |   -0.03% |  4.80e-12 |      
      420 |   0.5734 |  3.057632e+05 |   -0.02% |  7.07e-12 |      
      430 |   0.5742 |  3.055915e+05 |   -0.06% |  1.04e-11 |      
      440 |   0.5734 |  3.055737e+05 |   -0.01% |  1.54e-11 |      
      450 |   0.5743 |  3.055524e+05 |   -0.01% |  2.26e-11 |      
      460 |   0.5730 |  3.057390e+05 |   +0.06% |  3.33e-11 |      
      470 |   0.5725 |  3.059027e+05 |   +0.05% |  4.91e-11 |      
      480 |   0.5706 |  3.063288e+05 |   +0.14% |  7.23e-11 |      
      490 |   0.5666 |  3.068561e+05 |   +0.17% |  1.06e-10 |      
      500 |   0.5620 |  3.074763e+05 |   +0.20% |  1.57e-10 |      
      510 |   0.5554 |  3.081136e+05 |   +0.21% |  2.31e-10 |      
      520 |   0.5464 |  3.085267e+05 |   +0.13% |  3.40e-10 |      
      530 |   0.5381 |  3.083462e+05 |   -0.06% |  5.01e-10 |      
      540 |   0.5288 |  3.081842e+05 |   -0.05% |  7.39e-10 |      
      550 |   0.5171 |  3.089785e+05 |   +0.26% |  1.09e-09 |      
      560 |   0.5011 |  3.099805e+05 |   +0.32% |  1.60e-09 |      
      570 |   0.4843 |  3.097687e+05 |   -0.07% |  2.36e-09 |      
      580 |   0.4615 |  3.108283e+05 |   +0.34% |  3.48e-09 |      
      590 |   0.4426 |  3.108947e+05 |   +0.02% |  5.12e-09 |      
      600 |   0.4202 |  3.123810e+05 |   +0.48% |  7.55e-09 |      
      610 |   0.3975 |  3.126523e+05 |   +0.09% |  1.11e-08 |      
      620 |   0.3704 |  3.130588e+05 |   +0.13% |  1.64e-08 |      
      630 |   0.3483 |  3.134970e+05 |   +0.14% |  2.41e-08 |      
      640 |   0.3181 |  3.141709e+05 |   +0.21% |  3.55e-08 |      
[INFO GPL-0040] Routability iteration: 2
[INFO GPL-0041] Total routing overflow: 6.4148
[INFO GPL-0042] Number of overflowed tiles: 62 (0.50%)
[INFO GPL-0043] Average top 0.5% routing congestion: 1.1035
[INFO GPL-0044] Average top 1.0% routing congestion: 1.0313
[INFO GPL-0045] Average top 2.0% routing congestion: 0.9534
[INFO GPL-0046] Average top 5.0% routing congestion: 0.8548
[INFO GPL-0047] Routability iteration weighted routing congestion: 1.0674
[INFO GPL-0048] Routing congestion (1.0674) lower than previous minimum (1.085). Updating minimum.
[INFO GPL-0086] Inflated area:                 789.607 um^2 (+0.90%)
[INFO GPL-0052] Placement target density:       0.5200
[INFO GPL-0076] Removing fillers, count: Before: 21372, After: 21293 (-0.37%)
[INFO GPL-0077] Filler area (um^2)     : Before: 213416.133, After: 212627.256 (-0.37%)
[INFO GPL-0078] Removed fillers count: 79, area removed: 788.877 um^2. Remaining area to be compensated by modifying density: 0.730 um^2
[INFO GPL-0058] White space area:           579821.094 um^2 (+0.00%)
[INFO GPL-0059] Movable instances area:     301524.451 um^2 (+0.00%)
[INFO GPL-0060] Total filler area:          212627.256 um^2 (-0.37%)
[INFO GPL-0061] Total non-inflated area:    301527.404 um^2 (+0.00%)
[INFO GPL-0062] Total inflated area:        302317.011 um^2 (+0.00%)
[INFO GPL-0063] New Target Density:             0.5200
[INFO GPL-0087] Routability end iteration: increase inflation and revert back to snapshot.
Iteration | Overflow |     HPWL (um) |  HPWL(%) |   Penalty | Group
---------------------------------------------------------------
      650 |   0.5953 |  3.153221e+05 |   +0.37% |  6.77e-14 |      
      660 |   0.5854 |  3.093468e+05 |   -1.89% |  9.98e-14 |      
      670 |   0.5806 |  3.082724e+05 |   -0.35% |  1.47e-13 |      
      680 |   0.5762 |  3.077683e+05 |   -0.16% |  2.17e-13 |      
      690 |   0.5743 |  3.072204e+05 |   -0.18% |  3.19e-13 |      
      700 |   0.5767 |  3.065008e+05 |   -0.23% |  4.70e-13 |      
      710 |   0.5791 |  3.064308e+05 |   -0.02% |  6.92e-13 |      
      720 |   0.5810 |  3.065789e+05 |   +0.05% |  1.02e-12 |      
      730 |   0.5799 |  3.066935e+05 |   +0.04% |  1.50e-12 |      
      740 |   0.5788 |  3.066632e+05 |   -0.01% |  2.21e-12 |      
      750 |   0.5764 |  3.063640e+05 |   -0.10% |  3.26e-12 |      
      760 |   0.5762 |  3.061664e+05 |   -0.06% |  4.80e-12 |      
      770 |   0.5755 |  3.061287e+05 |   -0.01% |  7.07e-12 |      
      780 |   0.5760 |  3.060114e+05 |   -0.04% |  1.04e-11 |      
      790 |   0.5746 |  3.059274e+05 |   -0.03% |  1.54e-11 |      
      800 |   0.5759 |  3.058727e+05 |   -0.02% |  2.26e-11 |      
      810 |   0.5750 |  3.061577e+05 |   +0.09% |  3.33e-11 |      
      820 |   0.5741 |  3.063817e+05 |   +0.07% |  4.91e-11 |      
      830 |   0.5716 |  3.067227e+05 |   +0.11% |  7.23e-11 |      
      840 |   0.5679 |  3.072230e+05 |   +0.16% |  1.06e-10 |      
      850 |   0.5634 |  3.079637e+05 |   +0.24% |  1.57e-10 |      
      860 |   0.5565 |  3.085188e+05 |   +0.18% |  2.31e-10 |      
      870 |   0.5478 |  3.088745e+05 |   +0.12% |  3.40e-10 |      
      880 |   0.5395 |  3.086868e+05 |   -0.06% |  5.01e-10 |      
      890 |   0.5307 |  3.084613e+05 |   -0.07% |  7.39e-10 |      
      900 |   0.5182 |  3.093009e+05 |   +0.27% |  1.09e-09 |      
      910 |   0.5030 |  3.102669e+05 |   +0.31% |  1.60e-09 |      
      920 |   0.4867 |  3.101285e+05 |   -0.04% |  2.36e-09 |      
      930 |   0.4633 |  3.112338e+05 |   +0.36% |  3.48e-09 |      
      940 |   0.4434 |  3.111591e+05 |   -0.02% |  5.12e-09 |      
      950 |   0.4224 |  3.127792e+05 |   +0.52% |  7.55e-09 |      
      960 |   0.3982 |  3.129873e+05 |   +0.07% |  1.11e-08 |      
      970 |   0.3720 |  3.133037e+05 |   +0.10% |  1.64e-08 |      
      980 |   0.3479 |  3.139127e+05 |   +0.19% |  2.41e-08 |      
      990 |   0.3197 |  3.146527e+05 |   +0.24% |  3.55e-08 |      
[INFO GPL-0040] Routability iteration: 3
[INFO GPL-0041] Total routing overflow: 4.8916
[INFO GPL-0042] Number of overflowed tiles: 60 (0.49%)
[INFO GPL-0043] Average top 0.5% routing congestion: 1.0789
[INFO GPL-0044] Average top 1.0% routing congestion: 1.0160
[INFO GPL-0045] Average top 2.0% routing congestion: 0.9457
[INFO GPL-0046] Average top 5.0% routing congestion: 0.8508
[INFO GPL-0047] Routability iteration weighted routing congestion: 1.0475
[INFO GPL-0048] Routing congestion (1.0475) lower than previous minimum (1.067). Updating minimum.
[INFO GPL-0086] Inflated area:                 440.444 um^2 (+0.50%)
[INFO GPL-0052] Placement target density:       0.5200
[INFO GPL-0076] Removing fillers, count: Before: 21293, After: 21249 (-0.21%)
[INFO GPL-0077] Filler area (um^2)     : Before: 212627.256, After: 212187.882 (-0.21%)
[INFO GPL-0078] Removed fillers count: 44, area removed: 439.374 um^2. Remaining area to be compensated by modifying density: 1.069 um^2
[INFO GPL-0058] White space area:           579821.094 um^2 (+0.00%)
[INFO GPL-0059] Movable instances area:     301524.451 um^2 (+0.00%)
[INFO GPL-0060] Total filler area:          212187.882 um^2 (-0.21%)
[INFO GPL-0061] Total non-inflated area:    301528.473 um^2 (+0.00%)
[INFO GPL-0062] Total inflated area:        301968.917 um^2 (+0.00%)
[INFO GPL-0063] New Target Density:             0.5200
[INFO GPL-0087] Routability end iteration: increase inflation and revert back to snapshot.
Iteration | Overflow |     HPWL (um) |  HPWL(%) |   Penalty | Group
---------------------------------------------------------------
     1000 |   0.5969 |  3.153556e+05 |   +0.22% |  6.77e-14 |      
     1010 |   0.5866 |  3.095784e+05 |   -1.83% |  9.98e-14 |      
     1020 |   0.5816 |  3.085053e+05 |   -0.35% |  1.47e-13 |      
     1030 |   0.5773 |  3.080269e+05 |   -0.16% |  2.17e-13 |      
     1040 |   0.5756 |  3.074603e+05 |   -0.18% |  3.19e-13 |      
     1050 |   0.5777 |  3.067720e+05 |   -0.22% |  4.70e-13 |      
     1060 |   0.5801 |  3.067005e+05 |   -0.02% |  6.92e-13 |      
     1070 |   0.5818 |  3.068362e+05 |   +0.04% |  1.02e-12 |      
     1080 |   0.5811 |  3.069151e+05 |   +0.03% |  1.50e-12 |      
     1090 |   0.5797 |  3.069308e+05 |   +0.01% |  2.21e-12 |      
     1100 |   0.5770 |  3.066211e+05 |   -0.10% |  3.26e-12 |      
     1110 |   0.5767 |  3.063861e+05 |   -0.08% |  4.80e-12 |      
     1120 |   0.5764 |  3.063453e+05 |   -0.01% |  7.07e-12 |      
     1130 |   0.5769 |  3.062387e+05 |   -0.03% |  1.04e-11 |      
     1140 |   0.5755 |  3.061783e+05 |   -0.02% |  1.54e-11 |      
     1150 |   0.5764 |  3.061429e+05 |   -0.01% |  2.26e-11 |      
     1160 |   0.5761 |  3.063728e+05 |   +0.08% |  3.33e-11 |      
     1170 |   0.5753 |  3.066562e+05 |   +0.09% |  4.91e-11 |      
     1180 |   0.5725 |  3.069791e+05 |   +0.11% |  7.23e-11 |      
     1190 |   0.5687 |  3.074094e+05 |   +0.14% |  1.06e-10 |      
     1200 |   0.5635 |  3.081375e+05 |   +0.24% |  1.57e-10 |      
     1210 |   0.5574 |  3.087113e+05 |   +0.19% |  2.31e-10 |      
     1220 |   0.5486 |  3.090679e+05 |   +0.12% |  3.40e-10 |      
     1230 |   0.5400 |  3.089310e+05 |   -0.04% |  5.01e-10 |      
     1240 |   0.5312 |  3.086671e+05 |   -0.09% |  7.39e-10 |      
     1250 |   0.5194 |  3.095319e+05 |   +0.28% |  1.09e-09 |      
     1260 |   0.5043 |  3.105290e+05 |   +0.32% |  1.60e-09 |      
     1270 |   0.4865 |  3.102972e+05 |   -0.07% |  2.36e-09 |      
     1280 |   0.4657 |  3.114700e+05 |   +0.38% |  3.48e-09 |      
     1290 |   0.4437 |  3.114682e+05 |   -0.00% |  5.12e-09 |      
     1300 |   0.4235 |  3.131865e+05 |   +0.55% |  7.55e-09 |      
     1310 |   0.3990 |  3.133352e+05 |   +0.05% |  1.11e-08 |      
     1320 |   0.3715 |  3.136590e+05 |   +0.10% |  1.64e-08 |      
     1330 |   0.3489 |  3.142393e+05 |   +0.18% |  2.41e-08 |      
     1340 |   0.3180 |  3.150195e+05 |   +0.25% |  3.55e-08 |      
[INFO GPL-0040] Routability iteration: 4
[INFO GPL-0041] Total routing overflow: 3.1626
[INFO GPL-0042] Number of overflowed tiles: 50 (0.41%)
[INFO GPL-0043] Average top 0.5% routing congestion: 1.0498
[INFO GPL-0044] Average top 1.0% routing congestion: 0.9988
[INFO GPL-0045] Average top 2.0% routing congestion: 0.9361
[INFO GPL-0046] Average top 5.0% routing congestion: 0.8478
[INFO GPL-0047] Routability iteration weighted routing congestion: 1.0243
[INFO GPL-0048] Routing congestion (1.0243) lower than previous minimum (1.047). Updating minimum.
[INFO GPL-0086] Inflated area:                 339.862 um^2 (+0.38%)
[INFO GPL-0052] Placement target density:       0.5200
[INFO GPL-0076] Removing fillers, count: Before: 21249, After: 21215 (-0.16%)
[INFO GPL-0077] Filler area (um^2)     : Before: 212187.882, After: 211848.365 (-0.16%)
[INFO GPL-0078] Removed fillers count: 34, area removed: 339.517 um^2. Remaining area to be compensated by modifying density: 0.346 um^2
[INFO GPL-0058] White space area:           579821.094 um^2 (+0.00%)
[INFO GPL-0059] Movable instances area:     301524.451 um^2 (+0.00%)
[INFO GPL-0060] Total filler area:          211848.365 um^2 (-0.16%)
[INFO GPL-0061] Total non-inflated area:    301528.819 um^2 (+0.00%)
[INFO GPL-0062] Total inflated area:        301868.681 um^2 (+0.00%)
[INFO GPL-0063] New Target Density:             0.5200
[INFO GPL-0087] Routability end iteration: increase inflation and revert back to snapshot.
Iteration | Overflow |     HPWL (um) |  HPWL(%) |   Penalty | Group
---------------------------------------------------------------
     1350 |   0.5972 |  3.148080e+05 |   -0.07% |  7.04e-14 |      
     1360 |   0.5877 |  3.096340e+05 |   -1.64% |  1.04e-13 |      
     1370 |   0.5816 |  3.087178e+05 |   -0.30% |  1.53e-13 |      
     1380 |   0.5778 |  3.082453e+05 |   -0.15% |  2.25e-13 |      
     1390 |   0.5761 |  3.076177e+05 |   -0.20% |  3.32e-13 |      
     1400 |   0.5784 |  3.069961e+05 |   -0.20% |  4.88e-13 |      
     1410 |   0.5811 |  3.069677e+05 |   -0.01% |  7.20e-13 |      
     1420 |   0.5830 |  3.070620e+05 |   +0.03% |  1.06e-12 |      
     1430 |   0.5822 |  3.071074e+05 |   +0.01% |  1.56e-12 |      
     1440 |   0.5804 |  3.071293e+05 |   +0.01% |  2.30e-12 |      
     1450 |   0.5779 |  3.068331e+05 |   -0.10% |  3.39e-12 |      
     1460 |   0.5771 |  3.066185e+05 |   -0.07% |  4.99e-12 |      
     1470 |   0.5770 |  3.065462e+05 |   -0.02% |  7.35e-12 |      
     1480 |   0.5776 |  3.064899e+05 |   -0.02% |  1.08e-11 |      
     1490 |   0.5763 |  3.063864e+05 |   -0.03% |  1.60e-11 |      
     1500 |   0.5769 |  3.063845e+05 |   -0.00% |  2.35e-11 |      
     1510 |   0.5776 |  3.066280e+05 |   +0.08% |  3.46e-11 |      
     1520 |   0.5760 |  3.069584e+05 |   +0.11% |  5.10e-11 |      
     1530 |   0.5735 |  3.072681e+05 |   +0.10% |  7.52e-11 |      
     1540 |   0.5697 |  3.078514e+05 |   +0.19% |  1.11e-10 |      
     1550 |   0.5634 |  3.085223e+05 |   +0.22% |  1.63e-10 |      
     1560 |   0.5571 |  3.091484e+05 |   +0.20% |  2.40e-10 |      
     1570 |   0.5486 |  3.093130e+05 |   +0.05% |  3.54e-10 |      
     1580 |   0.5402 |  3.092193e+05 |   -0.03% |  5.21e-10 |      
     1590 |   0.5304 |  3.090699e+05 |   -0.05% |  7.68e-10 |      
     1600 |   0.5184 |  3.099203e+05 |   +0.28% |  1.13e-09 |      
     1610 |   0.5041 |  3.107269e+05 |   +0.26% |  1.67e-09 |      
     1620 |   0.4844 |  3.105840e+05 |   -0.05% |  2.45e-09 |      
     1630 |   0.4636 |  3.117341e+05 |   +0.37% |  3.62e-09 |      
     1640 |   0.4430 |  3.117218e+05 |   -0.00% |  5.33e-09 |      
     1650 |   0.4212 |  3.134309e+05 |   +0.55% |  7.84e-09 |      
     1660 |   0.3986 |  3.136230e+05 |   +0.06% |  1.16e-08 |      
     1670 |   0.3693 |  3.137592e+05 |   +0.04% |  1.70e-08 |      
     1680 |   0.3438 |  3.145962e+05 |   +0.27% |  2.51e-08 |      
     1690 |   0.3142 |  3.153150e+05 |   +0.23% |  3.69e-08 |      
[INFO GPL-0040] Routability iteration: 5
[INFO GPL-0041] Total routing overflow: 3.2263
[INFO GPL-0042] Number of overflowed tiles: 50 (0.41%)
[INFO GPL-0043] Average top 0.5% routing congestion: 1.0499
[INFO GPL-0044] Average top 1.0% routing congestion: 0.9984
[INFO GPL-0045] Average top 2.0% routing congestion: 0.9360
[INFO GPL-0046] Average top 5.0% routing congestion: 0.8485
[INFO GPL-0047] Routability iteration weighted routing congestion: 1.0242
[INFO GPL-0049] Routing congestion (1.0242) higher than minimum (1.0243). Consecutive non-improvement count: 1.
[INFO GPL-0086] Inflated area:                 310.509 um^2 (+0.35%)
[INFO GPL-0052] Placement target density:       0.5200
[INFO GPL-0076] Removing fillers, count: Before: 21215, After: 21184 (-0.15%)
[INFO GPL-0077] Filler area (um^2)     : Before: 211848.365, After: 211538.806 (-0.15%)
[INFO GPL-0078] Removed fillers count: 31, area removed: 309.559 um^2. Remaining area to be compensated by modifying density: 0.950 um^2
[INFO GPL-0058] White space area:           579821.094 um^2 (+0.00%)
[INFO GPL-0059] Movable instances area:     301524.451 um^2 (+0.00%)
[INFO GPL-0060] Total filler area:          211538.806 um^2 (-0.15%)
[INFO GPL-0061] Total non-inflated area:    301529.769 um^2 (+0.00%)
[INFO GPL-0062] Total inflated area:        301840.278 um^2 (+0.00%)
[INFO GPL-0063] New Target Density:             0.5200
[INFO GPL-0087] Routability end iteration: increase inflation and revert back to snapshot.
Iteration | Overflow |     HPWL (um) |  HPWL(%) |   Penalty | Group
---------------------------------------------------------------
     1700 |   0.5977 |  3.141866e+05 |   -0.36% |  7.32e-14 |      
     1710 |   0.5877 |  3.094697e+05 |   -1.50% |  1.08e-13 |      
     1720 |   0.5818 |  3.087479e+05 |   -0.23% |  1.59e-13 |      
     1730 |   0.5782 |  3.083476e+05 |   -0.13% |  2.34e-13 |      
     1740 |   0.5769 |  3.077023e+05 |   -0.21% |  3.45e-13 |      
     1750 |   0.5796 |  3.071818e+05 |   -0.17% |  5.08e-13 |      
     1760 |   0.5823 |  3.072084e+05 |   +0.01% |  7.48e-13 |      
     1770 |   0.5836 |  3.072542e+05 |   +0.01% |  1.10e-12 |      
     1780 |   0.5830 |  3.073094e+05 |   +0.02% |  1.62e-12 |      
     1790 |   0.5808 |  3.073634e+05 |   +0.02% |  2.39e-12 |      
     1800 |   0.5781 |  3.070493e+05 |   -0.10% |  3.52e-12 |      
     1810 |   0.5778 |  3.068415e+05 |   -0.07% |  5.19e-12 |      
     1820 |   0.5779 |  3.067967e+05 |   -0.01% |  7.64e-12 |      
     1830 |   0.5781 |  3.067773e+05 |   -0.01% |  1.13e-11 |      
     1840 |   0.5772 |  3.066246e+05 |   -0.05% |  1.66e-11 |      
     1850 |   0.5774 |  3.066297e+05 |   +0.00% |  2.44e-11 |      
     1860 |   0.5778 |  3.068973e+05 |   +0.09% |  3.60e-11 |      
     1870 |   0.5758 |  3.071991e+05 |   +0.10% |  5.30e-11 |      
     1880 |   0.5739 |  3.074995e+05 |   +0.10% |  7.81e-11 |      
     1890 |   0.5699 |  3.081434e+05 |   +0.21% |  1.15e-10 |      
     1900 |   0.5638 |  3.087631e+05 |   +0.20% |  1.70e-10 |      
     1910 |   0.5568 |  3.093415e+05 |   +0.19% |  2.50e-10 |      
     1920 |   0.5483 |  3.094216e+05 |   +0.03% |  3.68e-10 |      
     1930 |   0.5405 |  3.093103e+05 |   -0.04% |  5.42e-10 |      
     1940 |   0.5294 |  3.092732e+05 |   -0.01% |  7.98e-10 |      
     1950 |   0.5181 |  3.101205e+05 |   +0.27% |  1.18e-09 |      
     1960 |   0.5035 |  3.108434e+05 |   +0.23% |  1.73e-09 |      
     1970 |   0.4836 |  3.107707e+05 |   -0.02% |  2.55e-09 |      
     1980 |   0.4619 |  3.119849e+05 |   +0.39% |  3.76e-09 |      
     1990 |   0.4425 |  3.120059e+05 |   +0.01% |  5.54e-09 |      
     2000 |   0.4192 |  3.135367e+05 |   +0.49% |  8.16e-09 |      
     2010 |   0.3967 |  3.137897e+05 |   +0.08% |  1.20e-08 |      
     2020 |   0.3685 |  3.140516e+05 |   +0.08% |  1.77e-08 |      
     2030 |   0.3399 |  3.147115e+05 |   +0.21% |  2.61e-08 |      
     2040 |   0.3113 |  3.153805e+05 |   +0.21% |  3.84e-08 |      
[INFO GPL-0040] Routability iteration: 6
[INFO GPL-0041] Total routing overflow: 2.1528
[INFO GPL-0042] Number of overflowed tiles: 42 (0.34%)
[INFO GPL-0043] Average top 0.5% routing congestion: 1.0309
[INFO GPL-0044] Average top 1.0% routing congestion: 0.9872
[INFO GPL-0045] Average top 2.0% routing congestion: 0.9288
[INFO GPL-0046] Average top 5.0% routing congestion: 0.8462
[INFO GPL-0047] Routability iteration weighted routing congestion: 1.0090
[INFO GPL-0050] Weighted routing congestion is lower than target routing congestion(1.0100), end routability optimization.
[INFO GPL-0090] Routability finished. Target routing congestion achieved succesfully.
Iteration | Overflow |     HPWL (um) |  HPWL(%) |   Penalty | Group
---------------------------------------------------------------
     2050 |   0.2832 |  3.161958e+05 |   +0.26% |  5.66e-08 |      
     2060 |   0.2543 |  3.175119e+05 |   +0.42% |  8.33e-08 |      
     2070 |   0.2224 |  3.184301e+05 |   +0.29% |  1.23e-07 |      
     2080 |   0.1937 |  3.195354e+05 |   +0.35% |  1.81e-07 |      
[INFO GPL-0100] Timing-driven iteration 2/2, virtual: false.
[INFO GPL-0101]    Iter: 2081, overflow: 0.194, keep resizer changes at: 1, HPWL: 319535440
Iteration |   Area    | Resized | Buffers | Nets repaired | Remaining
---------------------------------------------------------------------
        0 |     +0.0% |       0 |       0 |             0 |     10477
    final |     +0.2% |      11 |      13 |            13 |         0
---------------------------------------------------------------------
[INFO RSZ-0034] Found 12 slew violations.
[INFO RSZ-0036] Found 1 capacitance violations.
[INFO RSZ-0039] Resized 11 instances.
[INFO RSZ-0038] Inserted 13 buffers in 13 nets.
   Iter   |    Area   | Removed | Inserted |   Pins
          |           | Buffers | Buffers  | Remaining
-------------------------------------------------------
        0 |     +0.0% |       0 |        0 |      8392
      830 |     +0.0% |      44 |       44 |      7562
     1660 |     +0.3% |     205 |      231 |      6732
     2490 |     +0.5% |     345 |      385 |      5902
     3320 |     +1.2% |     530 |      623 |      5072
     4150 |     +1.0% |     685 |      755 |      4242
     4980 |     +1.3% |     759 |      859 |      3412
     5810 |     +1.5% |     826 |      927 |      2582
     6640 |     +1.6% |     850 |      959 |      1752
     7470 |     +1.5% |     856 |      964 |       922
     8300 |     +1.4% |    1342 |     1465 |        92
    final |     +1.5% |    1356 |     1484 |         0
-------------------------------------------------------
[INFO GPL-0106] Timing-driven: worst slack -1.8238344e-09
[INFO GPL-0107] Timing-driven: repair_design delta area: 1538.330 um^2 (+1.71%)
[INFO GPL-0108] Timing-driven: repair_design, gpl delta gcells: 141 (+1.60%)
[INFO GPL-0109] Timing-driven: repair_design, gcells created: 1497, deleted: 1356
[INFO GPL-0110] Timing-driven: new target density: 0.5226924
Iteration | Overflow |     HPWL (um) |  HPWL(%) |   Penalty | Group
---------------------------------------------------------------
     2090 |   0.1686 |  3.261434e+05 |   +2.07% |  2.66e-07 |      
     2100 |   0.1424 |  3.261538e+05 |   +0.00% |  3.92e-07 |      
     2110 |   0.1182 |  3.266486e+05 |   +0.15% |  5.77e-07 |      
     2120 |   0.0986 |  3.270144e+05 |   +0.11% |  8.50e-07 |      
     2120 |   0.0986 |  3.270144e+05 |          |  8.84e-07 |      
---------------------------------------------------------------
[INFO GPL-1001] Global placement finished at iteration 2120
[INFO GPL-1017] Routability mode iteration count: 2022
[INFO GPL-1005] Routability final weighted congestion: 0.9209
[INFO GPL-1002] Placed Cell Area            91529.2932
[INFO GPL-1003] Available Free Area         579821.0944
[INFO GPL-1004] Minimum Feasible Density        0.1400 (cell_area / free_area)
[INFO GPL-1006]   Suggested Target Densities:
[INFO GPL-1007]     - For 90% usage of free space: 0.1754
[INFO GPL-1008]     - For 80% usage of free space: 0.1973
[INFO GPL-1009]     - For 50% usage of free space: 0.3157
[INFO GPL-1011] Original area (um^2): 75403.97
[INFO GPL-1012] Total routability artificial inflation: 2973.09 (+3.94%)
[INFO GPL-1013] Total timing-driven delta area: 13152.23 (+17.44%)
[INFO GPL-1014] Final placement area: 91529.29 (+21.39%)
Took 15 seconds: global_placement -density 0.5 -pad_left 0 -pad_right 0 -routability_driven -timing_driven -force_center_initial_place -min_phi_coef 0.95 -max_phi_coef 1.05
estimate_parasitics -placement
Report metrics stage 3, global place...

==========================================================================
global place report_design_area
--------------------------------------------------------------------------
Design area 94713 um^2 16% utilization.
write_db ./results/sky130hd/d_nw01_nolat/base/3_3_place_gp.odb
Elapsed time: 0:16.95[h:]min:sec. CPU time: user 50.87 sys 2.22 (313%). Peak memory: 403192KB.
Log                       Ext     Elapsed/s Peak Memory/MB sha1sum result [0:20)
3_3_place_gp              .odb           16            393 03b191b57933cb4d57bc
/OpenROAD-flow-scripts/flow/scripts/flow.sh 3_4_place_resized resize
Running resize.tcl, stage 3_4_place_resized
read_liberty /OpenROAD-flow-scripts/flow/platforms/sky130hd/lib/sky130_fd_sc_hd__tt_025C_1v80.lib
read_db ./results/sky130hd/d_nw01_nolat/base/3_3_place_gp.odb
read_sdc ./results/sky130hd/d_nw01_nolat/base/2_floorplan.sdc
source /OpenROAD-flow-scripts/flow/platforms/sky130hd/setRC.tcl
estimate_parasitics -placement
Perform buffer insertion and gate resizing...
repair_design -verbose -match_cell_footprint
Iteration |   Area    | Resized | Buffers | Nets repaired | Remaining
---------------------------------------------------------------------
        0 |     +0.0% |       0 |       0 |             0 |     10618
     1000 |     +0.0% |       0 |       0 |             0 |      9618
     2000 |     +0.0% |       0 |       0 |             0 |      8618
     3000 |     +0.0% |       0 |       0 |             0 |      7618
     4000 |     +0.0% |       1 |       0 |             1 |      6618
     5000 |     +0.0% |       2 |       1 |             2 |      5618
     6000 |     +0.1% |       3 |       2 |             3 |      4618
     7000 |     +0.1% |       3 |       2 |             3 |      3618
     8000 |     +0.1% |       3 |       2 |             3 |      2618
     9000 |     +0.1% |       3 |       2 |             3 |      1618
    10000 |     +0.1% |       3 |       2 |             3 |       618
    final |     +0.1% |       3 |       2 |             3 |         0
---------------------------------------------------------------------
[INFO RSZ-0034] Found 3 slew violations.
[INFO RSZ-0036] Found 1 capacitance violations.
[INFO RSZ-0039] Resized 3 instances.
[INFO RSZ-0038] Inserted 2 buffers in 3 nets.
[INFO RSZ-0504] Runtime: 0.56s
Floating nets: 
Report metrics stage 3, resizer...

==========================================================================
resizer report_design_area
--------------------------------------------------------------------------
Design area 94763 um^2 16% utilization.
Instance count before 16748, after 16750
Pin count before 28435, after 28439
write_db ./results/sky130hd/d_nw01_nolat/base/3_4_place_resized.odb
Elapsed time: 0:03.24[h:]min:sec. CPU time: user 4.00 sys 0.50 (138%). Peak memory: 232100KB.
Log                       Ext     Elapsed/s Peak Memory/MB sha1sum result [0:20)
3_4_place_resized         .odb            3            226 fb16b460adc7b9d19108
/OpenROAD-flow-scripts/flow/scripts/flow.sh 3_5_place_dp detail_place
Running detail_place.tcl, stage 3_5_place_dp
read_liberty /OpenROAD-flow-scripts/flow/platforms/sky130hd/lib/sky130_fd_sc_hd__tt_025C_1v80.lib
read_db ./results/sky130hd/d_nw01_nolat/base/3_4_place_resized.odb
read_sdc ./results/sky130hd/d_nw01_nolat/base/2_floorplan.sdc
source /OpenROAD-flow-scripts/flow/platforms/sky130hd/setRC.tcl
detailed_placement
[INFO DPL-0006] Core area: 589592.97 um^2
[INFO DPL-0007] Movable instances area: 84991.51 um^2
[INFO DPL-0008] Fixed instances area within core: 9771.87 um^2
[INFO DPL-0009] Utilization: 16.1%
[INFO DPL-0005] Diamond search max displacement: +/- 500 sites horizontally, +/- 100 rows vertically.
[INFO DPL-1102] Legalizing using negotiation legalizer.
[INFO DPL-1103] Negotiation base search window: +/-20 sites horizontally, +/-5 rows vertically 
	Automatic search window extension enabled.
	Search window extendable up to the max displacement cap of +/-500 sites, +/-100 rows near walls.
[INFO DPL-1104] NegotiationLegalizer DRC penalty: 5.
[INFO DPL-0392] Negotiation cell height distribution (1 unique row-count(s)):
[INFO DPL-0393]   height 1 row(s): 16750 cells
          |      Total |  Illegal |  Illegal
Iteration | Violations |    Cells |    Sites
---------------------------------------------
        0 |        105 |        21 |        84
        1 |          0 |         0 |         0
Negotiation phase 1 converged at iteration 1.
[INFO DPL-0500] Runtime: 0.09s
Placement Analysis
---------------------------------
total displacement      26789.6 u
average displacement        1.6 u
max displacement           17.3 u
original HPWL          327330.1 u
legalized HPWL         349602.1 u
delta HPWL                    7 %

improve_placement -max_displacement "5 1"
Detailed placement improvement.
[INFO DPL-0401] Setting random seed to 1.
[INFO DPL-0402] Setting maximum displacement 5 1 to 13600 2720 units.
[INFO DPL-0320] Collected 9166 fixed cells.
[INFO DPL-0318] Collected 8940 single height cells.
[INFO DPL-0321] Collected 0 wide cells.
[INFO DPL-0322] Image (1380, 2720) - (770040, 769760)
[INFO DPL-0310] Assigned 8940 cells into segments.  Movement in X-direction is 0.000000, movement in Y-direction is 0.000000.
[INFO DPL-0313] Found 0 cells in wrong regions.
[INFO DPL-0315] Found 0 row alignment problems.
[INFO DPL-0314] Found 0 site alignment problems.
[INFO DPL-0311] Found 0 overlaps between adjacent cells.
[INFO DPL-0312] Found 0 edge spacing violations and 0 padding violations.
[INFO DPL-0303] Running algorithm for independent set matching.
[INFO DPL-0300] Set matching objective is wirelength.
[INFO DPL-0301] Pass   1 of matching; objective is 3.495388e+08.
[INFO DPL-0302] End of matching; objective is 3.491103e+08, improvement is 0.12 percent.
[INFO DPL-0303] Running algorithm for global swaps.
[INFO DPL-0306] Pass   1 of global swaps; hpwl is 3.440172e+08.
[INFO DPL-0306] Pass   2 of global swaps; hpwl is 3.432081e+08.
[INFO DPL-0307] End of global swaps; objective is 3.432081e+08, improvement is 1.69 percent.
[INFO DPL-0303] Running algorithm for vertical swaps.
[INFO DPL-0308] Pass   1 of vertical swaps; hpwl is 3.420361e+08.
[INFO DPL-0309] End of vertical swaps; objective is 3.420361e+08, improvement is 0.34 percent.
[INFO DPL-0303] Running algorithm for reordering.
[INFO DPL-0304] Pass   1 of reordering; objective is 3.418424e+08.
[INFO DPL-0305] End of reordering; objective is 3.418424e+08, improvement is 0.06 percent.
[INFO DPL-0303] Running algorithm for random improvement.
[INFO DPL-0324] Random improver is using random generator.
[INFO DPL-0325] Random improver is using hpwl objective.
[INFO DPL-0326] Random improver cost string is (a).
[INFO DPL-0332] End of pass, Generator random called 178800 times.
[INFO DPL-0335] Generator random, Cumulative attempts 178800, swaps 19410, moves 59901 since last reset.
[INFO DPL-0333] End of pass, Objective hpwl, Initial cost 3.393431e+08, Scratch cost 3.356005e+08, Incremental cost 3.356005e+08, Mismatch? N
[INFO DPL-0338] End of pass, Total cost is 3.356005e+08.
[INFO DPL-0327] Pass   1 of random improver; improvement in cost is 1.10 percent.
[INFO DPL-0332] End of pass, Generator random called 178800 times.
[INFO DPL-0335] Generator random, Cumulative attempts 357600, swaps 38458, moves 118759 since last reset.
[INFO DPL-0333] End of pass, Objective hpwl, Initial cost 3.356005e+08, Scratch cost 3.343251e+08, Incremental cost 3.343251e+08, Mismatch? N
[INFO DPL-0338] End of pass, Total cost is 3.343251e+08.
[INFO DPL-0327] Pass   2 of random improver; improvement in cost is 0.38 percent.
[INFO DPL-0328] End of random improver; improvement is 1.478749 percent.
[INFO DPL-0380] Cell flipping.
[INFO DPL-0382] Changed 0 cell orientations for row compatibility.
[INFO DPL-0383] Performed 3099 cell flips.
[INFO DPL-0384] End of flipping; objective is 3.299380e+08, improvement is 2.05 percent.
[INFO DPL-0313] Found 0 cells in wrong regions.
[INFO DPL-0315] Found 0 row alignment problems.
[INFO DPL-0314] Found 0 site alignment problems.
[INFO DPL-0311] Found 0 overlaps between adjacent cells.
[INFO DPL-0312] Found 0 edge spacing violations and 0 padding violations.
Detailed Improvement Results
------------------------------------------
Original HPWL           349602.1 u (  176951.1,   172651.0)
Final HPWL              330044.9 u (  168921.6,   161123.4)
Delta HPWL                  -5.6 % (      -4.5,       -6.7)

optimize_mirroring
[INFO DPL-0020] Mirrored 531 instances
[INFO DPL-0021] HPWL before          330044.9 u
[INFO DPL-0022] HPWL after           329778.9 u
[INFO DPL-0023] HPWL delta               -0.1 %
[INFO FLW-0012] Placement violations .
estimate_parasitics -placement
Report metrics stage 3, detailed place...

==========================================================================
detailed place report_design_area
--------------------------------------------------------------------------
Design area 94763 um^2 16% utilization.
write_db ./results/sky130hd/d_nw01_nolat/base/3_5_place_dp.odb
write_sdc -no_timestamp ./results/sky130hd/d_nw01_nolat/base/3_place.sdc
Elapsed time: 0:04.22[h:]min:sec. CPU time: user 4.84 sys 0.46 (125%). Peak memory: 242408KB.
Log                       Ext     Elapsed/s Peak Memory/MB sha1sum result [0:20)
3_5_place_dp              .odb            4            236 8eebf7fb478c27fca7c9
cp ./results/sky130hd/d_nw01_nolat/base/3_5_place_dp.odb ./results/sky130hd/d_nw01_nolat/base/3_place.odb
/OpenROAD-flow-scripts/flow/scripts/flow.sh 4_1_cts cts
Running cts.tcl, stage 4_1_cts
read_liberty /OpenROAD-flow-scripts/flow/platforms/sky130hd/lib/sky130_fd_sc_hd__tt_025C_1v80.lib
read_db ./results/sky130hd/d_nw01_nolat/base/3_place.odb
read_sdc ./results/sky130hd/d_nw01_nolat/base/3_place.sdc
source /OpenROAD-flow-scripts/flow/platforms/sky130hd/setRC.tcl
clock_tree_synthesis -sink_clustering_enable -repair_clock_nets
[INFO CTS-0050] Root buffer is sky130_fd_sc_hd__clkbuf_16.
[INFO CTS-0051] Sink buffer is sky130_fd_sc_hd__clkbuf_16.
[INFO CTS-0052] The following clock buffers will be used for CTS:
                    sky130_fd_sc_hd__clkbuf_16
[INFO CTS-0049] Characterization buffer is sky130_fd_sc_hd__clkbuf_16.
[INFO CTS-0007] Net "clk" found for clock "core_clock".
[INFO CTS-0010]  Clock net "clk" has 674 sinks.
[INFO CTS-0008] TritonCTS found 1 clock nets.
[INFO CTS-0097] Characterization used 1 buffer(s) types.
[INFO CTS-0201] 0 blockages from hard placement blockages and placed macros will be used.
[INFO CTS-0027] Generating H-Tree topology for net clk.
[INFO CTS-0028]  Total number of sinks: 674.
[INFO CTS-0090]  Sinks will be clustered based on buffer max cap.
[INFO CTS-0030]  Number of static layers: 0.
[INFO CTS-0020]  Wire segment unit: 13600  dbu (13 um).
[INFO CTS-0206] Best clustering solution was found from max clustering size of 13 and max clustering diameter of 225.
[INFO CTS-0019]  Total number of sinks after clustering: 75.
[INFO CTS-0024]  Normalized sink region: [(3.41096, 3.54514), (46.1363, 52.8761)].
[INFO CTS-0025]     Width:  42.7254.
[INFO CTS-0026]     Height: 49.3310.
 Level 1
    Direction: Vertical
    Sinks per sub-region: 38
    Sub-region size: 42.7254 X 24.6655
[INFO CTS-0034]     Segment length (rounded): 12.
 Level 2
    Direction: Horizontal
    Sinks per sub-region: 19
    Sub-region size: 21.3627 X 24.6655
[INFO CTS-0034]     Segment length (rounded): 10.
 Level 3
    Direction: Vertical
    Sinks per sub-region: 10
    Sub-region size: 21.3627 X 12.3327
[INFO CTS-0034]     Segment length (rounded): 6.
[INFO CTS-0038]  Stop criterion found. Sink region hpwl is smaller than max wirelength (1911.535 um) and max number of sinks is 15.
[INFO CTS-0035]  Number of sinks covered: 75.
[INFO CTS-0018]     Created 88 clock buffers.
[INFO CTS-0012]     Minimum number of buffers in the clock path: 4.
[INFO CTS-0013]     Maximum number of buffers in the clock path: 4.
[INFO CTS-0015]     Created 88 clock nets.
[INFO CTS-0016]     Fanout distribution for the current clock = 2:1, 5:1, 6:7, 7:5, 8:17, 9:17, 10:20, 11:8, 12:4, 13:2, 14:1..
[INFO CTS-0017]     Max level of the clock tree: 3.
[INFO CTS-0098] Clock net "clk"
[INFO CTS-0099]  Sinks 740
[INFO CTS-0100]  Leaf buffers 75
[INFO CTS-0101]  Average sink wire length 1100.53 um
[INFO CTS-0102]  Path depth 3 - 4
[INFO CTS-0207]  Dummy loads inserted 66
[INFO CTS-0500] Runtime: 0.86s
estimate_parasitics -placement
detailed_placement
[INFO DPL-0006] Core area: 589592.97 um^2
[INFO DPL-0007] Movable instances area: 88035.68 um^2
[INFO DPL-0008] Fixed instances area within core: 9771.87 um^2
[INFO DPL-0009] Utilization: 16.6%
[INFO DPL-0005] Diamond search max displacement: +/- 500 sites horizontally, +/- 100 rows vertically.
[INFO DPL-1102] Legalizing using negotiation legalizer.
[INFO DPL-1103] Negotiation base search window: +/-20 sites horizontally, +/-5 rows vertically 
	Automatic search window extension enabled.
	Search window extendable up to the max displacement cap of +/-500 sites, +/-100 rows near walls.
[INFO DPL-1104] NegotiationLegalizer DRC penalty: 5.
[INFO DPL-0392] Negotiation cell height distribution (1 unique row-count(s)):
[INFO DPL-0393]   height 1 row(s): 16904 cells
          |      Total |  Illegal |  Illegal
Iteration | Violations |    Cells |    Sites
---------------------------------------------
        0 |         20 |         2 |        18
        1 |          0 |         0 |         0
Negotiation phase 1 converged at iteration 1.
[INFO DPL-0500] Runtime: 0.07s
Placement Analysis
---------------------------------
total displacement      11521.6 u
average displacement        0.7 u
max displacement           19.2 u
original HPWL          337402.8 u
legalized HPWL         345155.0 u
delta HPWL                    2 %

estimate_parasitics -placement
repair_timing -setup_margin 0 -hold_margin 0 -repair_tns 100 -match_cell_footprint -verbose
[INFO RSZ-0100] Repair move sequence: UnbufferMove SizeUpMove SwapPinsMove BufferMove CloneMove SplitLoadMove 
[INFO RSZ-0094] Found 727 endpoints with setup violations.
[INFO RSZ-0099] Repairing 727 out of 727 (100.00%) violating endpoints...
   Iter   | Removed | Resized | Inserted | Cloned |  Pin  |   Area   |    WNS   |   StTNS    |   EnTNS    |  Viol  |  Worst  
          | Buffers |  Gates  | Buffers  |  Gates | Swaps |          |          |            |            | Endpts | St/EnPt 
------------------------------------------------------------------------------------------------------------------------------
       0* |       0 |       0 |        0 |      0 |     0 |    +0.0% |   -2.516 |     -485.1 |     -938.8 |    727 | mst_resp[82]
      10* |       0 |       7 |        1 |      0 |     1 |    +0.0% |   -2.000 |     -409.5 |     -774.5 |    727 | slv_req[63]
      20* |       0 |      16 |        1 |      0 |     2 |    +0.1% |   -1.814 |     -383.7 |     -679.9 |    727 | slv_req[241]
      30* |       0 |      24 |        1 |      0 |     4 |    +0.1% |   -1.752 |     -380.1 |     -645.2 |    727 | slv_req[147]
      40* |       0 |      31 |        3 |      0 |     6 |    +0.1% |   -1.809 |     -378.2 |     -640.1 |    727 | mst_resp[83]
      50* |       0 |      40 |        4 |      0 |     6 |    +0.2% |   -1.681 |     -368.7 |     -619.4 |    727 | mst_resp[166]
      60* |       0 |      46 |        4 |      1 |     9 |    +0.2% |   -1.637 |     -362.3 |     -609.1 |    727 | slv_req[38]
      70* |       0 |      54 |        4 |      1 |    11 |    +0.2% |   -1.600 |     -351.4 |     -579.3 |    727 | mst_resp[83]
      80* |       0 |      60 |        6 |      1 |    13 |    +0.3% |   -1.597 |     -352.9 |     -576.6 |    727 | mst_resp[166]
      90* |       0 |      68 |        7 |      1 |    14 |    +0.3% |   -1.528 |     -342.1 |     -550.0 |    727 | slv_req[174]
     100* |       0 |      77 |        7 |      1 |    15 |    +0.4% |   -1.539 |     -340.1 |     -546.8 |    727 | slv_req[412]
     110* |       0 |      83 |        8 |      2 |    17 |    +0.5% |   -1.537 |     -341.1 |     -542.9 |    727 | slv_req[370]
     120* |       0 |      92 |        8 |      2 |    18 |    +0.5% |   -1.491 |     -335.6 |     -520.4 |    727 | slv_req[370]
     130* |       0 |     101 |        9 |      2 |    18 |    +0.5% |   -1.458 |     -325.9 |     -505.2 |    727 | slv_req[199]
     140* |       0 |     110 |        9 |      2 |    19 |    +0.6% |   -1.439 |     -325.4 |     -490.5 |    727 | slv_req[194]
     150* |       0 |     118 |       10 |      2 |    20 |    +0.6% |   -1.409 |     -321.0 |     -483.8 |    727 | slv_req[199]
     160* |       0 |     126 |       11 |      2 |    21 |    +0.6% |   -1.391 |     -317.2 |     -487.8 |    727 | slv_req[199]
     170* |       0 |     133 |       11 |      2 |    24 |    +0.6% |   -1.365 |     -312.8 |     -469.1 |    727 | slv_req[199]
     180* |       1 |     138 |       14 |      3 |    24 |    +0.7% |   -1.386 |     -314.2 |     -463.1 |    727 | slv_req[266]
     190* |       1 |     145 |       17 |      3 |    25 |    +0.8% |   -1.340 |     -312.5 |     -458.4 |    727 | slv_req[199]
     200* |       2 |     152 |       18 |      3 |    26 |    +0.8% |   -1.391 |     -311.8 |     -467.0 |    727 | slv_req[370]
     210* |       2 |     158 |       20 |      3 |    28 |    +0.9% |   -1.325 |     -310.5 |     -454.1 |    727 | slv_req[31]
     220* |       2 |     166 |       22 |      4 |    28 |    +0.9% |   -1.362 |     -310.7 |     -454.3 |    727 | slv_req[202]
     230* |       2 |     171 |       23 |      5 |    31 |    +1.0% |   -1.408 |     -313.8 |     -448.4 |    727 | slv_req[199]
     240* |       2 |     179 |       24 |      5 |    32 |    +1.0% |   -1.318 |     -304.4 |     -447.0 |    727 | slv_req[198]
     250* |       2 |     185 |       25 |      7 |    33 |    +1.1% |   -1.352 |     -309.5 |     -448.5 |    727 | slv_req[194]
     260* |       2 |     192 |       27 |      7 |    34 |    +1.2% |   -1.336 |     -305.9 |     -447.5 |    727 | slv_req[194]
     270* |       3 |     198 |       27 |      7 |    37 |    +1.2% |   -1.305 |     -303.7 |     -439.2 |    727 | slv_req[198]
     280* |       3 |     206 |       27 |      7 |    39 |    +1.2% |   -1.306 |     -303.9 |     -439.1 |    727 | slv_req[172]
     290* |       3 |     213 |       28 |      7 |    41 |    +1.2% |   -1.311 |     -302.2 |     -436.8 |    727 | slv_req[175]
     300* |       3 |     220 |       30 |      7 |    42 |    +1.2% |   -1.276 |     -299.2 |     -431.0 |    727 | slv_req[199]
     310* |       3 |     226 |       31 |      8 |    44 |    +1.3% |   -1.314 |     -305.3 |     -432.3 |    727 | slv_req[266]
     320* |       5 |     231 |       32 |      8 |    46 |    +1.3% |   -1.364 |     -306.2 |     -439.6 |    727 | slv_req[266]
     330* |       5 |     237 |       33 |      8 |    49 |    +1.3% |   -1.294 |     -301.4 |     -426.1 |    727 | slv_req[266]
     340* |       5 |     244 |       33 |      8 |    52 |    +1.4% |   -1.267 |     -299.2 |     -420.8 |    727 | slv_req[175]
     350* |       5 |     251 |       34 |      8 |    54 |    +1.4% |   -1.268 |     -297.2 |     -419.4 |    727 | slv_req[199]
     360* |       5 |     259 |       34 |      8 |    56 |    +1.4% |   -1.256 |     -296.4 |     -417.9 |    727 | slv_req[370]
     370* |       5 |     265 |       36 |      8 |    58 |    +1.5% |   -1.238 |     -294.8 |     -414.5 |    727 | slv_req[199]
     380* |       5 |     273 |       36 |      8 |    60 |    +1.5% |   -1.224 |     -292.3 |     -405.7 |    727 | slv_req[38]
     390* |       6 |     277 |       36 |      8 |    65 |    +1.5% |   -1.219 |     -290.4 |     -403.4 |    727 | slv_req[175]
